Archive member included to satisfy reference by file (symbol)

d:/progra~2/gnuarm~1/102021~1.10/bin/../lib/gcc/arm-none-eabi/10.3.1/../../../../arm-none-eabi/lib/thumb/v7-m/nofp\libm.a(lib_a-w_fmod.o)
                              CMakeFiles/FOC.elf.dir/Drivers/FOC/Function.c.obj (fmod)
d:/progra~2/gnuarm~1/102021~1.10/bin/../lib/gcc/arm-none-eabi/10.3.1/../../../../arm-none-eabi/lib/thumb/v7-m/nofp\libm.a(lib_a-e_fmod.o)
                              d:/progra~2/gnuarm~1/102021~1.10/bin/../lib/gcc/arm-none-eabi/10.3.1/../../../../arm-none-eabi/lib/thumb/v7-m/nofp\libm.a(lib_a-w_fmod.o) (__ieee754_fmod)
d:/progra~2/gnuarm~1/102021~1.10/bin/../lib/gcc/arm-none-eabi/10.3.1/thumb/v7-m/nofp\libgcc.a(_arm_muldf3.o)
                              CMakeFiles/FOC.elf.dir/Drivers/FOC/DTek_TLE5012B.c.obj (__aeabi_dmul)
d:/progra~2/gnuarm~1/102021~1.10/bin/../lib/gcc/arm-none-eabi/10.3.1/thumb/v7-m/nofp\libgcc.a(_arm_mulsf3.o)
                              CMakeFiles/FOC.elf.dir/Core/Src/utilities.c.obj (__aeabi_fmul)
d:/progra~2/gnuarm~1/102021~1.10/bin/../lib/gcc/arm-none-eabi/10.3.1/thumb/v7-m/nofp\libgcc.a(_arm_addsubdf3.o)
                              CMakeFiles/FOC.elf.dir/Drivers/FOC/DTek_TLE5012B.c.obj (__aeabi_ui2d)
d:/progra~2/gnuarm~1/102021~1.10/bin/../lib/gcc/arm-none-eabi/10.3.1/thumb/v7-m/nofp\libgcc.a(_arm_muldivdf3.o)
                              CMakeFiles/FOC.elf.dir/Drivers/FOC/DTek_TLE5012B.c.obj (__aeabi_ddiv)
d:/progra~2/gnuarm~1/102021~1.10/bin/../lib/gcc/arm-none-eabi/10.3.1/thumb/v7-m/nofp\libgcc.a(_arm_cmpdf2.o)
                              d:/progra~2/gnuarm~1/102021~1.10/bin/../lib/gcc/arm-none-eabi/10.3.1/../../../../arm-none-eabi/lib/thumb/v7-m/nofp\libm.a(lib_a-w_fmod.o) (__aeabi_dcmpeq)
d:/progra~2/gnuarm~1/102021~1.10/bin/../lib/gcc/arm-none-eabi/10.3.1/thumb/v7-m/nofp\libgcc.a(_arm_unorddf2.o)
                              d:/progra~2/gnuarm~1/102021~1.10/bin/../lib/gcc/arm-none-eabi/10.3.1/../../../../arm-none-eabi/lib/thumb/v7-m/nofp\libm.a(lib_a-w_fmod.o) (__aeabi_dcmpun)
d:/progra~2/gnuarm~1/102021~1.10/bin/../lib/gcc/arm-none-eabi/10.3.1/thumb/v7-m/nofp\libgcc.a(_arm_truncdfsf2.o)
                              CMakeFiles/FOC.elf.dir/Drivers/FOC/DTek_TLE5012B.c.obj (__aeabi_d2f)
d:/progra~2/gnuarm~1/102021~1.10/bin/../lib/gcc/arm-none-eabi/10.3.1/thumb/v7-m/nofp\libgcc.a(_arm_addsubsf3.o)
                              CMakeFiles/FOC.elf.dir/Core/Src/utilities.c.obj (__aeabi_fsub)
d:/progra~2/gnuarm~1/102021~1.10/bin/../lib/gcc/arm-none-eabi/10.3.1/thumb/v7-m/nofp\libgcc.a(_arm_muldivsf3.o)
                              CMakeFiles/FOC.elf.dir/Core/Src/utilities.c.obj (__aeabi_fdiv)
d:/progra~2/gnuarm~1/102021~1.10/bin/../lib/gcc/arm-none-eabi/10.3.1/thumb/v7-m/nofp\libgcc.a(_arm_cmpsf2.o)
                              CMakeFiles/FOC.elf.dir/Drivers/FOC/FOC.cpp.obj (__aeabi_fcmplt)
d:/progra~2/gnuarm~1/102021~1.10/bin/../lib/gcc/arm-none-eabi/10.3.1/thumb/v7-m/nofp\libgcc.a(_arm_fixsfsi.o)
                              CMakeFiles/FOC.elf.dir/Drivers/FOC/Function.c.obj (__aeabi_f2iz)
d:/progra~2/gnuarm~1/102021~1.10/bin/../lib/gcc/arm-none-eabi/10.3.1/thumb/v7-m/nofp\libgcc.a(_arm_fixunssfsi.o)
                              CMakeFiles/FOC.elf.dir/Drivers/FOC/FOC.cpp.obj (__aeabi_f2uiz)
d:/progra~2/gnuarm~1/102021~1.10/bin/../lib/gcc/arm-none-eabi/10.3.1/thumb/v7-m/nofp\libgcc.a(unwind-arm.o)
                              CMakeFiles/FOC.elf.dir/Drivers/FOC/FOC.cpp.obj (__aeabi_unwind_cpp_pr0)
d:/progra~2/gnuarm~1/102021~1.10/bin/../lib/gcc/arm-none-eabi/10.3.1/thumb/v7-m/nofp\libgcc.a(libunwind.o)
                              d:/progra~2/gnuarm~1/102021~1.10/bin/../lib/gcc/arm-none-eabi/10.3.1/thumb/v7-m/nofp\libgcc.a(unwind-arm.o) (restore_core_regs)
d:/progra~2/gnuarm~1/102021~1.10/bin/../lib/gcc/arm-none-eabi/10.3.1/thumb/v7-m/nofp\libgcc.a(pr-support.o)
                              d:/progra~2/gnuarm~1/102021~1.10/bin/../lib/gcc/arm-none-eabi/10.3.1/thumb/v7-m/nofp\libgcc.a(unwind-arm.o) (__gnu_unwind_execute)
d:/progra~2/gnuarm~1/102021~1.10/bin/../lib/gcc/arm-none-eabi/10.3.1/../../../../arm-none-eabi/lib/thumb/v7-m/nofp\libg.a(lib_a-abort.o)
                              d:/progra~2/gnuarm~1/102021~1.10/bin/../lib/gcc/arm-none-eabi/10.3.1/thumb/v7-m/nofp\libgcc.a(unwind-arm.o) (abort)
d:/progra~2/gnuarm~1/102021~1.10/bin/../lib/gcc/arm-none-eabi/10.3.1/../../../../arm-none-eabi/lib/thumb/v7-m/nofp\libg.a(lib_a-errno.o)
                              CMakeFiles/FOC.elf.dir/Core/Src/syscalls.c.obj (__errno)
d:/progra~2/gnuarm~1/102021~1.10/bin/../lib/gcc/arm-none-eabi/10.3.1/../../../../arm-none-eabi/lib/thumb/v7-m/nofp\libg.a(lib_a-exit.o)
                              d:/progra~2/gnuarm~1/102021~1.10/bin/../lib/gcc/arm-none-eabi/10.3.1/../../../../arm-none-eabi/lib/thumb/v7-m/nofp/crt0.o (exit)
d:/progra~2/gnuarm~1/102021~1.10/bin/../lib/gcc/arm-none-eabi/10.3.1/../../../../arm-none-eabi/lib/thumb/v7-m/nofp\libg.a(lib_a-impure.o)
[...]
Memory Configuration

Name             Origin             Length             Attributes
RAM              0x20000000         0x00005000         xrw
FLASH            0x08000000         0x00010000         xr
*default*        0x00000000         0xffffffff

Linker script and memory map

LOAD d:/progra~2/gnuarm~1/102021~1.10/bin/../lib/gcc/arm-none-eabi/10.3.1/thumb/v7-m/nofp/crti.o
LOAD d:/progra~2/gnuarm~1/102021~1.10/bin/../lib/gcc/arm-none-eabi/10.3.1/thumb/v7-m/nofp/crtbegin.o
LOAD d:/progra~2/gnuarm~1/102021~1.10/bin/../lib/gcc/arm-none-eabi/10.3.1/../../../../arm-none-eabi/lib/thumb/v7-m/nofp/crt0.o
LOAD CMakeFiles/FOC.elf.dir/Core/Src/adc.c.obj
LOAD CMakeFiles/FOC.elf.dir/Core/Src/can.c.obj
LOAD CMakeFiles/FOC.elf.dir/Core/Src/dma.c.obj
LOAD CMakeFiles/FOC.elf.dir/Core/Src/gpio.c.obj
LOAD CMakeFiles/FOC.elf.dir/Core/Src/main.c.obj
LOAD CMakeFiles/FOC.elf.dir/Core/Src/spi.c.obj
LOAD CMakeFiles/FOC.elf.dir/Core/Src/stm32f1xx_hal_msp.c.obj
LOAD CMakeFiles/FOC.elf.dir/Core/Src/stm32f1xx_it.c.obj
LOAD CMakeFiles/FOC.elf.dir/Core/Src/syscalls.c.obj
LOAD CMakeFiles/FOC.elf.dir/Core/Src/sysmem.c.obj
LOAD CMakeFiles/FOC.elf.dir/Core/Src/system_stm32f1xx.c.obj
LOAD CMakeFiles/FOC.elf.dir/Core/Src/tim.c.obj
LOAD CMakeFiles/FOC.elf.dir/Core/Src/usart.c.obj
LOAD CMakeFiles/FOC.elf.dir/Core/Src/utilities.c.obj
LOAD CMakeFiles/FOC.elf.dir/Core/Startup/startup_stm32f103c8tx.s.obj
LOAD CMakeFiles/FOC.elf.dir/Drivers/FOC/DTek_TLE5012B.c.obj
LOAD CMakeFiles/FOC.elf.dir/Drivers/FOC/FOC.cpp.obj
LOAD CMakeFiles/FOC.elf.dir/Drivers/FOC/Function.c.obj
LOAD CMakeFiles/FOC.elf.dir/Drivers/FOC/MainThread.cpp.obj
LOAD CMakeFiles/FOC.elf.dir/Drivers/FOC/Time_utils.c.obj
LOAD CMakeFiles/FOC.elf.dir/Drivers/STM32F1xx_HAL_Driver/Src/stm32f1xx_hal.c.obj
LOAD CMakeFiles/FOC.elf.dir/Drivers/STM32F1xx_HAL_Driver/Src/stm32f1xx_hal_adc.c.obj
LOAD CMakeFiles/FOC.elf.dir/Drivers/STM32F1xx_HAL_Driver/Src/stm32f1xx_hal_adc_ex.c.obj
LOAD CMakeFiles/FOC.elf.dir/Drivers/STM32F1xx_HAL_Driver/Src/stm32f1xx_hal_can.c.obj
LOAD CMakeFiles/FOC.elf.dir/Drivers/STM32F1xx_HAL_Driver/Src/stm32f1xx_hal_cortex.c.obj
LOAD CMakeFiles/FOC.elf.dir/Drivers/STM32F1xx_HAL_Driver/Src/stm32f1xx_hal_dma.c.obj
LOAD CMakeFiles/FOC.elf.dir/Drivers/STM32F1xx_HAL_Driver/Src/stm32f1xx_hal_exti.c.obj
LOAD CMakeFiles/FOC.elf.dir/Drivers/STM32F1xx_HAL_Driver/Src/stm32f1xx_hal_flash.c.obj
LOAD CMakeFiles/FOC.elf.dir/Drivers/STM32F1xx_HAL_Driver/Src/stm32f1xx_hal_flash_ex.c.obj
LOAD CMakeFiles/FOC.elf.dir/Drivers/STM32F1xx_HAL_Driver/Src/stm32f1xx_hal_gpio.c.obj
LOAD CMakeFiles/FOC.elf.dir/Drivers/STM32F1xx_HAL_Driver/Src/stm32f1xx_hal_gpio_ex.c.obj
LOAD CMakeFiles/FOC.elf.dir/Drivers/STM32F1xx_HAL_Driver/Src/stm32f1xx_hal_pwr.c.obj
LOAD CMakeFiles/FOC.elf.dir/Drivers/STM32F1xx_HAL_Driver/Src/stm32f1xx_hal_rcc.c.obj
LOAD CMakeFiles/FOC.elf.dir/Drivers/STM32F1xx_HAL_Driver/Src/stm32f1xx_hal_rcc_ex.c.obj
LOAD CMakeFiles/FOC.elf.dir/Drivers/STM32F1xx_HAL_Driver/Src/stm32f1xx_hal_spi.c.obj
LOAD CMakeFiles/FOC.elf.dir/Drivers/STM32F1xx_HAL_Driver/Src/stm32f1xx_hal_tim.c.obj
LOAD CMakeFiles/FOC.elf.dir/Drivers/STM32F1xx_HAL_Driver/Src/stm32f1xx_hal_tim_ex.c.obj
LOAD CMakeFiles/FOC.elf.dir/Drivers/STM32F1xx_HAL_Driver/Src/stm32f1xx_hal_uart.c.obj
LOAD d:/progra~2/gnuarm~1/102021~1.10/bin/../lib/gcc/arm-none-eabi/10.3.1/../../../../arm-none-eabi/lib/thumb/v7-m/nofp\libstdc++.a
LOAD d:/progra~2/gnuarm~1/102021~1.10/bin/../lib/gcc/arm-none-eabi/10.3.1/../../../../arm-none-eabi/lib/thumb/v7-m/nofp\libm.a
START GROUP
LOAD d:/progra~2/gnuarm~1/102021~1.10/bin/../lib/gcc/arm-none-eabi/10.3.1/thumb/v7-m/nofp\libgcc.a
LOAD d:/progra~2/gnuarm~1/102021~1.10/bin/../lib/gcc/arm-none-eabi/10.3.1/../../../../arm-none-eabi/lib/thumb/v7-m/nofp\libg.a
LOAD d:/progra~2/gnuarm~1/102021~1.10/bin/../lib/gcc/arm-none-eabi/10.3.1/../../../../arm-none-eabi/lib/thumb/v7-m/nofp\libc.a
END GROUP
LOAD d:/progra~2/gnuarm~1/102021~1.10/bin/../lib/gcc/arm-none-eabi/10.3.1/thumb/v7-m/nofp/crtend.o
LOAD d:/progra~2/gnuarm~1/102021~1.10/bin/../lib/gcc/arm-none-eabi/10.3.1/thumb/v7-m/nofp/crtn.o
                0x20005000                _estack = (ORIGIN (RAM) + LENGTH (RAM))
                0x00000200                _Min_Heap_Size = 0x200
                0x00000400                _Min_Stack_Size = 0x400

.isr_vector     0x08000000      0x10c
                0x08000000                . = ALIGN (0x4)
 *(.isr_vector)
 .isr_vector    0x08000000      0x10c CMakeFiles/FOC.elf.dir/Core/Startup/startup_stm32f103c8tx.s.obj
                0x08000000                g_pfnVectors
                0x0800010c                . = ALIGN (0x4)

.text           0x08000110     0xc6b4
                0x08000110                . = ALIGN (0x4)
 *(.text)
 .text          0x08000110       0x40 d:/progra~2/gnuarm~1/102021~1.10/bin/../lib/gcc/arm-none-eabi/10.3.1/thumb/v7-m/nofp/crtbegin.o
 .text          0x08000150      0x378 d:/progra~2/gnuarm~1/102021~1.10/bin/../lib/gcc/arm-none-eabi/10.3.1/thumb/v7-m/nofp\libgcc.a(_arm_addsubdf3.o)
                0x08000150                __aeabi_drsub
                0x08000158                __aeabi_dsub
                0x08000158                __subdf3
                0x0800015c                __aeabi_dadd
                0x0800015c                __adddf3
                0x080003d4                __floatunsidf
                0x080003d4                __aeabi_ui2d
                0x080003f4                __floatsidf
                0x080003f4                __aeabi_i2d
                0x08000418                __aeabi_f2d
                0x08000418                __extendsfdf2
                0x0800045c                __floatundidf
                0x0800045c                __aeabi_ul2d
                0x0800046c                __floatdidf
                0x0800046c                __aeabi_l2d
 .text          0x080004c8      0x424 d:/progra~2/gnuarm~1/102021~1.10/bin/../lib/gcc/arm-none-eabi/10.3.1/thumb/v7-m/nofp\libgcc.a(_arm_muldivdf3.o)
                0x080004c8                __aeabi_dmul
                0x080004c8                __muldf3
                0x0800071c                __divdf3
                0x0800071c                __aeabi_ddiv
 .text          0x080008ec      0x110 d:/progra~2/gnuarm~1/102021~1.10/bin/../lib/gcc/arm-none-eabi/10.3.1/thumb/v7-m/nofp\libgcc.a(_arm_cmpdf2.o)
                0x080008ec                __gtdf2
                0x080008ec                __gedf2
                0x080008f4                __ltdf2
                0x080008f4                __ledf2
                0x080008fc                __nedf2
                0x080008fc                __eqdf2
                0x080008fc                __cmpdf2
                0x08000978                __aeabi_cdrcmple
                0x08000988                __aeabi_cdcmpeq
                0x08000988                __aeabi_cdcmple
                0x08000998                __aeabi_dcmpeq
                0x080009ac                __aeabi_dcmplt
                0x080009c0                __aeabi_dcmple
                0x080009d4                __aeabi_dcmpge
                0x080009e8                __aeabi_dcmpgt
 .text          0x080009fc       0x2c d:/progra~2/gnuarm~1/102021~1.10/bin/../lib/gcc/arm-none-eabi/10.3.1/thumb/v7-m/nofp\libgcc.a(_arm_unorddf2.o)
                0x080009fc                __unorddf2
                0x080009fc                __aeabi_dcmpun
 .text          0x08000a28       0xa0 d:/progra~2/gnuarm~1/102021~1.10/bin/../lib/gcc/arm-none-eabi/10.3.1/thumb/v7-m/nofp\libgcc.a(_arm_truncdfsf2.o)
                0x08000a28                __truncdfsf2
                0x08000a28                __aeabi_d2f
 .text          0x08000ac8      0x21c d:/progra~2/gnuarm~1/102021~1.10/bin/../lib/gcc/arm-none-eabi/10.3.1/thumb/v7-m/nofp\libgcc.a(_arm_addsubsf3.o)
                0x08000ac8                __aeabi_frsub
                0x08000ad0                __subsf3
                0x08000ad0                __aeabi_fsub
                0x08000ad4                __aeabi_fadd
                0x08000ad4                __addsf3
                0x08000c34                __aeabi_ui2f
                0x08000c34                __floatunsisf
                0x08000c3c                __aeabi_i2f
                0x08000c3c                __floatsisf
                0x08000c58                __aeabi_ul2f
                0x08000c58                __floatundisf
                0x08000c68                __aeabi_l2f
                0x08000c68                __floatdisf
 .text          0x08000ce4      0x2a0 d:/progra~2/gnuarm~1/102021~1.10/bin/../lib/gcc/arm-none-eabi/10.3.1/thumb/v7-m/nofp\libgcc.a(_arm_muldivsf3.o)
                0x08000ce4                __mulsf3
                0x08000ce4                __aeabi_fmul
                0x08000e4c                __aeabi_fdiv
                0x08000e4c                __divsf3
 .text          0x08000f84       0xec d:/progra~2/gnuarm~1/102021~1.10/bin/../lib/gcc/arm-none-eabi/10.3.1/thumb/v7-m/nofp\libgcc.a(_arm_cmpsf2.o)
                0x08000f84                __gesf2
                0x08000f84                __gtsf2
                0x08000f8c                __lesf2
                0x08000f8c                __ltsf2
                0x08000f94                __nesf2
                0x08000f94                __eqsf2
                0x08000f94                __cmpsf2
                0x08000ff4                __aeabi_cfrcmple
                0x08000ffc                __aeabi_cfcmpeq
                0x08000ffc                __aeabi_cfcmple
                0x0800100c                __aeabi_fcmpeq
                0x08001020                __aeabi_fcmplt
                0x08001034                __aeabi_fcmple
                0x08001048                __aeabi_fcmpge
                0x0800105c                __aeabi_fcmpgt
 .text          0x08001070       0x4c d:/progra~2/gnuarm~1/102021~1.10/bin/../lib/gcc/arm-none-eabi/10.3.1/thumb/v7-m/nofp\libgcc.a(_arm_fixsfsi.o)
                0x08001070                __aeabi_f2iz
                0x08001070                __fixsfsi
 .text          0x080010bc       0x40 d:/progra~2/gnuarm~1/102021~1.10/bin/../lib/gcc/arm-none-eabi/10.3.1/thumb/v7-m/nofp\libgcc.a(_arm_fixunssfsi.o)
                0x080010bc                __fixunssfsi
                0x080010bc                __aeabi_f2uiz
 .text          0x080010fc      0x9e4 d:/progra~2/gnuarm~1/102021~1.10/bin/../lib/gcc/arm-none-eabi/10.3.1/thumb/v7-m/nofp\libgcc.a(unwind-arm.o)
                0x080013bc                _Unwind_GetCFA
                0x080013c0                __gnu_Unwind_RaiseException
                0x08001428                __gnu_Unwind_ForcedUnwind
                0x0800143c                __gnu_Unwind_Resume
                0x08001480                __gnu_Unwind_Resume_or_Rethrow
                0x08001494                _Unwind_Complete
                0x08001498                _Unwind_DeleteException
                0x080014a4                _Unwind_VRS_Get
                0x080014f0                _Unwind_VRS_Set
                0x08001538                __gnu_Unwind_Backtrace
                0x08001860                __aeabi_unwind_cpp_pr0
                0x08001864                __aeabi_unwind_cpp_pr1
                0x08001868                __aeabi_unwind_cpp_pr2
                0x0800186c                _Unwind_VRS_Pop
 .text          0x08001ae0      0x1ac d:/progra~2/gnuarm~1/102021~1.10/bin/../lib/gcc/arm-none-eabi/10.3.1/thumb/v7-m/nofp\libgcc.a(libunwind.o)
                0x08001ae0                __restore_core_regs
                0x08001ae0                restore_core_regs
                0x08001af8                __gnu_Unwind_Restore_VFP
                0x08001b00                __gnu_Unwind_Save_VFP
                0x08001b08                __gnu_Unwind_Restore_VFP_D
                0x08001b10                __gnu_Unwind_Save_VFP_D
                0x08001b18                __gnu_Unwind_Restore_VFP_D_16_to_31
                0x08001b20                __gnu_Unwind_Save_VFP_D_16_to_31
                0x08001b28                __gnu_Unwind_Restore_WMMXD
                0x08001b6c                __gnu_Unwind_Save_WMMXD
                0x08001bb0                __gnu_Unwind_Restore_WMMXC
                0x08001bc4                __gnu_Unwind_Save_WMMXC
                0x08001bd8                ___Unwind_RaiseException
                0x08001bd8                _Unwind_RaiseException
                0x08001bfc                _Unwind_Resume
                0x08001bfc                ___Unwind_Resume
                0x08001c20                _Unwind_Resume_or_Rethrow
                0x08001c20                ___Unwind_Resume_or_Rethrow
                0x08001c44                _Unwind_ForcedUnwind
                0x08001c44                ___Unwind_ForcedUnwind
                0x08001c68                ___Unwind_Backtrace
                0x08001c68                _Unwind_Backtrace
 .text          0x08001c8c      0x38c d:/progra~2/gnuarm~1/102021~1.10/bin/../lib/gcc/arm-none-eabi/10.3.1/thumb/v7-m/nofp\libgcc.a(pr-support.o)
                0x08001ce4                __gnu_unwind_execute
                0x08001fc8                __gnu_unwind_frame
                0x08001ff8                _Unwind_GetRegionStart
                0x08002004                _Unwind_GetLanguageSpecificData
 .text          0x08002018       0xec d:/progra~2/gnuarm~1/102021~1.10/bin/../lib/gcc/arm-none-eabi/10.3.1/../../../../arm-none-eabi/lib/thumb/v7-m/nofp\libg.a(lib_a-memcpy.o)
                0x08002018                memcpy
 .text          0x08002104       0x50 d:/progra~2/gnuarm~1/102021~1.10/bin/../lib/gcc/arm-none-eabi/10.3.1/thumb/v7-m/nofp\libgcc.a(_arm_fixdfsi.o)
                0x08002104                __aeabi_d2iz
                0x08002104                __fixdfsi
 .text          0x08002154       0x30 d:/progra~2/gnuarm~1/102021~1.10/bin/../lib/gcc/arm-none-eabi/10.3.1/thumb/v7-m/nofp\libgcc.a(_aeabi_uldivmod.o)
                0x08002154                __aeabi_uldivmod
 .text          0x08002184      0x2d4 d:/progra~2/gnuarm~1/102021~1.10/bin/../lib/gcc/arm-none-eabi/10.3.1/thumb/v7-m/nofp\libgcc.a(_udivmoddi4.o)
                0x08002184                __udivmoddi4
 .text          0x08002458        0x4 d:/progra~2/gnuarm~1/102021~1.10/bin/../lib/gcc/arm-none-eabi/10.3.1/thumb/v7-m/nofp\libgcc.a(_dvmd_tls.o)
                0x08002458                __aeabi_idiv0
                0x08002458                __aeabi_ldiv0
 *(.text*)
 .text.MX_ADC1_Init
                0x0800245c       0xa8 CMakeFiles/FOC.elf.dir/Core/Src/adc.c.obj
                0x0800245c                MX_ADC1_Init
 .text.HAL_ADC_MspInit
                0x08002504       0x9c CMakeFiles/FOC.elf.dir/Core/Src/adc.c.obj
                0x08002504                HAL_ADC_MspInit
 .text.MX_CAN_Init
                0x080025a0       0x38 CMakeFiles/FOC.elf.dir/Core/Src/can.c.obj
                0x080025a0                MX_CAN_Init
 .text.HAL_CAN_MspInit
                0x080025d8       0x74 CMakeFiles/FOC.elf.dir/Core/Src/can.c.obj
                0x080025d8                HAL_CAN_MspInit
 .text.MX_DMA_Init
                0x0800264c       0x54 CMakeFiles/FOC.elf.dir/Core/Src/dma.c.obj
                0x0800264c                MX_DMA_Init
 .text.MX_GPIO_Init
                0x080026a0      0x114 CMakeFiles/FOC.elf.dir/Core/Src/gpio.c.obj
                0x080026a0                MX_GPIO_Init
 .text.Error_Handler
                0x080027b4        0x4 CMakeFiles/FOC.elf.dir/Core/Src/main.c.obj
                0x080027b4                Error_Handler
 .text.SystemClock_Config
                0x080027b8       0x84 CMakeFiles/FOC.elf.dir/Core/Src/main.c.obj
                0x080027b8                SystemClock_Config
 .text.main     0x0800283c       0x30 CMakeFiles/FOC.elf.dir/Core/Src/main.c.obj
                0x0800283c                main
 .text.MX_SPI1_Init
                0x0800286c       0x48 CMakeFiles/FOC.elf.dir/Core/Src/spi.c.obj
                0x0800286c                MX_SPI1_Init
 .text.HAL_SPI_MspInit
                0x080028b4       0x74 CMakeFiles/FOC.elf.dir/Core/Src/spi.c.obj
                0x080028b4                HAL_SPI_MspInit
 .text.HAL_MspInit
                0x08002928       0x44 CMakeFiles/FOC.elf.dir/Core/Src/stm32f1xx_hal_msp.c.obj
                0x08002928                HAL_MspInit
 .text.NMI_Handler
                0x0800296c        0x2 CMakeFiles/FOC.elf.dir/Core/Src/stm32f1xx_it.c.obj
                0x0800296c                NMI_Handler
 .text.HardFault_Handler
                0x0800296e        0x2 CMakeFiles/FOC.elf.dir/Core/Src/stm32f1xx_it.c.obj
                0x0800296e                HardFault_Handler
 .text.MemManage_Handler
                0x08002970        0x2 CMakeFiles/FOC.elf.dir/Core/Src/stm32f1xx_it.c.obj
                0x08002970                MemManage_Handler
 .text.BusFault_Handler
                0x08002972        0x2 CMakeFiles/FOC.elf.dir/Core/Src/stm32f1xx_it.c.obj
                0x08002972                BusFault_Handler
 .text.UsageFault_Handler
                0x08002974        0x2 CMakeFiles/FOC.elf.dir/Core/Src/stm32f1xx_it.c.obj
                0x08002974                UsageFault_Handler
 .text.SVC_Handler
                0x08002976        0x2 CMakeFiles/FOC.elf.dir/Core/Src/stm32f1xx_it.c.obj
                0x08002976                SVC_Handler
 .text.DebugMon_Handler
                0x08002978        0x2 CMakeFiles/FOC.elf.dir/Core/Src/stm32f1xx_it.c.obj
                0x08002978                DebugMon_Handler
 .text.PendSV_Handler
                0x0800297a        0x2 CMakeFiles/FOC.elf.dir/Core/Src/stm32f1xx_it.c.obj
                0x0800297a                PendSV_Handler
 .text.SysTick_Handler
                0x0800297c        0x8 CMakeFiles/FOC.elf.dir/Core/Src/stm32f1xx_it.c.obj
                0x0800297c                SysTick_Handler
 .text.DMA1_Channel1_IRQHandler
                0x08002984       0x10 CMakeFiles/FOC.elf.dir/Core/Src/stm32f1xx_it.c.obj
                0x08002984                DMA1_Channel1_IRQHandler
 .text.DMA1_Channel4_IRQHandler
                0x08002994       0x10 CMakeFiles/FOC.elf.dir/Core/Src/stm32f1xx_it.c.obj
                0x08002994                DMA1_Channel4_IRQHandler
 .text.DMA1_Channel5_IRQHandler
                0x080029a4       0x10 CMakeFiles/FOC.elf.dir/Core/Src/stm32f1xx_it.c.obj
                0x080029a4                DMA1_Channel5_IRQHandler
 .text._getpid  0x080029b4        0x4 CMakeFiles/FOC.elf.dir/Core/Src/syscalls.c.obj
                0x080029b4                _getpid
 .text._kill    0x080029b8       0x10 CMakeFiles/FOC.elf.dir/Core/Src/syscalls.c.obj
                0x080029b8                _kill
 .text._exit    0x080029c8        0xc CMakeFiles/FOC.elf.dir/Core/Src/syscalls.c.obj
                0x080029c8                _exit
 .text._read    0x080029d4       0x20 CMakeFiles/FOC.elf.dir/Core/Src/syscalls.c.obj
                0x080029d4                _read
 .text._write   0x080029f4       0x1c CMakeFiles/FOC.elf.dir/Core/Src/syscalls.c.obj
                0x080029f4                _write
 .text._close   0x08002a10        0x6 CMakeFiles/FOC.elf.dir/Core/Src/syscalls.c.obj
                0x08002a10                _close
 .text._fstat   0x08002a16        0xa CMakeFiles/FOC.elf.dir/Core/Src/syscalls.c.obj
                0x08002a16                _fstat
 .text._isatty  0x08002a20        0x4 CMakeFiles/FOC.elf.dir/Core/Src/syscalls.c.obj
                0x08002a20                _isatty
 .text._lseek   0x08002a24        0x4 CMakeFiles/FOC.elf.dir/Core/Src/syscalls.c.obj
                0x08002a24                _lseek
 .text._sbrk    0x08002a28       0x48 CMakeFiles/FOC.elf.dir/Core/Src/sysmem.c.obj
                0x08002a28                _sbrk
 .text.SystemInit
                0x08002a70        0x2 CMakeFiles/FOC.elf.dir/Core/Src/system_stm32f1xx.c.obj
                0x08002a70                SystemInit
 *fill*         0x08002a72        0x2 
 .text.MX_TIM4_Init
                0x08002a74       0xd4 CMakeFiles/FOC.elf.dir/Core/Src/tim.c.obj
                0x08002a74                MX_TIM4_Init
 .text.HAL_TIM_Base_MspInit
                0x08002b48       0x4c CMakeFiles/FOC.elf.dir/Core/Src/tim.c.obj
                0x08002b48                HAL_TIM_Base_MspInit
 .text.HAL_TIM_MspPostInit
                0x08002b94       0x50 CMakeFiles/FOC.elf.dir/Core/Src/tim.c.obj
                0x08002b94                HAL_TIM_MspPostInit
 .text.MX_TIM1_Init
                0x08002be4      0x114 CMakeFiles/FOC.elf.dir/Core/Src/tim.c.obj
                0x08002be4                MX_TIM1_Init
 .text.MX_USART1_UART_Init
                0x08002cf8       0x34 CMakeFiles/FOC.elf.dir/Core/Src/usart.c.obj
                0x08002cf8                MX_USART1_UART_Init
 .text.HAL_UART_MspInit
                0x08002d2c       0xec CMakeFiles/FOC.elf.dir/Core/Src/usart.c.obj
                0x08002d2c                HAL_UART_MspInit
 .text.__io_putchar
                0x08002e18       0x20 CMakeFiles/FOC.elf.dir/Core/Src/utilities.c.obj
                0x08002e18                __io_putchar
 .text.LowPassFilter_Init
                0x08002e38        0x8 CMakeFiles/FOC.elf.dir/Core/Src/utilities.c.obj
                0x08002e38                LowPassFilter_Init
 .text.LowPassFilter_Calc
                0x08002e40       0x2e CMakeFiles/FOC.elf.dir/Core/Src/utilities.c.obj
                0x08002e40                LowPassFilter_Calc
 *fill*         0x08002e6e        0x2 
 .text.Reset_Handler
                0x08002e70       0x48 CMakeFiles/FOC.elf.dir/Core/Startup/startup_stm32f103c8tx.s.obj
                0x08002e70                Reset_Handler
 .text.Default_Handler
                0x08002eb8        0x2 CMakeFiles/FOC.elf.dir/Core/Startup/startup_stm32f103c8tx.s.obj
                0x08002eb8                RTC_Alarm_IRQHandler
                0x08002eb8                EXTI2_IRQHandler
                0x08002eb8                TIM1_CC_IRQHandler
                0x08002eb8                PVD_IRQHandler
                0x08002eb8                EXTI3_IRQHandler
                0x08002eb8                EXTI0_IRQHandler
                0x08002eb8                I2C2_EV_IRQHandler
                0x08002eb8                ADC1_2_IRQHandler
                0x08002eb8                SPI1_IRQHandler
                0x08002eb8                TAMPER_IRQHandler
                0x08002eb8                USART3_IRQHandler
                0x08002eb8                RTC_IRQHandler
                0x08002eb8                DMA1_Channel7_IRQHandler
                0x08002eb8                CAN1_RX1_IRQHandler
                0x08002eb8                TIM4_IRQHandler
                0x08002eb8                I2C1_EV_IRQHandler
                0x08002eb8                DMA1_Channel6_IRQHandler
                0x08002eb8                TIM3_IRQHandler
                0x08002eb8                RCC_IRQHandler
                0x08002eb8                TIM1_TRG_COM_IRQHandler
                0x08002eb8                Default_Handler
                0x08002eb8                EXTI15_10_IRQHandler
                0x08002eb8                EXTI9_5_IRQHandler
                0x08002eb8                SPI2_IRQHandler
                0x08002eb8                EXTI4_IRQHandler
                0x08002eb8                USB_LP_CAN1_RX0_IRQHandler
                0x08002eb8                USB_HP_CAN1_TX_IRQHandler
                0x08002eb8                DMA1_Channel3_IRQHandler
                0x08002eb8                TIM1_UP_IRQHandler
                0x08002eb8                WWDG_IRQHandler
                0x08002eb8                TIM2_IRQHandler
                0x08002eb8                TIM1_BRK_IRQHandler
                0x08002eb8                EXTI1_IRQHandler
                0x08002eb8                USART2_IRQHandler
                0x08002eb8                I2C2_ER_IRQHandler
                0x08002eb8                DMA1_Channel2_IRQHandler
                0x08002eb8                CAN1_SCE_IRQHandler
                0x08002eb8                FLASH_IRQHandler
                0x08002eb8                USART1_IRQHandler
                0x08002eb8                I2C1_ER_IRQHandler
                0x08002eb8                USBWakeUp_IRQHandler
 .text._getFirstByte
                0x08002eba        0x4 CMakeFiles/FOC.elf.dir/Drivers/FOC/DTek_TLE5012B.c.obj
                0x08002eba                _getFirstByte
 .text._getSecondByte
                0x08002ebe        0x4 CMakeFiles/FOC.elf.dir/Drivers/FOC/DTek_TLE5012B.c.obj
                0x08002ebe                _getSecondByte
 .text._crc8    0x08002ec2       0x3c CMakeFiles/FOC.elf.dir/Drivers/FOC/DTek_TLE5012B.c.obj
                0x08002ec2                _crc8
 .text._crcCalc
                0x08002efe        0x8 CMakeFiles/FOC.elf.dir/Drivers/FOC/DTek_TLE5012B.c.obj
                0x08002efe                _crcCalc
 *fill*         0x08002f06        0x2 
 .text.triggerUpdate
                0x08002f08       0x38 CMakeFiles/FOC.elf.dir/Drivers/FOC/DTek_TLE5012B.c.obj
                0x08002f08                triggerUpdate
 .text.resetSafety
                0x08002f40       0x6c CMakeFiles/FOC.elf.dir/Drivers/FOC/DTek_TLE5012B.c.obj
                0x08002f40                resetSafety
 .text.checkSafety
                0x08002fac       0xb2 CMakeFiles/FOC.elf.dir/Drivers/FOC/DTek_TLE5012B.c.obj
                0x08002fac                checkSafety
 *fill*         0x0800305e        0x2 
 .text.readFromSensor
                0x08003060       0x7c CMakeFiles/FOC.elf.dir/Drivers/FOC/DTek_TLE5012B.c.obj
                0x08003060                readFromSensor
 .text.readBlockCRC
                0x080030dc       0x74 CMakeFiles/FOC.elf.dir/Drivers/FOC/DTek_TLE5012B.c.obj
                0x080030dc                readBlockCRC
 .text.readTemp
                0x08003150       0x44 CMakeFiles/FOC.elf.dir/Drivers/FOC/DTek_TLE5012B.c.obj
                0x08003150                readTemp
 .text.getTemperature
                0x08003194       0x40 CMakeFiles/FOC.elf.dir/Drivers/FOC/DTek_TLE5012B.c.obj
                0x08003194                getTemperature
 .text.TEL5012B_Init
                0x080031d4       0x28 CMakeFiles/FOC.elf.dir/Drivers/FOC/DTek_TLE5012B.c.obj
                0x080031d4                TEL5012B_Init
 .text.ReadFromSensor
                0x080031fc       0xf4 CMakeFiles/FOC.elf.dir/Drivers/FOC/DTek_TLE5012B.c.obj
                0x080031fc                ReadFromSensor
 .text._ZN3FOC19ClarkeTransformaionEP7Vector3P7Vector2
                0x080032f0       0x58 CMakeFiles/FOC.elf.dir/Drivers/FOC/FOC.cpp.obj
                0x080032f0                FOC::ClarkeTransformaion(Vector3*, Vector2*)
 .text._ZN3FOC17ParkTransformaionEP7Vector2fS1_
                0x08003348       0x6c CMakeFiles/FOC.elf.dir/Drivers/FOC/FOC.cpp.obj
                0x08003348                FOC::ParkTransformaion(Vector2*, float, Vector2*)
 .text._ZN3FOC24InverseParkTransformaionEP7Vector2fS1_
                0x080033b4       0x68 CMakeFiles/FOC.elf.dir/Drivers/FOC/FOC.cpp.obj
                0x080033b4                FOC::InverseParkTransformaion(Vector2*, float, Vector2*)
 .text._ZN3FOC5SVPWMEP7Vector2fP7Vector3
                0x0800341c      0x2f4 CMakeFiles/FOC.elf.dir/Drivers/FOC/FOC.cpp.obj
                0x0800341c                FOC::SVPWM(Vector2*, float, Vector3*)
 .text._ZN3FOC6SetPWME7Vector3
                0x08003710       0x94 CMakeFiles/FOC.elf.dir/Drivers/FOC/FOC.cpp.obj
                0x08003710                FOC::SetPWM(Vector3)
 .text._ZN3FOC9SetTorqueEP7Vector2f
                0x080037a4       0x2e CMakeFiles/FOC.elf.dir/Drivers/FOC/FOC.cpp.obj
                0x080037a4                FOC::SetTorque(Vector2*, float)
 *fill*         0x080037d2        0x6 
 .text._ZNK3FOC12Get_velocityEv
                0x080037d8       0xa4 CMakeFiles/FOC.elf.dir/Drivers/FOC/FOC.cpp.obj
                0x080037d8                FOC::Get_velocity() const
 .text._ZN3FOC14Encoder_UpdateEv
                0x0800387c       0x3c CMakeFiles/FOC.elf.dir/Drivers/FOC/FOC.cpp.obj
                0x0800387c                FOC::Encoder_Update()
 .text._ZN3FOC6UpdateEv
                0x080038b8      0x110 CMakeFiles/FOC.elf.dir/Drivers/FOC/FOC.cpp.obj
                0x080038b8                FOC::Update()
 .text._ZN3FOC32FOC_electrical_angle_calibrationEv
                0x080039c8       0x5c CMakeFiles/FOC.elf.dir/Drivers/FOC/FOC.cpp.obj
                0x080039c8                FOC::FOC_electrical_angle_calibration()
 .text._ZN3FOC4InitEv
                0x08003a24       0xd8 CMakeFiles/FOC.elf.dir/Drivers/FOC/FOC.cpp.obj
                0x08003a24                FOC::Init()
 .text.pid_init
                0x08003afc       0x32 CMakeFiles/FOC.elf.dir/Drivers/FOC/Function.c.obj
                0x08003afc                pid_init
 .text.pid_calc
                0x08003b2e      0x158 CMakeFiles/FOC.elf.dir/Drivers/FOC/Function.c.obj
                0x08003b2e                pid_calc
 *fill*         0x08003c86        0x2 
 .text.SinByLut
                0x08003c88       0x68 CMakeFiles/FOC.elf.dir/Drivers/FOC/Function.c.obj
                0x08003c88                SinByLut
 .text.CosByLut
                0x08003cf0       0x14 CMakeFiles/FOC.elf.dir/Drivers/FOC/Function.c.obj
                0x08003cf0                CosByLut
 *fill*         0x08003d04        0x4 
 .text._normalizeAngle
                0x08003d08       0x3c CMakeFiles/FOC.elf.dir/Drivers/FOC/Function.c.obj
                0x08003d08                _normalizeAngle
 .text._Z41__static_initialization_and_destruction_0ii
                0x08003d44       0x20 CMakeFiles/FOC.elf.dir/Drivers/FOC/MainThread.cpp.obj
 .text.Main_Thread
                0x08003d64       0x14 CMakeFiles/FOC.elf.dir/Drivers/FOC/MainThread.cpp.obj
                0x08003d64                Main_Thread
 .text._GLOBAL__sub_I_foc
                0x08003d78        0xe CMakeFiles/FOC.elf.dir/Drivers/FOC/MainThread.cpp.obj
 *fill*         0x08003d86        0x2 
 .text.HAL_InitTick
                0x08003d88       0x4c CMakeFiles/FOC.elf.dir/Drivers/STM32F1xx_HAL_Driver/Src/stm32f1xx_hal.c.obj
                0x08003d88                HAL_InitTick
 .text.HAL_Init
                0x08003dd4       0x24 CMakeFiles/FOC.elf.dir/Drivers/STM32F1xx_HAL_Driver/Src/stm32f1xx_hal.c.obj
                0x08003dd4                HAL_Init
 .text.HAL_IncTick
                0x08003df8       0x18 CMakeFiles/FOC.elf.dir/Drivers/STM32F1xx_HAL_Driver/Src/stm32f1xx_hal.c.obj
                0x08003df8                HAL_IncTick
 .text.HAL_GetTick
                0x08003e10        0xc CMakeFiles/FOC.elf.dir/Drivers/STM32F1xx_HAL_Driver/Src/stm32f1xx_hal.c.obj
                0x08003e10                HAL_GetTick
 .text.HAL_Delay
                0x08003e1c       0x28 CMakeFiles/FOC.elf.dir/Drivers/STM32F1xx_HAL_Driver/Src/stm32f1xx_hal.c.obj
                0x08003e1c                HAL_Delay
 .text.HAL_ADC_ConvCpltCallback
                0x08003e44        0x2 CMakeFiles/FOC.elf.dir/Drivers/STM32F1xx_HAL_Driver/Src/stm32f1xx_hal_adc.c.obj
                0x08003e44                HAL_ADC_ConvCpltCallback
 .text.ADC_DMAConvCplt
                0x08003e46       0x52 CMakeFiles/FOC.elf.dir/Drivers/STM32F1xx_HAL_Driver/Src/stm32f1xx_hal_adc.c.obj
                0x08003e46                ADC_DMAConvCplt
 .text.HAL_ADC_ConvHalfCpltCallback
                0x08003e98        0x2 CMakeFiles/FOC.elf.dir/Drivers/STM32F1xx_HAL_Driver/Src/stm32f1xx_hal_adc.c.obj
                0x08003e98                HAL_ADC_ConvHalfCpltCallback
 .text.ADC_DMAHalfConvCplt
                0x08003e9a        0xa CMakeFiles/FOC.elf.dir/Drivers/STM32F1xx_HAL_Driver/Src/stm32f1xx_hal_adc.c.obj
                0x08003e9a                ADC_DMAHalfConvCplt
 .text.HAL_ADC_ErrorCallback
                0x08003ea4        0x2 CMakeFiles/FOC.elf.dir/Drivers/STM32F1xx_HAL_Driver/Src/stm32f1xx_hal_adc.c.obj
                0x08003ea4                HAL_ADC_ErrorCallback
 .text.ADC_DMAError
                0x08003ea6       0x1a CMakeFiles/FOC.elf.dir/Drivers/STM32F1xx_HAL_Driver/Src/stm32f1xx_hal_adc.c.obj
                0x08003ea6                ADC_DMAError
 .text.HAL_ADC_ConfigChannel
                0x08003ec0      0x144 CMakeFiles/FOC.elf.dir/Drivers/STM32F1xx_HAL_Driver/Src/stm32f1xx_hal_adc.c.obj
                0x08003ec0                HAL_ADC_ConfigChannel
 .text.ADC_Enable
                0x08004004       0x88 CMakeFiles/FOC.elf.dir/Drivers/STM32F1xx_HAL_Driver/Src/stm32f1xx_hal_adc.c.obj
                0x08004004                ADC_Enable
 .text.HAL_ADC_Start_DMA
                0x0800408c      0x130 CMakeFiles/FOC.elf.dir/Drivers/STM32F1xx_HAL_Driver/Src/stm32f1xx_hal_adc.c.obj
                0x0800408c                HAL_ADC_Start_DMA
 .text.ADC_ConversionStop_Disable
                0x080041bc       0x56 CMakeFiles/FOC.elf.dir/Drivers/STM32F1xx_HAL_Driver/Src/stm32f1xx_hal_adc.c.obj
                0x080041bc                ADC_ConversionStop_Disable
 *fill*         0x08004212        0x2 
 .text.HAL_ADC_Init
                0x08004214      0x108 CMakeFiles/FOC.elf.dir/Drivers/STM32F1xx_HAL_Driver/Src/stm32f1xx_hal_adc.c.obj
                0x08004214                HAL_ADC_Init
 .text.HAL_ADCEx_Calibration_Start
                0x0800431c      0x100 CMakeFiles/FOC.elf.dir/Drivers/STM32F1xx_HAL_Driver/Src/stm32f1xx_hal_adc_ex.c.obj
                0x0800431c                HAL_ADCEx_Calibration_Start
 .text.HAL_CAN_Init
                0x0800441c      0x14c CMakeFiles/FOC.elf.dir/Drivers/STM32F1xx_HAL_Driver/Src/stm32f1xx_hal_can.c.obj
                0x0800441c                HAL_CAN_Init
 .text.HAL_NVIC_SetPriorityGrouping
                0x08004568       0x24 CMakeFiles/FOC.elf.dir/Drivers/STM32F1xx_HAL_Driver/Src/stm32f1xx_hal_cortex.c.obj
                0x08004568                HAL_NVIC_SetPriorityGrouping
 .text.HAL_NVIC_SetPriority
                0x0800458c       0x70 CMakeFiles/FOC.elf.dir/Drivers/STM32F1xx_HAL_Driver/Src/stm32f1xx_hal_cortex.c.obj
                0x0800458c                HAL_NVIC_SetPriority
 .text.HAL_NVIC_EnableIRQ
                0x080045fc       0x1c CMakeFiles/FOC.elf.dir/Drivers/STM32F1xx_HAL_Driver/Src/stm32f1xx_hal_cortex.c.obj
                0x080045fc                HAL_NVIC_EnableIRQ
 .text.HAL_SYSTICK_Config
                0x08004618       0x28 CMakeFiles/FOC.elf.dir/Drivers/STM32F1xx_HAL_Driver/Src/stm32f1xx_hal_cortex.c.obj
                0x08004618                HAL_SYSTICK_Config
 .text.DMA_SetConfig
                0x08004640       0x2c CMakeFiles/FOC.elf.dir/Drivers/STM32F1xx_HAL_Driver/Src/stm32f1xx_hal_dma.c.obj
 .text.HAL_DMA_Init
                0x0800466c       0x6c CMakeFiles/FOC.elf.dir/Drivers/STM32F1xx_HAL_Driver/Src/stm32f1xx_hal_dma.c.obj
                0x0800466c                HAL_DMA_Init
 .text.HAL_DMA_Start_IT
                0x080046d8       0x76 CMakeFiles/FOC.elf.dir/Drivers/STM32F1xx_HAL_Driver/Src/stm32f1xx_hal_dma.c.obj
                0x080046d8                HAL_DMA_Start_IT
 *fill*         0x0800474e        0x2 
 .text.HAL_DMA_IRQHandler
                0x08004750      0x144 CMakeFiles/FOC.elf.dir/Drivers/STM32F1xx_HAL_Driver/Src/stm32f1xx_hal_dma.c.obj
                0x08004750                HAL_DMA_IRQHandler
 .text.HAL_GPIO_Init
                0x08004894      0x224 CMakeFiles/FOC.elf.dir/Drivers/STM32F1xx_HAL_Driver/Src/stm32f1xx_hal_gpio.c.obj
                0x08004894                HAL_GPIO_Init
 .text.HAL_GPIO_WritePin
                0x08004ab8        0xc CMakeFiles/FOC.elf.dir/Drivers/STM32F1xx_HAL_Driver/Src/stm32f1xx_hal_gpio.c.obj
                0x08004ab8                HAL_GPIO_WritePin
 .text.RCC_Delay
                0x08004ac4       0x2c CMakeFiles/FOC.elf.dir/Drivers/STM32F1xx_HAL_Driver/Src/stm32f1xx_hal_rcc.c.obj
 .text.HAL_RCC_OscConfig
                0x08004af0      0x410 CMakeFiles/FOC.elf.dir/Drivers/STM32F1xx_HAL_Driver/Src/stm32f1xx_hal_rcc.c.obj
                0x08004af0                HAL_RCC_OscConfig
 .text.HAL_RCC_GetSysClockFreq
                0x08004f00       0x54 CMakeFiles/FOC.elf.dir/Drivers/STM32F1xx_HAL_Driver/Src/stm32f1xx_hal_rcc.c.obj
                0x08004f00                HAL_RCC_GetSysClockFreq
 .text.HAL_RCC_ClockConfig
                0x08004f54      0x16c CMakeFiles/FOC.elf.dir/Drivers/STM32F1xx_HAL_Driver/Src/stm32f1xx_hal_rcc.c.obj
                0x08004f54                HAL_RCC_ClockConfig
 .text.HAL_RCC_GetHCLKFreq
                0x080050c0        0xc CMakeFiles/FOC.elf.dir/Drivers/STM32F1xx_HAL_Driver/Src/stm32f1xx_hal_rcc.c.obj
                0x080050c0                HAL_RCC_GetHCLKFreq
 .text.HAL_RCC_GetPCLK1Freq
                0x080050cc       0x20 CMakeFiles/FOC.elf.dir/Drivers/STM32F1xx_HAL_Driver/Src/stm32f1xx_hal_rcc.c.obj
                0x080050cc                HAL_RCC_GetPCLK1Freq
 .text.HAL_RCC_GetPCLK2Freq
                0x080050ec       0x20 CMakeFiles/FOC.elf.dir/Drivers/STM32F1xx_HAL_Driver/Src/stm32f1xx_hal_rcc.c.obj
                0x080050ec                HAL_RCC_GetPCLK2Freq
 .text.HAL_RCCEx_PeriphCLKConfig
                0x0800510c      0x118 CMakeFiles/FOC.elf.dir/Drivers/STM32F1xx_HAL_Driver/Src/stm32f1xx_hal_rcc_ex.c.obj
                0x0800510c                HAL_RCCEx_PeriphCLKConfig
 .text.HAL_RCCEx_GetPeriphCLKFreq
                0x08005224       0xd8 CMakeFiles/FOC.elf.dir/Drivers/STM32F1xx_HAL_Driver/Src/stm32f1xx_hal_rcc_ex.c.obj
                0x08005224                HAL_RCCEx_GetPeriphCLKFreq
 .text.SPI_WaitFlagStateUntilTimeout
                0x080052fc       0xd4 CMakeFiles/FOC.elf.dir/Drivers/STM32F1xx_HAL_Driver/Src/stm32f1xx_hal_spi.c.obj
 .text.SPI_EndRxTxTransaction
                0x080053d0       0x24 CMakeFiles/FOC.elf.dir/Drivers/STM32F1xx_HAL_Driver/Src/stm32f1xx_hal_spi.c.obj
 .text.SPI_EndRxTransaction
                0x080053f4       0x74 CMakeFiles/FOC.elf.dir/Drivers/STM32F1xx_HAL_Driver/Src/stm32f1xx_hal_spi.c.obj
 .text.HAL_SPI_Init
                0x08005468       0xb6 CMakeFiles/FOC.elf.dir/Drivers/STM32F1xx_HAL_Driver/Src/stm32f1xx_hal_spi.c.obj
                0x08005468                HAL_SPI_Init
 .text.HAL_SPI_Transmit
                0x0800551e      0x1b8 CMakeFiles/FOC.elf.dir/Drivers/STM32F1xx_HAL_Driver/Src/stm32f1xx_hal_spi.c.obj
                0x0800551e                HAL_SPI_Transmit
 .text.HAL_SPI_TransmitReceive
                0x080056d6      0x244 CMakeFiles/FOC.elf.dir/Drivers/STM32F1xx_HAL_Driver/Src/stm32f1xx_hal_spi.c.obj
                0x080056d6                HAL_SPI_TransmitReceive
 .text.HAL_SPI_Receive
                0x0800591a      0x17e CMakeFiles/FOC.elf.dir/Drivers/STM32F1xx_HAL_Driver/Src/stm32f1xx_hal_spi.c.obj
                0x0800591a                HAL_SPI_Receive
 .text.TIM_OC1_SetConfig
                0x08005a98       0x5c CMakeFiles/FOC.elf.dir/Drivers/STM32F1xx_HAL_Driver/Src/stm32f1xx_hal_tim.c.obj
 .text.TIM_OC3_SetConfig
                0x08005af4       0x64 CMakeFiles/FOC.elf.dir/Drivers/STM32F1xx_HAL_Driver/Src/stm32f1xx_hal_tim.c.obj
 .text.TIM_OC4_SetConfig
                0x08005b58       0x48 CMakeFiles/FOC.elf.dir/Drivers/STM32F1xx_HAL_Driver/Src/stm32f1xx_hal_tim.c.obj
 .text.TIM_TI1_ConfigInputStage
                0x08005ba0       0x24 CMakeFiles/FOC.elf.dir/Drivers/STM32F1xx_HAL_Driver/Src/stm32f1xx_hal_tim.c.obj
 .text.TIM_TI2_ConfigInputStage
                0x08005bc4       0x26 CMakeFiles/FOC.elf.dir/Drivers/STM32F1xx_HAL_Driver/Src/stm32f1xx_hal_tim.c.obj
 .text.TIM_ITRx_SetConfig
                0x08005bea       0x10 CMakeFiles/FOC.elf.dir/Drivers/STM32F1xx_HAL_Driver/Src/stm32f1xx_hal_tim.c.obj
 .text.HAL_TIM_PWM_MspInit
                0x08005bfa        0x2 CMakeFiles/FOC.elf.dir/Drivers/STM32F1xx_HAL_Driver/Src/stm32f1xx_hal_tim.c.obj
                0x08005bfa                HAL_TIM_PWM_MspInit
 .text.TIM_Base_SetConfig
                0x08005bfc       0x74 CMakeFiles/FOC.elf.dir/Drivers/STM32F1xx_HAL_Driver/Src/stm32f1xx_hal_tim.c.obj
                0x08005bfc                TIM_Base_SetConfig
 .text.HAL_TIM_Base_Init
                0x08005c70       0x58 CMakeFiles/FOC.elf.dir/Drivers/STM32F1xx_HAL_Driver/Src/stm32f1xx_hal_tim.c.obj
                0x08005c70                HAL_TIM_Base_Init
 .text.HAL_TIM_PWM_Init
                0x08005cc8       0x58 CMakeFiles/FOC.elf.dir/Drivers/STM32F1xx_HAL_Driver/Src/stm32f1xx_hal_tim.c.obj
                0x08005cc8                HAL_TIM_PWM_Init
 .text.TIM_OC2_SetConfig
                0x08005d20       0x64 CMakeFiles/FOC.elf.dir/Drivers/STM32F1xx_HAL_Driver/Src/stm32f1xx_hal_tim.c.obj
                0x08005d20                TIM_OC2_SetConfig
 .text.HAL_TIM_PWM_ConfigChannel
                0x08005d84       0xdc CMakeFiles/FOC.elf.dir/Drivers/STM32F1xx_HAL_Driver/Src/stm32f1xx_hal_tim.c.obj
                0x08005d84                HAL_TIM_PWM_ConfigChannel
 .text.TIM_ETR_SetConfig
                0x08005e60       0x18 CMakeFiles/FOC.elf.dir/Drivers/STM32F1xx_HAL_Driver/Src/stm32f1xx_hal_tim.c.obj
                0x08005e60                TIM_ETR_SetConfig
 .text.HAL_TIM_ConfigClockSource
                0x08005e78       0xfe CMakeFiles/FOC.elf.dir/Drivers/STM32F1xx_HAL_Driver/Src/stm32f1xx_hal_tim.c.obj
                0x08005e78                HAL_TIM_ConfigClockSource
 .text.TIM_SlaveTimer_SetConfig
                0x08005f76       0xb8 CMakeFiles/FOC.elf.dir/Drivers/STM32F1xx_HAL_Driver/Src/stm32f1xx_hal_tim.c.obj
 .text.HAL_TIM_SlaveConfigSynchro
                0x0800602e       0x52 CMakeFiles/FOC.elf.dir/Drivers/STM32F1xx_HAL_Driver/Src/stm32f1xx_hal_tim.c.obj
                0x0800602e                HAL_TIM_SlaveConfigSynchro
 .text.TIM_CCxChannelCmd
                0x08006080       0x1e CMakeFiles/FOC.elf.dir/Drivers/STM32F1xx_HAL_Driver/Src/stm32f1xx_hal_tim.c.obj
                0x08006080                TIM_CCxChannelCmd
 *fill*         0x0800609e        0x2 
 .text.HAL_TIM_PWM_Start
                0x080060a0       0xdc CMakeFiles/FOC.elf.dir/Drivers/STM32F1xx_HAL_Driver/Src/stm32f1xx_hal_tim.c.obj
                0x080060a0                HAL_TIM_PWM_Start
 .text.HAL_TIMEx_MasterConfigSynchronization
                0x0800617c       0x6c CMakeFiles/FOC.elf.dir/Drivers/STM32F1xx_HAL_Driver/Src/stm32f1xx_hal_tim_ex.c.obj
                0x0800617c                HAL_TIMEx_MasterConfigSynchronization
 .text.HAL_TIMEx_ConfigBreakDeadTime
                0x080061e8       0x52 CMakeFiles/FOC.elf.dir/Drivers/STM32F1xx_HAL_Driver/Src/stm32f1xx_hal_tim_ex.c.obj
                0x080061e8                HAL_TIMEx_ConfigBreakDeadTime
 *fill*         0x0800623a        0x2 
 .text.UART_SetConfig
                0x0800623c       0x94 CMakeFiles/FOC.elf.dir/Drivers/STM32F1xx_HAL_Driver/Src/stm32f1xx_hal_uart.c.obj
 .text.UART_WaitOnFlagUntilTimeout
                0x080062d0       0x88 CMakeFiles/FOC.elf.dir/Drivers/STM32F1xx_HAL_Driver/Src/stm32f1xx_hal_uart.c.obj
 .text.HAL_UART_Init
                0x08006358       0x60 CMakeFiles/FOC.elf.dir/Drivers/STM32F1xx_HAL_Driver/Src/stm32f1xx_hal_uart.c.obj
                0x08006358                HAL_UART_Init
 .text.HAL_UART_Transmit
                0x080063b8       0xbe CMakeFiles/FOC.elf.dir/Drivers/STM32F1xx_HAL_Driver/Src/stm32f1xx_hal_uart.c.obj
                0x080063b8                HAL_UART_Transmit
 *fill*         0x08006476        0x2 
 .text.fmod     0x08006478       0x58 d:/progra~2/gnuarm~1/102021~1.10/bin/../lib/gcc/arm-none-eabi/10.3.1/../../../../arm-none-eabi/lib/thumb/v7-m/nofp\libm.a(lib_a-w_fmod.o)
                0x08006478                fmod
 .text.__ieee754_fmod
                0x080064d0      0x294 d:/progra~2/gnuarm~1/102021~1.10/bin/../lib/gcc/arm-none-eabi/10.3.1/../../../../arm-none-eabi/lib/thumb/v7-m/nofp\libm.a(lib_a-e_fmod.o)
                0x080064d0                __ieee754_fmod
 .text.abort    0x08006764       0x10 d:/progra~2/gnuarm~1/102021~1.10/bin/../lib/gcc/arm-none-eabi/10.3.1/../../../../arm-none-eabi/lib/thumb/v7-m/nofp\libg.a(lib_a-abort.o)
                0x08006764                abort
 .text.__errno  0x08006774        0xc d:/progra~2/gnuarm~1/102021~1.10/bin/../lib/gcc/arm-none-eabi/10.3.1/../../../../arm-none-eabi/lib/thumb/v7-m/nofp\libg.a(lib_a-errno.o)
                0x08006774                __errno
 .text.__libc_init_array
                0x08006780       0x48 d:/progra~2/gnuarm~1/102021~1.10/bin/../lib/gcc/arm-none-eabi/10.3.1/../../../../arm-none-eabi/lib/thumb/v7-m/nofp\libg.a(lib_a-init.o)
                0x08006780                __libc_init_array
 .text.memset   0x080067c8       0xa4 d:/progra~2/gnuarm~1/102021~1.10/bin/../lib/gcc/arm-none-eabi/10.3.1/../../../../arm-none-eabi/lib/thumb/v7-m/nofp\libg.a(lib_a-memset.o)
                0x080067c8                memset
 .text.printf   0x0800686c       0x28 d:/progra~2/gnuarm~1/102021~1.10/bin/../lib/gcc/arm-none-eabi/10.3.1/../../../../arm-none-eabi/lib/thumb/v7-m/nofp\libg.a(lib_a-printf.o)
                0x0800686c                printf
 .text.raise    0x08006894       0x5c d:/progra~2/gnuarm~1/102021~1.10/bin/../lib/gcc/arm-none-eabi/10.3.1/../../../../arm-none-eabi/lib/thumb/v7-m/nofp\libg.a(lib_a-signal.o)
                0x08006894                raise
 .text._kill_r  0x080068f0       0x28 d:/progra~2/gnuarm~1/102021~1.10/bin/../lib/gcc/arm-none-eabi/10.3.1/../../../../arm-none-eabi/lib/thumb/v7-m/nofp\libg.a(lib_a-signalr.o)
                0x080068f0                _kill_r
 .text._getpid_r
                0x08006918        0x4 d:/progra~2/gnuarm~1/102021~1.10/bin/../lib/gcc/arm-none-eabi/10.3.1/../../../../arm-none-eabi/lib/thumb/v7-m/nofp\libg.a(lib_a-signalr.o)
                0x08006918                _getpid_r
 .text._vfprintf_r
                0x0800691c     0x1b58 d:/progra~2/gnuarm~1/102021~1.10/bin/../lib/gcc/arm-none-eabi/10.3.1/../../../../arm-none-eabi/lib/thumb/v7-m/nofp\libg.a(lib_a-vfprintf.o)
                0x0800691c                _vfprintf_r
 .text.__sbprintf
                0x08008474       0x84 d:/progra~2/gnuarm~1/102021~1.10/bin/../lib/gcc/arm-none-eabi/10.3.1/../../../../arm-none-eabi/lib/thumb/v7-m/nofp\libg.a(lib_a-vfprintf.o)
 .text.__swsetup_r
                0x080084f8       0xd4 d:/progra~2/gnuarm~1/102021~1.10/bin/../lib/gcc/arm-none-eabi/10.3.1/../../../../arm-none-eabi/lib/thumb/v7-m/nofp\libg.a(lib_a-wsetup.o)
                0x080084f8                __swsetup_r
 .text.startup.register_fini
                0x080085cc       0x14 d:/progra~2/gnuarm~1/102021~1.10/bin/../lib/gcc/arm-none-eabi/10.3.1/../../../../arm-none-eabi/lib/thumb/v7-m/nofp\libg.a(lib_a-__call_atexit.o)
 .text.atexit   0x080085e0        0xc d:/progra~2/gnuarm~1/102021~1.10/bin/../lib/gcc/arm-none-eabi/10.3.1/../../../../arm-none-eabi/lib/thumb/v7-m/nofp\libg.a(lib_a-atexit.o)
                0x080085e0                atexit
 .text.quorem   0x080085ec      0x12c d:/progra~2/gnuarm~1/102021~1.10/bin/../lib/gcc/arm-none-eabi/10.3.1/../../../../arm-none-eabi/lib/thumb/v7-m/nofp\libg.a(lib_a-dtoa.o)
 .text._dtoa_r  0x08008718      0xecc d:/progra~2/gnuarm~1/102021~1.10/bin/../lib/gcc/arm-none-eabi/10.3.1/../../../../arm-none-eabi/lib/thumb/v7-m/nofp\libg.a(lib_a-dtoa.o)
                0x08008718                _dtoa_r
 .text.__sflush_r
                0x080095e4      0x124 d:/progra~2/gnuarm~1/102021~1.10/bin/../lib/gcc/arm-none-eabi/10.3.1/../../../../arm-none-eabi/lib/thumb/v7-m/nofp\libg.a(lib_a-fflush.o)
                0x080095e4                __sflush_r
 .text._fflush_r
                0x08009708       0x5c d:/progra~2/gnuarm~1/102021~1.10/bin/../lib/gcc/arm-none-eabi/10.3.1/../../../../arm-none-eabi/lib/thumb/v7-m/nofp\libg.a(lib_a-fflush.o)
                0x08009708                _fflush_r
 .text._cleanup_r
                0x08009764        0xc d:/progra~2/gnuarm~1/102021~1.10/bin/../lib/gcc/arm-none-eabi/10.3.1/../../../../arm-none-eabi/lib/thumb/v7-m/nofp\libg.a(lib_a-findfp.o)
                0x08009764                _cleanup_r
 .text.__sinit  0x08009770      0x10c d:/progra~2/gnuarm~1/102021~1.10/bin/../lib/gcc/arm-none-eabi/10.3.1/../../../../arm-none-eabi/lib/thumb/v7-m/nofp\libg.a(lib_a-findfp.o)
                0x08009770                __sinit
 .text.__sfp_lock_acquire
                0x0800987c        0xc d:/progra~2/gnuarm~1/102021~1.10/bin/../lib/gcc/arm-none-eabi/10.3.1/../../../../arm-none-eabi/lib/thumb/v7-m/nofp\libg.a(lib_a-findfp.o)
                0x0800987c                __sfp_lock_acquire
 .text.__sfp_lock_release
                0x08009888        0xc d:/progra~2/gnuarm~1/102021~1.10/bin/../lib/gcc/arm-none-eabi/10.3.1/../../../../arm-none-eabi/lib/thumb/v7-m/nofp\libg.a(lib_a-findfp.o)
                0x08009888                __sfp_lock_release
 .text.__libc_fini_array
                0x08009894       0x2c d:/progra~2/gnuarm~1/102021~1.10/bin/../lib/gcc/arm-none-eabi/10.3.1/../../../../arm-none-eabi/lib/thumb/v7-m/nofp\libg.a(lib_a-fini.o)
                0x08009894                __libc_fini_array
 .text._malloc_trim_r
                0x080098c0       0xa0 d:/progra~2/gnuarm~1/102021~1.10/bin/../lib/gcc/arm-none-eabi/10.3.1/../../../../arm-none-eabi/lib/thumb/v7-m/nofp\libg.a(lib_a-freer.o)
                0x080098c0                _malloc_trim_r
 .text._free_r  0x08009960      0x200 d:/progra~2/gnuarm~1/102021~1.10/bin/../lib/gcc/arm-none-eabi/10.3.1/../../../../arm-none-eabi/lib/thumb/v7-m/nofp\libg.a(lib_a-freer.o)
                0x08009960                _free_r
 .text._fwalk_reent
                0x08009b60       0x48 d:/progra~2/gnuarm~1/102021~1.10/bin/../lib/gcc/arm-none-eabi/10.3.1/../../../../arm-none-eabi/lib/thumb/v7-m/nofp\libg.a(lib_a-fwalk.o)
                0x08009b60                _fwalk_reent
 .text._localeconv_r
                0x08009ba8        0x8 d:/progra~2/gnuarm~1/102021~1.10/bin/../lib/gcc/arm-none-eabi/10.3.1/../../../../arm-none-eabi/lib/thumb/v7-m/nofp\libg.a(lib_a-localeconv.o)
                0x08009ba8                _localeconv_r
 .text.__retarget_lock_init_recursive
                0x08009bb0        0x4 d:/progra~2/gnuarm~1/102021~1.10/bin/../lib/gcc/arm-none-eabi/10.3.1/../../../../arm-none-eabi/lib/thumb/v7-m/nofp\libg.a(lib_a-lock.o)
                0x08009bb0                __retarget_lock_init_recursive
 .text.__retarget_lock_close_recursive
                0x08009bb4        0x4 d:/progra~2/gnuarm~1/102021~1.10/bin/../lib/gcc/arm-none-eabi/10.3.1/../../../../arm-none-eabi/lib/thumb/v7-m/nofp\libg.a(lib_a-lock.o)
                0x08009bb4                __retarget_lock_close_recursive
 .text.__retarget_lock_acquire_recursive
                0x08009bb8        0x4 d:/progra~2/gnuarm~1/102021~1.10/bin/../lib/gcc/arm-none-eabi/10.3.1/../../../../arm-none-eabi/lib/thumb/v7-m/nofp\libg.a(lib_a-lock.o)
                0x08009bb8                __retarget_lock_acquire_recursive
 .text.__retarget_lock_release_recursive
                0x08009bbc        0x4 d:/progra~2/gnuarm~1/102021~1.10/bin/../lib/gcc/arm-none-eabi/10.3.1/../../../../arm-none-eabi/lib/thumb/v7-m/nofp\libg.a(lib_a-lock.o)
                0x08009bbc                __retarget_lock_release_recursive
 .text.__smakebuf_r
                0x08009bc0       0xe0 d:/progra~2/gnuarm~1/102021~1.10/bin/../lib/gcc/arm-none-eabi/10.3.1/../../../../arm-none-eabi/lib/thumb/v7-m/nofp\libg.a(lib_a-makebuf.o)
                0x08009bc0                __smakebuf_r
 .text._malloc_r
                0x08009ca0      0x558 d:/progra~2/gnuarm~1/102021~1.10/bin/../lib/gcc/arm-none-eabi/10.3.1/../../../../arm-none-eabi/lib/thumb/v7-m/nofp\libg.a(lib_a-mallocr.o)
                0x08009ca0                _malloc_r
 .text.memchr   0x0800a1f8       0x90 d:/progra~2/gnuarm~1/102021~1.10/bin/../lib/gcc/arm-none-eabi/10.3.1/../../../../arm-none-eabi/lib/thumb/v7-m/nofp\libg.a(lib_a-memchr-stub.o)
                0x0800a1f8                memchr
 .text.__malloc_lock
                0x0800a288        0xc d:/progra~2/gnuarm~1/102021~1.10/bin/../lib/gcc/arm-none-eabi/10.3.1/../../../../arm-none-eabi/lib/thumb/v7-m/nofp\libg.a(lib_a-mlock.o)
                0x0800a288                __malloc_lock
 .text.__malloc_unlock
                0x0800a294        0xc d:/progra~2/gnuarm~1/102021~1.10/bin/../lib/gcc/arm-none-eabi/10.3.1/../../../../arm-none-eabi/lib/thumb/v7-m/nofp\libg.a(lib_a-mlock.o)
                0x0800a294                __malloc_unlock
 .text._Balloc  0x0800a2a0       0x4c d:/progra~2/gnuarm~1/102021~1.10/bin/../lib/gcc/arm-none-eabi/10.3.1/../../../../arm-none-eabi/lib/thumb/v7-m/nofp\libg.a(lib_a-mprec.o)
                0x0800a2a0                _Balloc
 .text._Bfree   0x0800a2ec       0x14 d:/progra~2/gnuarm~1/102021~1.10/bin/../lib/gcc/arm-none-eabi/10.3.1/../../../../arm-none-eabi/lib/thumb/v7-m/nofp\libg.a(lib_a-mprec.o)
                0x0800a2ec                _Bfree
 .text.__multadd
                0x0800a300       0xa4 d:/progra~2/gnuarm~1/102021~1.10/bin/../lib/gcc/arm-none-eabi/10.3.1/../../../../arm-none-eabi/lib/thumb/v7-m/nofp\libg.a(lib_a-mprec.o)
                0x0800a300                __multadd
 .text.__hi0bits
                0x0800a3a4       0x40 d:/progra~2/gnuarm~1/102021~1.10/bin/../lib/gcc/arm-none-eabi/10.3.1/../../../../arm-none-eabi/lib/thumb/v7-m/nofp\libg.a(lib_a-mprec.o)
                0x0800a3a4                __hi0bits
 .text.__lo0bits
                0x0800a3e4       0x58 d:/progra~2/gnuarm~1/102021~1.10/bin/../lib/gcc/arm-none-eabi/10.3.1/../../../../arm-none-eabi/lib/thumb/v7-m/nofp\libg.a(lib_a-mprec.o)
                0x0800a3e4                __lo0bits
 .text.__i2b    0x0800a43c       0x5c d:/progra~2/gnuarm~1/102021~1.10/bin/../lib/gcc/arm-none-eabi/10.3.1/../../../../arm-none-eabi/lib/thumb/v7-m/nofp\libg.a(lib_a-mprec.o)
                0x0800a43c                __i2b
 .text.__multiply
                0x0800a498      0x15c d:/progra~2/gnuarm~1/102021~1.10/bin/../lib/gcc/arm-none-eabi/10.3.1/../../../../arm-none-eabi/lib/thumb/v7-m/nofp\libg.a(lib_a-mprec.o)
                0x0800a498                __multiply
 .text.__pow5mult
                0x0800a5f4       0xb8 d:/progra~2/gnuarm~1/102021~1.10/bin/../lib/gcc/arm-none-eabi/10.3.1/../../../../arm-none-eabi/lib/thumb/v7-m/nofp\libg.a(lib_a-mprec.o)
                0x0800a5f4                __pow5mult
 .text.__lshift
                0x0800a6ac       0xec d:/progra~2/gnuarm~1/102021~1.10/bin/../lib/gcc/arm-none-eabi/10.3.1/../../../../arm-none-eabi/lib/thumb/v7-m/nofp\libg.a(lib_a-mprec.o)
                0x0800a6ac                __lshift
 .text.__mcmp   0x0800a798       0x40 d:/progra~2/gnuarm~1/102021~1.10/bin/../lib/gcc/arm-none-eabi/10.3.1/../../../../arm-none-eabi/lib/thumb/v7-m/nofp\libg.a(lib_a-mprec.o)
                0x0800a798                __mcmp
 .text.__mdiff  0x0800a7d8      0x14c d:/progra~2/gnuarm~1/102021~1.10/bin/../lib/gcc/arm-none-eabi/10.3.1/../../../../arm-none-eabi/lib/thumb/v7-m/nofp\libg.a(lib_a-mprec.o)
                0x0800a7d8                __mdiff
 .text.__d2b    0x0800a924       0xc4 d:/progra~2/gnuarm~1/102021~1.10/bin/../lib/gcc/arm-none-eabi/10.3.1/../../../../arm-none-eabi/lib/thumb/v7-m/nofp\libg.a(lib_a-mprec.o)
                0x0800a924                __d2b
 .text.frexp    0x0800a9e8       0x70 d:/progra~2/gnuarm~1/102021~1.10/bin/../lib/gcc/arm-none-eabi/10.3.1/../../../../arm-none-eabi/lib/thumb/v7-m/nofp\libg.a(lib_a-s_frexp.o)
                0x0800a9e8                frexp
 .text._sbrk_r  0x0800aa58       0x24 d:/progra~2/gnuarm~1/102021~1.10/bin/../lib/gcc/arm-none-eabi/10.3.1/../../../../arm-none-eabi/lib/thumb/v7-m/nofp\libg.a(lib_a-sbrkr.o)
                0x0800aa58                _sbrk_r
 .text.__sread  0x0800aa7c       0x24 d:/progra~2/gnuarm~1/102021~1.10/bin/../lib/gcc/arm-none-eabi/10.3.1/../../../../arm-none-eabi/lib/thumb/v7-m/nofp\libg.a(lib_a-stdio.o)
                0x0800aa7c                __sread
 .text.__swrite
                0x0800aaa0       0x40 d:/progra~2/gnuarm~1/102021~1.10/bin/../lib/gcc/arm-none-eabi/10.3.1/../../../../arm-none-eabi/lib/thumb/v7-m/nofp\libg.a(lib_a-stdio.o)
                0x0800aaa0                __swrite
 .text.__sseek  0x0800aae0       0x20 d:/progra~2/gnuarm~1/102021~1.10/bin/../lib/gcc/arm-none-eabi/10.3.1/../../../../arm-none-eabi/lib/thumb/v7-m/nofp\libg.a(lib_a-stdio.o)
                0x0800aae0                __sseek
 .text.__sclose
                0x0800ab00        0x8 d:/progra~2/gnuarm~1/102021~1.10/bin/../lib/gcc/arm-none-eabi/10.3.1/../../../../arm-none-eabi/lib/thumb/v7-m/nofp\libg.a(lib_a-stdio.o)
                0x0800ab00                __sclose
 .text.strlen   0x0800ab08       0x5c d:/progra~2/gnuarm~1/102021~1.10/bin/../lib/gcc/arm-none-eabi/10.3.1/../../../../arm-none-eabi/lib/thumb/v7-m/nofp\libg.a(lib_a-strlen-stub.o)
                0x0800ab08                strlen
 .text.strncpy  0x0800ab64       0x68 d:/progra~2/gnuarm~1/102021~1.10/bin/../lib/gcc/arm-none-eabi/10.3.1/../../../../arm-none-eabi/lib/thumb/v7-m/nofp\libg.a(lib_a-strncpy.o)
                0x0800ab64                strncpy
 .text.__sprint_r.part.0
                0x0800abcc       0x78 d:/progra~2/gnuarm~1/102021~1.10/bin/../lib/gcc/arm-none-eabi/10.3.1/../../../../arm-none-eabi/lib/thumb/v7-m/nofp\libg.a(lib_a-vfiprintf.o)
 .text.__sprint_r
                0x0800ac44       0x14 d:/progra~2/gnuarm~1/102021~1.10/bin/../lib/gcc/arm-none-eabi/10.3.1/../../../../arm-none-eabi/lib/thumb/v7-m/nofp\libg.a(lib_a-vfiprintf.o)
                0x0800ac44                __sprint_r
 .text._vfiprintf_r
                0x0800ac58      0xd98 d:/progra~2/gnuarm~1/102021~1.10/bin/../lib/gcc/arm-none-eabi/10.3.1/../../../../arm-none-eabi/lib/thumb/v7-m/nofp\libg.a(lib_a-vfiprintf.o)
                0x0800ac58                _vfiprintf_r
 .text.__sbprintf
                0x0800b9f0       0x84 d:/progra~2/gnuarm~1/102021~1.10/bin/../lib/gcc/arm-none-eabi/10.3.1/../../../../arm-none-eabi/lib/thumb/v7-m/nofp\libg.a(lib_a-vfiprintf.o)
 .text._write_r
                0x0800ba74       0x2c d:/progra~2/gnuarm~1/102021~1.10/bin/../lib/gcc/arm-none-eabi/10.3.1/../../../../arm-none-eabi/lib/thumb/v7-m/nofp\libg.a(lib_a-writer.o)
                0x0800ba74                _write_r
 .text.__register_exitproc
                0x0800baa0       0x8c d:/progra~2/gnuarm~1/102021~1.10/bin/../lib/gcc/arm-none-eabi/10.3.1/../../../../arm-none-eabi/lib/thumb/v7-m/nofp\libg.a(lib_a-__atexit.o)
                0x0800baa0                __register_exitproc
 .text.__assert_func
                0x0800bb2c       0x40 d:/progra~2/gnuarm~1/102021~1.10/bin/../lib/gcc/arm-none-eabi/10.3.1/../../../../arm-none-eabi/lib/thumb/v7-m/nofp\libg.a(lib_a-assert.o)
                0x0800bb2c                __assert_func
 .text._calloc_r
                0x0800bb6c       0x78 d:/progra~2/gnuarm~1/102021~1.10/bin/../lib/gcc/arm-none-eabi/10.3.1/../../../../arm-none-eabi/lib/thumb/v7-m/nofp\libg.a(lib_a-callocr.o)
                0x0800bb6c                _calloc_r
 .text._close_r
                0x0800bbe4       0x24 d:/progra~2/gnuarm~1/102021~1.10/bin/../lib/gcc/arm-none-eabi/10.3.1/../../../../arm-none-eabi/lib/thumb/v7-m/nofp\libg.a(lib_a-closer.o)
                0x0800bbe4                _close_r
 .text._fclose_r
                0x0800bc08       0xcc d:/progra~2/gnuarm~1/102021~1.10/bin/../lib/gcc/arm-none-eabi/10.3.1/../../../../arm-none-eabi/lib/thumb/v7-m/nofp\libg.a(lib_a-fclose.o)
                0x0800bc08                _fclose_r
 .text.fiprintf
                0x0800bcd4       0x28 d:/progra~2/gnuarm~1/102021~1.10/bin/../lib/gcc/arm-none-eabi/10.3.1/../../../../arm-none-eabi/lib/thumb/v7-m/nofp\libg.a(lib_a-fiprintf.o)
                0x0800bcd4                fiprintf
 .text.__fputwc
                0x0800bcfc       0xa0 d:/progra~2/gnuarm~1/102021~1.10/bin/../lib/gcc/arm-none-eabi/10.3.1/../../../../arm-none-eabi/lib/thumb/v7-m/nofp\libg.a(lib_a-fputwc.o)
                0x0800bcfc                __fputwc
 .text._fputwc_r
                0x0800bd9c       0x68 d:/progra~2/gnuarm~1/102021~1.10/bin/../lib/gcc/arm-none-eabi/10.3.1/../../../../arm-none-eabi/lib/thumb/v7-m/nofp\libg.a(lib_a-fputwc.o)
                0x0800bd9c                _fputwc_r
 .text._fstat_r
                0x0800be04       0x28 d:/progra~2/gnuarm~1/102021~1.10/bin/../lib/gcc/arm-none-eabi/10.3.1/../../../../arm-none-eabi/lib/thumb/v7-m/nofp\libg.a(lib_a-fstatr.o)
                0x0800be04                _fstat_r
 .text.__sfvwrite_r
                0x0800be2c      0x2f0 d:/progra~2/gnuarm~1/102021~1.10/bin/../lib/gcc/arm-none-eabi/10.3.1/../../../../arm-none-eabi/lib/thumb/v7-m/nofp\libg.a(lib_a-fvwrite.o)
                0x0800be2c                __sfvwrite_r
 .text._isatty_r
                0x0800c11c       0x24 d:/progra~2/gnuarm~1/102021~1.10/bin/../lib/gcc/arm-none-eabi/10.3.1/../../../../arm-none-eabi/lib/thumb/v7-m/nofp\libg.a(lib_a-isattyr.o)
                0x0800c11c                _isatty_r
 .text.__locale_mb_cur_max
                0x0800c140        0xc d:/progra~2/gnuarm~1/102021~1.10/bin/../lib/gcc/arm-none-eabi/10.3.1/../../../../arm-none-eabi/lib/thumb/v7-m/nofp\libg.a(lib_a-locale.o)
                0x0800c140                __locale_mb_cur_max
 .text._lseek_r
                0x0800c14c       0x2c d:/progra~2/gnuarm~1/102021~1.10/bin/../lib/gcc/arm-none-eabi/10.3.1/../../../../arm-none-eabi/lib/thumb/v7-m/nofp\libg.a(lib_a-lseekr.o)
                0x0800c14c                _lseek_r
 .text.__ascii_mbtowc
                0x0800c178       0x2c d:/progra~2/gnuarm~1/102021~1.10/bin/../lib/gcc/arm-none-eabi/10.3.1/../../../../arm-none-eabi/lib/thumb/v7-m/nofp\libg.a(lib_a-mbtowc_r.o)
                0x0800c178                __ascii_mbtowc
 .text.memmove  0x0800c1a4       0xf8 d:/progra~2/gnuarm~1/102021~1.10/bin/../lib/gcc/arm-none-eabi/10.3.1/../../../../arm-none-eabi/lib/thumb/v7-m/nofp\libg.a(lib_a-memmove.o)
                0x0800c1a4                memmove
 .text._read_r  0x0800c29c       0x2c d:/progra~2/gnuarm~1/102021~1.10/bin/../lib/gcc/arm-none-eabi/10.3.1/../../../../arm-none-eabi/lib/thumb/v7-m/nofp\libg.a(lib_a-readr.o)
                0x0800c29c                _read_r
 .text._realloc_r
                0x0800c2c8      0x3dc d:/progra~2/gnuarm~1/102021~1.10/bin/../lib/gcc/arm-none-eabi/10.3.1/../../../../arm-none-eabi/lib/thumb/v7-m/nofp\libg.a(lib_a-reallocr.o)
                0x0800c2c8                _realloc_r
 .text.__swbuf_r
                0x0800c6a4       0xb0 d:/progra~2/gnuarm~1/102021~1.10/bin/../lib/gcc/arm-none-eabi/10.3.1/../../../../arm-none-eabi/lib/thumb/v7-m/nofp\libg.a(lib_a-wbuf.o)
                0x0800c6a4                __swbuf_r
 .text._wcrtomb_r
                0x0800c754       0x3c d:/progra~2/gnuarm~1/102021~1.10/bin/../lib/gcc/arm-none-eabi/10.3.1/../../../../arm-none-eabi/lib/thumb/v7-m/nofp\libg.a(lib_a-wcrtomb.o)
                0x0800c754                _wcrtomb_r
 .text.__ascii_wctomb
                0x0800c790       0x1c d:/progra~2/gnuarm~1/102021~1.10/bin/../lib/gcc/arm-none-eabi/10.3.1/../../../../arm-none-eabi/lib/thumb/v7-m/nofp\libg.a(lib_a-wctomb_r.o)
                0x0800c790                __ascii_wctomb
 *(.glue_7)
 .glue_7        0x0800c7ac        0x0 linker stubs
 *(.glue_7t)
 .glue_7t       0x0800c7ac        0x0 linker stubs
 *(.eh_frame)
 .eh_frame      0x0800c7ac        0x0 d:/progra~2/gnuarm~1/102021~1.10/bin/../lib/gcc/arm-none-eabi/10.3.1/thumb/v7-m/nofp/crtbegin.o
 *(.init)
 .init          0x0800c7ac        0x4 d:/progra~2/gnuarm~1/102021~1.10/bin/../lib/gcc/arm-none-eabi/10.3.1/thumb/v7-m/nofp/crti.o
                0x0800c7ac                _init
 .init          0x0800c7b0        0x8 d:/progra~2/gnuarm~1/102021~1.10/bin/../lib/gcc/arm-none-eabi/10.3.1/thumb/v7-m/nofp/crtn.o
 *(.fini)
 .fini          0x0800c7b8        0x4 d:/progra~2/gnuarm~1/102021~1.10/bin/../lib/gcc/arm-none-eabi/10.3.1/thumb/v7-m/nofp/crti.o
                0x0800c7b8                _fini
 .fini          0x0800c7bc        0x8 d:/progra~2/gnuarm~1/102021~1.10/bin/../lib/gcc/arm-none-eabi/10.3.1/thumb/v7-m/nofp/crtn.o
                0x0800c7c4                . = ALIGN (0x4)
                0x0800c7c4                _etext = .

.vfp11_veneer   0x0800c7c4        0x0
 .vfp11_veneer  0x0800c7c4        0x0 linker stubs

.v4_bx          0x0800c7c4        0x0
 .v4_bx         0x0800c7c4        0x0 linker stubs

.iplt           0x0800c7c4        0x0
 .iplt          0x0800c7c4        0x0 d:/progra~2/gnuarm~1/102021~1.10/bin/../lib/gcc/arm-none-eabi/10.3.1/thumb/v7-m/nofp/crtbegin.o

.rodata         0x0800c7c8      0x460
                0x0800c7c8                . = ALIGN (0x4)
 *(.rodata)
 *(.rodata*)
 .rodata.AHBPrescTable
                0x0800c7c8       0x10 CMakeFiles/FOC.elf.dir/Core/Src/system_stm32f1xx.c.obj
                0x0800c7c8                AHBPrescTable
 .rodata.APBPrescTable
                0x0800c7d8        0x8 CMakeFiles/FOC.elf.dir/Core/Src/system_stm32f1xx.c.obj
                0x0800c7d8                APBPrescTable
 .rodata._ZN3FOC6UpdateEv.str1.4
                0x0800c7e0        0xa CMakeFiles/FOC.elf.dir/Drivers/FOC/FOC.cpp.obj
 *fill*         0x0800c7ea        0x2 
 .rodata.aPLLMULFactorTable.1
                0x0800c7ec       0x10 CMakeFiles/FOC.elf.dir/Drivers/STM32F1xx_HAL_Driver/Src/stm32f1xx_hal_rcc.c.obj
 .rodata.aPredivFactorTable.0
                0x0800c7fc        0x2 CMakeFiles/FOC.elf.dir/Drivers/STM32F1xx_HAL_Driver/Src/stm32f1xx_hal_rcc.c.obj
 *fill*         0x0800c7fe        0x2 
 .rodata.aPLLMULFactorTable.1
                0x0800c800       0x10 CMakeFiles/FOC.elf.dir/Drivers/STM32F1xx_HAL_Driver/Src/stm32f1xx_hal_rcc_ex.c.obj
 .rodata.aPredivFactorTable.0
                0x0800c810        0x2 CMakeFiles/FOC.elf.dir/Drivers/STM32F1xx_HAL_Driver/Src/stm32f1xx_hal_rcc_ex.c.obj
 *fill*         0x0800c812        0x6 
 .rodata.Zero   0x0800c818       0x10 d:/progra~2/gnuarm~1/102021~1.10/bin/../lib/gcc/arm-none-eabi/10.3.1/../../../../arm-none-eabi/lib/thumb/v7-m/nofp\libm.a(lib_a-e_fmod.o)
 .rodata._global_impure_ptr
                0x0800c828        0x4 d:/progra~2/gnuarm~1/102021~1.10/bin/../lib/gcc/arm-none-eabi/10.3.1/../../../../arm-none-eabi/lib/thumb/v7-m/nofp\libg.a(lib_a-impure.o)
                0x0800c828                _global_impure_ptr
 .rodata._vfprintf_r.str1.4
                0x0800c82c       0x42 d:/progra~2/gnuarm~1/102021~1.10/bin/../lib/gcc/arm-none-eabi/10.3.1/../../../../arm-none-eabi/lib/thumb/v7-m/nofp\libg.a(lib_a-vfprintf.o)
 *fill*         0x0800c86e        0x2 
 .rodata.blanks.1
                0x0800c870       0x10 d:/progra~2/gnuarm~1/102021~1.10/bin/../lib/gcc/arm-none-eabi/10.3.1/../../../../arm-none-eabi/lib/thumb/v7-m/nofp\libg.a(lib_a-vfprintf.o)
 .rodata.zeroes.0
                0x0800c880       0x10 d:/progra~2/gnuarm~1/102021~1.10/bin/../lib/gcc/arm-none-eabi/10.3.1/../../../../arm-none-eabi/lib/thumb/v7-m/nofp\libg.a(lib_a-vfprintf.o)
 .rodata._dtoa_r.str1.4
                0x0800c890       0xa2 d:/progra~2/gnuarm~1/102021~1.10/bin/../lib/gcc/arm-none-eabi/10.3.1/../../../../arm-none-eabi/lib/thumb/v7-m/nofp\libg.a(lib_a-dtoa.o)
                                 0xa6 (size before relaxing)
 *fill*         0x0800c932        0x2 
 .rodata.__multadd.str1.4
                0x0800c934       0x7f d:/progra~2/gnuarm~1/102021~1.10/bin/../lib/gcc/arm-none-eabi/10.3.1/../../../../arm-none-eabi/lib/thumb/v7-m/nofp\libg.a(lib_a-mprec.o)
                                 0x93 (size before relaxing)
 *fill*         0x0800c9b3        0x5 
 .rodata.__mprec_bigtens
                0x0800c9b8       0x28 d:/progra~2/gnuarm~1/102021~1.10/bin/../lib/gcc/arm-none-eabi/10.3.1/../../../../arm-none-eabi/lib/thumb/v7-m/nofp\libg.a(lib_a-mprec.o)
                0x0800c9b8                __mprec_bigtens
 .rodata.__mprec_tens
                0x0800c9e0       0xc8 d:/progra~2/gnuarm~1/102021~1.10/bin/../lib/gcc/arm-none-eabi/10.3.1/../../../../arm-none-eabi/lib/thumb/v7-m/nofp\libg.a(lib_a-mprec.o)
                0x0800c9e0                __mprec_tens
 .rodata.p05.0  0x0800caa8        0xc d:/progra~2/gnuarm~1/102021~1.10/bin/../lib/gcc/arm-none-eabi/10.3.1/../../../../arm-none-eabi/lib/thumb/v7-m/nofp\libg.a(lib_a-mprec.o)
 .rodata._vfiprintf_r.str1.4
                0x0800cab4       0x2f d:/progra~2/gnuarm~1/102021~1.10/bin/../lib/gcc/arm-none-eabi/10.3.1/../../../../arm-none-eabi/lib/thumb/v7-m/nofp\libg.a(lib_a-vfiprintf.o)
 .rodata.blanks.1
                0x0800cab4       0x10 d:/progra~2/gnuarm~1/102021~1.10/bin/../lib/gcc/arm-none-eabi/10.3.1/../../../../arm-none-eabi/lib/thumb/v7-m/nofp\libg.a(lib_a-vfiprintf.o)
 .rodata.zeroes.0
                0x0800cac4       0x10 d:/progra~2/gnuarm~1/102021~1.10/bin/../lib/gcc/arm-none-eabi/10.3.1/../../../../arm-none-eabi/lib/thumb/v7-m/nofp\libg.a(lib_a-vfiprintf.o)
 .rodata.__assert_func.str1.4
                0x0800cad4       0x3f d:/progra~2/gnuarm~1/102021~1.10/bin/../lib/gcc/arm-none-eabi/10.3.1/../../../../arm-none-eabi/lib/thumb/v7-m/nofp\libg.a(lib_a-assert.o)
                                 0x43 (size before relaxing)
 *fill*         0x0800cb13        0x1 
 .rodata._setlocale_r.str1.4
                0x0800cb14        0xa d:/progra~2/gnuarm~1/102021~1.10/bin/../lib/gcc/arm-none-eabi/10.3.1/../../../../arm-none-eabi/lib/thumb/v7-m/nofp\libg.a(lib_a-locale.o)
                                  0xd (size before relaxing)
 *fill*         0x0800cb1e        0x2 
 .rodata.str1.4
                0x0800cb20        0x2 d:/progra~2/gnuarm~1/102021~1.10/bin/../lib/gcc/arm-none-eabi/10.3.1/../../../../arm-none-eabi/lib/thumb/v7-m/nofp\libg.a(lib_a-locale.o)
 *fill*         0x0800cb22        0x2 
 .rodata._ctype_
                0x0800cb24      0x101 d:/progra~2/gnuarm~1/102021~1.10/bin/../lib/gcc/arm-none-eabi/10.3.1/../../../../arm-none-eabi/lib/thumb/v7-m/nofp\libg.a(lib_a-ctype_.o)
                0x0800cb24                _ctype_
                0x0800cc28                . = ALIGN (0x4)
 *fill*         0x0800cc25        0x3 

.ARM.extab      0x0800cc28       0x24
                0x0800cc28                . = ALIGN (0x4)
 *(.ARM.extab* .gnu.linkonce.armextab.*)
 .ARM.extab.text.Main_Thread
                0x0800cc28        0xc CMakeFiles/FOC.elf.dir/Drivers/FOC/MainThread.cpp.obj
 .ARM.extab     0x0800cc34       0x18 d:/progra~2/gnuarm~1/102021~1.10/bin/../lib/gcc/arm-none-eabi/10.3.1/thumb/v7-m/nofp\libgcc.a(pr-support.o)
                0x0800cc4c                . = ALIGN (0x4)

.ARM            0x0800cc4c      0x110
                0x0800cc4c                . = ALIGN (0x4)
                0x0800cc4c                __exidx_start = .
 *(.ARM.exidx*)
 .ARM.exidx.text._ZN3FOC19ClarkeTransformaionEP7Vector3P7Vector2
                0x0800cd04        0x0 CMakeFiles/FOC.elf.dir/Drivers/FOC/FOC.cpp.obj
                                  0x8 (size before relaxing)
 .ARM.exidx.text._ZN3FOC17ParkTransformaionEP7Vector2fS1_
                0x0800cd04        0x8 CMakeFiles/FOC.elf.dir/Drivers/FOC/FOC.cpp.obj
 .ARM.exidx.text._ZN3FOC24InverseParkTransformaionEP7Vector2fS1_
                0x0800cd0c        0x0 CMakeFiles/FOC.elf.dir/Drivers/FOC/FOC.cpp.obj
                                  0x8 (size before relaxing)
 .ARM.exidx.text._ZN3FOC5SVPWMEP7Vector2fP7Vector3
                0x0800cd0c        0x8 CMakeFiles/FOC.elf.dir/Drivers/FOC/FOC.cpp.obj
 .ARM.exidx.text._ZN3FOC6SetPWME7Vector3
                0x0800cd14        0x0 CMakeFiles/FOC.elf.dir/Drivers/FOC/FOC.cpp.obj
                                  0x8 (size before relaxing)
 .ARM.exidx.text._ZN3FOC9SetTorqueEP7Vector2f
                0x0800cd14        0x8 CMakeFiles/FOC.elf.dir/Drivers/FOC/FOC.cpp.obj
 .ARM.exidx.text._ZNK3FOC12Get_velocityEv
                0x0800cd1c        0x8 CMakeFiles/FOC.elf.dir/Drivers/FOC/FOC.cpp.obj
 .ARM.exidx.text._ZN3FOC14Encoder_UpdateEv
                0x0800cd24        0x8 CMakeFiles/FOC.elf.dir/Drivers/FOC/FOC.cpp.obj
 .ARM.exidx.text._ZN3FOC6UpdateEv
                0x0800cd2c        0x8 CMakeFiles/FOC.elf.dir/Drivers/FOC/FOC.cpp.obj
 .ARM.exidx.text._ZN3FOC32FOC_electrical_angle_calibrationEv
                0x0800cd34        0x8 CMakeFiles/FOC.elf.dir/Drivers/FOC/FOC.cpp.obj
 .ARM.exidx.text._ZN3FOC4InitEv
                0x0800cd3c       0x10 CMakeFiles/FOC.elf.dir/Drivers/FOC/FOC.cpp.obj
                                  0x8 (size before relaxing)
 .ARM.exidx.text._Z41__static_initialization_and_destruction_0ii
                0x0800cd4c        0x0 CMakeFiles/FOC.elf.dir/Drivers/FOC/MainThread.cpp.obj
                                  0x8 (size before relaxing)
 .ARM.exidx.text.Main_Thread
                0x0800cd4c        0x8 CMakeFiles/FOC.elf.dir/Drivers/FOC/MainThread.cpp.obj
 .ARM.exidx.text._GLOBAL__sub_I_foc
                0x0800cd54        0x8 CMakeFiles/FOC.elf.dir/Drivers/FOC/MainThread.cpp.obj
 .ARM.exidx     0x0800cc4c       0x80 d:/progra~2/gnuarm~1/102021~1.10/bin/../lib/gcc/arm-none-eabi/10.3.1/thumb/v7-m/nofp\libgcc.a(unwind-arm.o)
                                 0xd8 (size before relaxing)
 .ARM.exidx     0x0800cccc       0x38 d:/progra~2/gnuarm~1/102021~1.10/bin/../lib/gcc/arm-none-eabi/10.3.1/thumb/v7-m/nofp\libgcc.a(pr-support.o)
 .ARM.exidx     0x0800cd04        0x0 d:/progra~2/gnuarm~1/102021~1.10/bin/../lib/gcc/arm-none-eabi/10.3.1/thumb/v7-m/nofp\libgcc.a(_udivmoddi4.o)
                                  0x8 (size before relaxing)
                0x0800cd5c                __exidx_end = .
                0x0800cd5c                . = ALIGN (0x4)

.rel.dyn        0x0800cd5c        0x0
 .rel.iplt      0x0800cd5c        0x0 d:/progra~2/gnuarm~1/102021~1.10/bin/../lib/gcc/arm-none-eabi/10.3.1/thumb/v7-m/nofp/crtbegin.o

.preinit_array  0x0800cd5c        0x0
                0x0800cd5c                . = ALIGN (0x4)
                0x0800cd5c                PROVIDE (__preinit_array_start = .)
 *(.preinit_array*)
                0x0800cd5c                PROVIDE (__preinit_array_end = .)
                0x0800cd5c                . = ALIGN (0x4)

.init_array     0x0800cd5c        0xc
                0x0800cd5c                . = ALIGN (0x4)
                0x0800cd5c                PROVIDE (__init_array_start = .)
 *(SORT_BY_NAME(.init_array.*))
 .init_array.00000
                0x0800cd5c        0x4 d:/progra~2/gnuarm~1/102021~1.10/bin/../lib/gcc/arm-none-eabi/10.3.1/../../../../arm-none-eabi/lib/thumb/v7-m/nofp\libg.a(lib_a-__call_atexit.o)
 *(.init_array*)
 .init_array    0x0800cd60        0x4 d:/progra~2/gnuarm~1/102021~1.10/bin/../lib/gcc/arm-none-eabi/10.3.1/thumb/v7-m/nofp/crtbegin.o
 .init_array    0x0800cd64        0x4 CMakeFiles/FOC.elf.dir/Drivers/FOC/MainThread.cpp.obj
                0x0800cd68                PROVIDE (__init_array_end = .)
                0x0800cd68                . = ALIGN (0x4)

.fini_array     0x0800cd68        0x4
                0x0800cd68                . = ALIGN (0x4)
                0x0800cd68                PROVIDE (__fini_array_start = .)
 *(SORT_BY_NAME(.fini_array.*))
 *(.fini_array*)
 .fini_array    0x0800cd68        0x4 d:/progra~2/gnuarm~1/102021~1.10/bin/../lib/gcc/arm-none-eabi/10.3.1/thumb/v7-m/nofp/crtbegin.o
                0x0800cd6c                PROVIDE (__fini_array_end = .)
                0x0800cd6c                . = ALIGN (0x4)
                0x0800cd6c                _sidata = LOADADDR (.data)

.data           0x20000000      0xe00 load address 0x0800cd6c
                0x20000000                . = ALIGN (0x4)
                0x20000000                _sdata = .
 *(.data)
 *(.data*)
 .data.SystemCoreClock
                0x20000000        0x4 CMakeFiles/FOC.elf.dir/Core/Src/system_stm32f1xx.c.obj
                0x20000000                SystemCoreClock
 .data.Angle_PID_Param
                0x20000004       0x14 CMakeFiles/FOC.elf.dir/Drivers/FOC/FOC.cpp.obj
                0x20000004                Angle_PID_Param
 .data.Speed_PID_Param
                0x20000018       0x14 CMakeFiles/FOC.elf.dir/Drivers/FOC/FOC.cpp.obj
                0x20000018                Speed_PID_Param
 .data.TargetSpeed
                0x2000002c        0x4 CMakeFiles/FOC.elf.dir/Drivers/FOC/FOC.cpp.obj
                0x2000002c                TargetSpeed
 .data.Uq_PID_Param
                0x20000030       0x14 CMakeFiles/FOC.elf.dir/Drivers/FOC/FOC.cpp.obj
                0x20000030                Uq_PID_Param
 .data.SIN_TABLE
                0x20000044      0x404 CMakeFiles/FOC.elf.dir/Drivers/FOC/Function.c.obj
                0x20000044                SIN_TABLE
 .data.uwTickFreq
                0x20000448        0x1 CMakeFiles/FOC.elf.dir/Drivers/STM32F1xx_HAL_Driver/Src/stm32f1xx_hal.c.obj
                0x20000448                uwTickFreq
 *fill*         0x20000449        0x3 
 .data.uwTickPrio
                0x2000044c        0x4 CMakeFiles/FOC.elf.dir/Drivers/STM32F1xx_HAL_Driver/Src/stm32f1xx_hal.c.obj
                0x2000044c                uwTickPrio
 .data._impure_ptr
                0x20000450        0x4 d:/progra~2/gnuarm~1/102021~1.10/bin/../lib/gcc/arm-none-eabi/10.3.1/../../../../arm-none-eabi/lib/thumb/v7-m/nofp\libg.a(lib_a-impure.o)
                0x20000450                _impure_ptr
 *fill*         0x20000454        0x4 
 .data.impure_data
                0x20000458      0x428 d:/progra~2/gnuarm~1/102021~1.10/bin/../lib/gcc/arm-none-eabi/10.3.1/../../../../arm-none-eabi/lib/thumb/v7-m/nofp\libg.a(lib_a-impure.o)
 .data.__atexit_recursive_mutex
                0x20000880        0x4 d:/progra~2/gnuarm~1/102021~1.10/bin/../lib/gcc/arm-none-eabi/10.3.1/../../../../arm-none-eabi/lib/thumb/v7-m/nofp\libg.a(lib_a-__call_atexit.o)
                0x20000880                __atexit_recursive_mutex
 .data.__malloc_av_
                0x20000884      0x408 d:/progra~2/gnuarm~1/102021~1.10/bin/../lib/gcc/arm-none-eabi/10.3.1/../../../../arm-none-eabi/lib/thumb/v7-m/nofp\libg.a(lib_a-mallocr.o)
                0x20000884                __malloc_av_
 .data.__malloc_sbrk_base
                0x20000c8c        0x4 d:/progra~2/gnuarm~1/102021~1.10/bin/../lib/gcc/arm-none-eabi/10.3.1/../../../../arm-none-eabi/lib/thumb/v7-m/nofp\libg.a(lib_a-mallocr.o)
                0x20000c8c                __malloc_sbrk_base
 .data.__malloc_trim_threshold
                0x20000c90        0x4 d:/progra~2/gnuarm~1/102021~1.10/bin/../lib/gcc/arm-none-eabi/10.3.1/../../../../arm-none-eabi/lib/thumb/v7-m/nofp\libg.a(lib_a-mallocr.o)
                0x20000c90                __malloc_trim_threshold
 .data.__global_locale
                0x20000c94      0x16c d:/progra~2/gnuarm~1/102021~1.10/bin/../lib/gcc/arm-none-eabi/10.3.1/../../../../arm-none-eabi/lib/thumb/v7-m/nofp\libg.a(lib_a-locale.o)
                0x20000c94                __global_locale
 *(.RamFunc)
 *(.RamFunc*)
                0x20000e00                . = ALIGN (0x4)
                0x20000e00                _edata = .

.igot.plt       0x20000e00        0x0 load address 0x0800db6c
 .igot.plt      0x20000e00        0x0 d:/progra~2/gnuarm~1/102021~1.10/bin/../lib/gcc/arm-none-eabi/10.3.1/thumb/v7-m/nofp/crtbegin.o
                0x20000e00                . = ALIGN (0x4)

.bss            0x20000e00      0x4b4 load address 0x0800db6c
                0x20000e00                _sbss = .
                0x20000e00                __bss_start__ = _sbss
 *(.bss)
 .bss           0x20000e00       0x1c d:/progra~2/gnuarm~1/102021~1.10/bin/../lib/gcc/arm-none-eabi/10.3.1/thumb/v7-m/nofp/crtbegin.o
 *(.bss*)
 .bss.hadc1     0x20000e1c       0x30 CMakeFiles/FOC.elf.dir/Core/Src/adc.c.obj
                0x20000e1c                hadc1
 .bss.hdma_adc1
                0x20000e4c       0x44 CMakeFiles/FOC.elf.dir/Core/Src/adc.c.obj
                0x20000e4c                hdma_adc1
 .bss.hcan      0x20000e90       0x28 CMakeFiles/FOC.elf.dir/Core/Src/can.c.obj
                0x20000e90                hcan
 .bss.hspi1     0x20000eb8       0x58 CMakeFiles/FOC.elf.dir/Core/Src/spi.c.obj
                0x20000eb8                hspi1
 .bss.__sbrk_heap_end
                0x20000f10        0x4 CMakeFiles/FOC.elf.dir/Core/Src/sysmem.c.obj
 .bss.htim1     0x20000f14       0x48 CMakeFiles/FOC.elf.dir/Core/Src/tim.c.obj
                0x20000f14                htim1
 .bss.htim4     0x20000f5c       0x48 CMakeFiles/FOC.elf.dir/Core/Src/tim.c.obj
                0x20000f5c                htim4
 .bss.hdma_usart1_rx
                0x20000fa4       0x44 CMakeFiles/FOC.elf.dir/Core/Src/usart.c.obj
                0x20000fa4                hdma_usart1_rx
 .bss.hdma_usart1_tx
                0x20000fe8       0x44 CMakeFiles/FOC.elf.dir/Core/Src/usart.c.obj
                0x20000fe8                hdma_usart1_tx
 .bss.huart1    0x2000102c       0x48 CMakeFiles/FOC.elf.dir/Core/Src/usart.c.obj
                0x2000102c                huart1
 .bss.SpeedFilter
                0x20001074        0x8 CMakeFiles/FOC.elf.dir/Drivers/FOC/DTek_TLE5012B.c.obj
                0x20001074                SpeedFilter
 .bss._registers
                0x2000107c       0x10 CMakeFiles/FOC.elf.dir/Drivers/FOC/DTek_TLE5012B.c.obj
                0x2000107c                _registers
 .bss.Last_Angle
                0x2000108c        0x4 CMakeFiles/FOC.elf.dir/Drivers/FOC/FOC.cpp.obj
                0x2000108c                Last_Angle
 .bss._ZZNK3FOC12Get_velocityEvE21last_mechanical_angle
                0x20001090        0x4 CMakeFiles/FOC.elf.dir/Drivers/FOC/FOC.cpp.obj
 .bss._ZZNK3FOC12Get_velocityEvE8pre_tick
                0x20001094        0x4 CMakeFiles/FOC.elf.dir/Drivers/FOC/FOC.cpp.obj
 .bss.foc       0x20001098      0x1d0 CMakeFiles/FOC.elf.dir/Drivers/FOC/MainThread.cpp.obj
                0x20001098                foc
 .bss.uwTick    0x20001268        0x4 CMakeFiles/FOC.elf.dir/Drivers/STM32F1xx_HAL_Driver/Src/stm32f1xx_hal.c.obj
                0x20001268                uwTick
 .bss.__lock___atexit_recursive_mutex
                0x2000126c        0x1 d:/progra~2/gnuarm~1/102021~1.10/bin/../lib/gcc/arm-none-eabi/10.3.1/../../../../arm-none-eabi/lib/thumb/v7-m/nofp\libg.a(lib_a-lock.o)
                0x2000126c                __lock___atexit_recursive_mutex
 *fill*         0x2000126d        0x3 
 .bss.__lock___malloc_recursive_mutex
                0x20001270        0x1 d:/progra~2/gnuarm~1/102021~1.10/bin/../lib/gcc/arm-none-eabi/10.3.1/../../../../arm-none-eabi/lib/thumb/v7-m/nofp\libg.a(lib_a-lock.o)
                0x20001270                __lock___malloc_recursive_mutex
 *fill*         0x20001271        0x3 
 .bss.__lock___sfp_recursive_mutex
                0x20001274        0x1 d:/progra~2/gnuarm~1/102021~1.10/bin/../lib/gcc/arm-none-eabi/10.3.1/../../../../arm-none-eabi/lib/thumb/v7-m/nofp\libg.a(lib_a-lock.o)
                0x20001274                __lock___sfp_recursive_mutex
 *fill*         0x20001275        0x3 
 .bss.__lock___sinit_recursive_mutex
                0x20001278        0x1 d:/progra~2/gnuarm~1/102021~1.10/bin/../lib/gcc/arm-none-eabi/10.3.1/../../../../arm-none-eabi/lib/thumb/v7-m/nofp\libg.a(lib_a-lock.o)
                0x20001278                __lock___sinit_recursive_mutex
 *fill*         0x20001279        0x3 
 .bss.__malloc_current_mallinfo
                0x2000127c       0x28 d:/progra~2/gnuarm~1/102021~1.10/bin/../lib/gcc/arm-none-eabi/10.3.1/../../../../arm-none-eabi/lib/thumb/v7-m/nofp\libg.a(lib_a-mallocr.o)
                0x2000127c                __malloc_current_mallinfo
 .bss.__malloc_max_sbrked_mem
                0x200012a4        0x4 d:/progra~2/gnuarm~1/102021~1.10/bin/../lib/gcc/arm-none-eabi/10.3.1/../../../../arm-none-eabi/lib/thumb/v7-m/nofp\libg.a(lib_a-mallocr.o)
                0x200012a4                __malloc_max_sbrked_mem
 .bss.__malloc_max_total_mem
                0x200012a8        0x4 d:/progra~2/gnuarm~1/102021~1.10/bin/../lib/gcc/arm-none-eabi/10.3.1/../../../../arm-none-eabi/lib/thumb/v7-m/nofp\libg.a(lib_a-mallocr.o)
                0x200012a8                __malloc_max_total_mem
 .bss.__malloc_top_pad
                0x200012ac        0x4 d:/progra~2/gnuarm~1/102021~1.10/bin/../lib/gcc/arm-none-eabi/10.3.1/../../../../arm-none-eabi/lib/thumb/v7-m/nofp\libg.a(lib_a-mallocr.o)
                0x200012ac                __malloc_top_pad
 .bss.errno     0x200012b0        0x4 d:/progra~2/gnuarm~1/102021~1.10/bin/../lib/gcc/arm-none-eabi/10.3.1/../../../../arm-none-eabi/lib/thumb/v7-m/nofp\libg.a(lib_a-reent.o)
                0x200012b0                errno
 *(COMMON)
                0x200012b4                . = ALIGN (0x4)
                0x200012b4                _ebss = .
                0x200012b4                __bss_end__ = _ebss

._user_heap_stack
                0x200012b4      0x604 load address 0x0800db6c
                0x200012b8                . = ALIGN (0x8)
 *fill*         0x200012b4        0x4 
                [!provide]                PROVIDE (end = .)
                0x200012b8                PROVIDE (_end = .)
                0x200014b8                . = (. + _Min_Heap_Size)
 *fill*         0x200012b8      0x200 
                0x200018b8                . = (. + _Min_Stack_Size)
 *fill*         0x200014b8      0x400 
                0x200018b8                . = ALIGN (0x8)

/DISCARD/
 libc.a(*)
 libm.a(*)
 libgcc.a(*)

.ARM.attributes
                0x00000000       0x29
 *(.ARM.attributes)
 .ARM.attributes
                0x00000000       0x1d d:/progra~2/gnuarm~1/102021~1.10/bin/../lib/gcc/arm-none-eabi/10.3.1/thumb/v7-m/nofp/crti.o
 .ARM.attributes
                0x0000001d       0x2d d:/progra~2/gnuarm~1/102021~1.10/bin/../lib/gcc/arm-none-eabi/10.3.1/thumb/v7-m/nofp/crtbegin.o
 .ARM.attributes
                0x0000004a       0x2d CMakeFiles/FOC.elf.dir/Core/Src/adc.c.obj
 .ARM.attributes
                0x00000077       0x2d CMakeFiles/FOC.elf.dir/Core/Src/can.c.obj
 .ARM.attributes
                0x000000a4       0x2d CMakeFiles/FOC.elf.dir/Core/Src/dma.c.obj
 .ARM.attributes
                0x000000d1       0x2d CMakeFiles/FOC.elf.dir/Core/Src/gpio.c.obj
 .ARM.attributes
                0x000000fe       0x2d CMakeFiles/FOC.elf.dir/Core/Src/main.c.obj
 .ARM.attributes
                0x0000012b       0x2d CMakeFiles/FOC.elf.dir/Core/Src/spi.c.obj
 .ARM.attributes
                0x00000158       0x2d CMakeFiles/FOC.elf.dir/Core/Src/stm32f1xx_hal_msp.c.obj
 .ARM.attributes
                0x00000185       0x2d CMakeFiles/FOC.elf.dir/Core/Src/stm32f1xx_it.c.obj
 .ARM.attributes
                0x000001b2       0x2d CMakeFiles/FOC.elf.dir/Core/Src/syscalls.c.obj
 .ARM.attributes
                0x000001df       0x2d CMakeFiles/FOC.elf.dir/Core/Src/sysmem.c.obj
 .ARM.attributes
                0x0000020c       0x2d CMakeFiles/FOC.elf.dir/Core/Src/system_stm32f1xx.c.obj
 .ARM.attributes
                0x00000239       0x2d CMakeFiles/FOC.elf.dir/Core/Src/tim.c.obj
 .ARM.attributes
                0x00000266       0x2d CMakeFiles/FOC.elf.dir/Core/Src/usart.c.obj
 .ARM.attributes
                0x00000293       0x2d CMakeFiles/FOC.elf.dir/Core/Src/utilities.c.obj
 .ARM.attributes
                0x000002c0       0x21 CMakeFiles/FOC.elf.dir/Core/Startup/startup_stm32f103c8tx.s.obj
 .ARM.attributes
                0x000002e1       0x2d CMakeFiles/FOC.elf.dir/Drivers/FOC/DTek_TLE5012B.c.obj
 .ARM.attributes
                0x0000030e       0x2d CMakeFiles/FOC.elf.dir/Drivers/FOC/FOC.cpp.obj
 .ARM.attributes
                0x0000033b       0x2d CMakeFiles/FOC.elf.dir/Drivers/FOC/Function.c.obj
 .ARM.attributes
                0x00000368       0x2d CMakeFiles/FOC.elf.dir/Drivers/FOC/MainThread.cpp.obj
 .ARM.attributes
                0x00000395       0x2d CMakeFiles/FOC.elf.dir/Drivers/STM32F1xx_HAL_Driver/Src/stm32f1xx_hal.c.obj
 .ARM.attributes
                0x000003c2       0x2d CMakeFiles/FOC.elf.dir/Drivers/STM32F1xx_HAL_Driver/Src/stm32f1xx_hal_adc.c.obj
 .ARM.attributes
                0x000003ef       0x2d CMakeFiles/FOC.elf.dir/Drivers/STM32F1xx_HAL_Driver/Src/stm32f1xx_hal_adc_ex.c.obj
 .ARM.attributes
                0x0000041c       0x2d CMakeFiles/FOC.elf.dir/Drivers/STM32F1xx_HAL_Driver/Src/stm32f1xx_hal_can.c.obj
 .ARM.attributes
                0x00000449       0x2d CMakeFiles/FOC.elf.dir/Drivers/STM32F1xx_HAL_Driver/Src/stm32f1xx_hal_cortex.c.obj
 .ARM.attributes
                0x00000476       0x2d CMakeFiles/FOC.elf.dir/Drivers/STM32F1xx_HAL_Driver/Src/stm32f1xx_hal_dma.c.obj
 .ARM.attributes
                0x000004a3       0x2d CMakeFiles/FOC.elf.dir/Drivers/STM32F1xx_HAL_Driver/Src/stm32f1xx_hal_gpio.c.obj
 .ARM.attributes
                0x000004d0       0x2d CMakeFiles/FOC.elf.dir/Drivers/STM32F1xx_HAL_Driver/Src/stm32f1xx_hal_rcc.c.obj
 .ARM.attributes
                0x000004fd       0x2d CMakeFiles/FOC.elf.dir/Drivers/STM32F1xx_HAL_Driver/Src/stm32f1xx_hal_rcc_ex.c.obj
 .ARM.attributes
                0x0000052a       0x2d CMakeFiles/FOC.elf.dir/Drivers/STM32F1xx_HAL_Driver/Src/stm32f1xx_hal_spi.c.obj
 .ARM.attributes
                0x00000557       0x2d CMakeFiles/FOC.elf.dir/Drivers/STM32F1xx_HAL_Driver/Src/stm32f1xx_hal_tim.c.obj
 .ARM.attributes
                0x00000584       0x2d CMakeFiles/FOC.elf.dir/Drivers/STM32F1xx_HAL_Driver/Src/stm32f1xx_hal_tim_ex.c.obj
 .ARM.attributes
                0x000005b1       0x2d CMakeFiles/FOC.elf.dir/Drivers/STM32F1xx_HAL_Driver/Src/stm32f1xx_hal_uart.c.obj
 .ARM.attributes
                0x000005de       0x2d d:/progra~2/gnuarm~1/102021~1.10/bin/../lib/gcc/arm-none-eabi/10.3.1/../../../../arm-none-eabi/lib/thumb/v7-m/nofp\libm.a(lib_a-w_fmod.o)
 .ARM.attributes
                0x0000060b       0x2d d:/progra~2/gnuarm~1/102021~1.10/bin/../lib/gcc/arm-none-eabi/10.3.1/../../../../arm-none-eabi/lib/thumb/v7-m/nofp\libm.a(lib_a-e_fmod.o)
 .ARM.attributes
                0x00000638       0x1d d:/progra~2/gnuarm~1/102021~1.10/bin/../lib/gcc/arm-none-eabi/10.3.1/thumb/v7-m/nofp\libgcc.a(_arm_addsubdf3.o)
 .ARM.attributes
                0x00000655       0x1d d:/progra~2/gnuarm~1/102021~1.10/bin/../lib/gcc/arm-none-eabi/10.3.1/thumb/v7-m/nofp\libgcc.a(_arm_muldivdf3.o)
 .ARM.attributes
                0x00000672       0x1d d:/progra~2/gnuarm~1/102021~1.10/bin/../lib/gcc/arm-none-eabi/10.3.1/thumb/v7-m/nofp\libgcc.a(_arm_cmpdf2.o)
 .ARM.attributes
                0x0000068f       0x1d d:/progra~2/gnuarm~1/102021~1.10/bin/../lib/gcc/arm-none-eabi/10.3.1/thumb/v7-m/nofp\libgcc.a(_arm_unorddf2.o)
 .ARM.attributes
                0x000006ac       0x1d d:/progra~2/gnuarm~1/102021~1.10/bin/../lib/gcc/arm-none-eabi/10.3.1/thumb/v7-m/nofp\libgcc.a(_arm_truncdfsf2.o)
 .ARM.attributes
                0x000006c9       0x1d d:/progra~2/gnuarm~1/102021~1.10/bin/../lib/gcc/arm-none-eabi/10.3.1/thumb/v7-m/nofp\libgcc.a(_arm_addsubsf3.o)
 .ARM.attributes
                0x000006e6       0x1d d:/progra~2/gnuarm~1/102021~1.10/bin/../lib/gcc/arm-none-eabi/10.3.1/thumb/v7-m/nofp\libgcc.a(_arm_muldivsf3.o)
 .ARM.attributes
                0x00000703       0x1d d:/progra~2/gnuarm~1/102021~1.10/bin/../lib/gcc/arm-none-eabi/10.3.1/thumb/v7-m/nofp\libgcc.a(_arm_cmpsf2.o)
 .ARM.attributes
                0x00000720       0x1d d:/progra~2/gnuarm~1/102021~1.10/bin/../lib/gcc/arm-none-eabi/10.3.1/thumb/v7-m/nofp\libgcc.a(_arm_fixsfsi.o)
 .ARM.attributes
                0x0000073d       0x1d d:/progra~2/gnuarm~1/102021~1.10/bin/../lib/gcc/arm-none-eabi/10.3.1/thumb/v7-m/nofp\libgcc.a(_arm_fixunssfsi.o)
 .ARM.attributes
                0x0000075a       0x2d d:/progra~2/gnuarm~1/102021~1.10/bin/../lib/gcc/arm-none-eabi/10.3.1/thumb/v7-m/nofp\libgcc.a(unwind-arm.o)
 .ARM.attributes
                0x00000787       0x1d d:/progra~2/gnuarm~1/102021~1.10/bin/../lib/gcc/arm-none-eabi/10.3.1/thumb/v7-m/nofp\libgcc.a(libunwind.o)
 .ARM.attributes
                0x000007a4       0x2d d:/progra~2/gnuarm~1/102021~1.10/bin/../lib/gcc/arm-none-eabi/10.3.1/thumb/v7-m/nofp\libgcc.a(pr-support.o)
 .ARM.attributes
                0x000007d1       0x2d d:/progra~2/gnuarm~1/102021~1.10/bin/../lib/gcc/arm-none-eabi/10.3.1/../../../../arm-none-eabi/lib/thumb/v7-m/nofp\libg.a(lib_a-abort.o)
 .ARM.attributes
                0x000007fe       0x2d d:/progra~2/gnuarm~1/102021~1.10/bin/../lib/gcc/arm-none-eabi/10.3.1/../../../../arm-none-eabi/lib/thumb/v7-m/nofp\libg.a(lib_a-errno.o)
 .ARM.attributes
                0x0000082b       0x2d d:/progra~2/gnuarm~1/102021~1.10/bin/../lib/gcc/arm-none-eabi/10.3.1/../../../../arm-none-eabi/lib/thumb/v7-m/nofp\libg.a(lib_a-impure.o)
 .ARM.attributes
                0x00000858       0x2d d:/progra~2/gnuarm~1/102021~1.10/bin/../lib/gcc/arm-none-eabi/10.3.1/../../../../arm-none-eabi/lib/thumb/v7-m/nofp\libg.a(lib_a-init.o)
 .ARM.attributes
                0x00000885       0x1b d:/progra~2/gnuarm~1/102021~1.10/bin/../lib/gcc/arm-none-eabi/10.3.1/../../../../arm-none-eabi/lib/thumb/v7-m/nofp\libg.a(lib_a-memcpy.o)
 .ARM.attributes
                0x000008a0       0x2d d:/progra~2/gnuarm~1/102021~1.10/bin/../lib/gcc/arm-none-eabi/10.3.1/../../../../arm-none-eabi/lib/thumb/v7-m/nofp\libg.a(lib_a-memset.o)
 .ARM.attributes
                0x000008cd       0x2d d:/progra~2/gnuarm~1/102021~1.10/bin/../lib/gcc/arm-none-eabi/10.3.1/../../../../arm-none-eabi/lib/thumb/v7-m/nofp\libg.a(lib_a-printf.o)
 .ARM.attributes
                0x000008fa       0x2d d:/progra~2/gnuarm~1/102021~1.10/bin/../lib/gcc/arm-none-eabi/10.3.1/../../../../arm-none-eabi/lib/thumb/v7-m/nofp\libg.a(lib_a-signal.o)
 .ARM.attributes
                0x00000927       0x2d d:/progra~2/gnuarm~1/102021~1.10/bin/../lib/gcc/arm-none-eabi/10.3.1/../../../../arm-none-eabi/lib/thumb/v7-m/nofp\libg.a(lib_a-signalr.o)
 .ARM.attributes
                0x00000954       0x2d d:/progra~2/gnuarm~1/102021~1.10/bin/../lib/gcc/arm-none-eabi/10.3.1/../../../../arm-none-eabi/lib/thumb/v7-m/nofp\libg.a(lib_a-vfprintf.o)
 .ARM.attributes
                0x00000981       0x2d d:/progra~2/gnuarm~1/102021~1.10/bin/../lib/gcc/arm-none-eabi/10.3.1/../../../../arm-none-eabi/lib/thumb/v7-m/nofp\libg.a(lib_a-wsetup.o)
 .ARM.attributes
                0x000009ae       0x2d d:/progra~2/gnuarm~1/102021~1.10/bin/../lib/gcc/arm-none-eabi/10.3.1/../../../../arm-none-eabi/lib/thumb/v7-m/nofp\libg.a(lib_a-__call_atexit.o)
 .ARM.attributes
                0x000009db       0x2d d:/progra~2/gnuarm~1/102021~1.10/bin/../lib/gcc/arm-none-eabi/10.3.1/../../../../arm-none-eabi/lib/thumb/v7-m/nofp\libg.a(lib_a-atexit.o)
 .ARM.attributes
                0x00000a08       0x2d d:/progra~2/gnuarm~1/102021~1.10/bin/../lib/gcc/arm-none-eabi/10.3.1/../../../../arm-none-eabi/lib/thumb/v7-m/nofp\libg.a(lib_a-dtoa.o)
 .ARM.attributes
                0x00000a35       0x2d d:/progra~2/gnuarm~1/102021~1.10/bin/../lib/gcc/arm-none-eabi/10.3.1/../../../../arm-none-eabi/lib/thumb/v7-m/nofp\libg.a(lib_a-fflush.o)
 .ARM.attributes