Archive member included to satisfy reference by file (symbol)

d:/progra~2/gnuarm~1/102021~1.10/bin/../lib/gcc/arm-none-eabi/10.3.1/../../../../arm-none-eabi/lib/thumb/v7-m/nofp\libm.a(lib_a-w_fmod.o)
                              CMakeFiles/FOC.elf.dir/Drivers/FOC/Function.c.obj (fmod)
d:/progra~2/gnuarm~1/102021~1.10/bin/../lib/gcc/arm-none-eabi/10.3.1/../../../../arm-none-eabi/lib/thumb/v7-m/nofp\libm.a(lib_a-e_fmod.o)
                              d:/progra~2/gnuarm~1/102021~1.10/bin/../lib/gcc/arm-none-eabi/10.3.1/../../../../arm-none-eabi/lib/thumb/v7-m/nofp\libm.a(lib_a-w_fmod.o) (__ieee754_fmod)
d:/progra~2/gnuarm~1/102021~1.10/bin/../lib/gcc/arm-none-eabi/10.3.1/thumb/v7-m/nofp\libgcc.a(_arm_muldf3.o)
                              CMakeFiles/FOC.elf.dir/Drivers/FOC/DTek_TLE5012B.c.obj (__aeabi_dmul)
d:/progra~2/gnuarm~1/102021~1.10/bin/../lib/gcc/arm-none-eabi/10.3.1/thumb/v7-m/nofp\libgcc.a(_arm_mulsf3.o)
                              CMakeFiles/FOC.elf.dir/Core/Src/utilities.c.obj (__aeabi_fmul)
d:/progra~2/gnuarm~1/102021~1.10/bin/../lib/gcc/arm-none-eabi/10.3.1/thumb/v7-m/nofp\libgcc.a(_arm_addsubdf3.o)
                              CMakeFiles/FOC.elf.dir/Drivers/FOC/DTek_TLE5012B.c.obj (__aeabi_ui2d)
d:/progra~2/gnuarm~1/102021~1.10/bin/../lib/gcc/arm-none-eabi/10.3.1/thumb/v7-m/nofp\libgcc.a(_arm_muldivdf3.o)
                              CMakeFiles/FOC.elf.dir/Drivers/FOC/DTek_TLE5012B.c.obj (__aeabi_ddiv)
d:/progra~2/gnuarm~1/102021~1.10/bin/../lib/gcc/arm-none-eabi/10.3.1/thumb/v7-m/nofp\libgcc.a(_arm_cmpdf2.o)
                              d:/progra~2/gnuarm~1/102021~1.10/bin/../lib/gcc/arm-none-eabi/10.3.1/../../../../arm-none-eabi/lib/thumb/v7-m/nofp\libm.a(lib_a-w_fmod.o) (__aeabi_dcmpeq)
d:/progra~2/gnuarm~1/102021~1.10/bin/../lib/gcc/arm-none-eabi/10.3.1/thumb/v7-m/nofp\libgcc.a(_arm_unorddf2.o)
                              d:/progra~2/gnuarm~1/102021~1.10/bin/../lib/gcc/arm-none-eabi/10.3.1/../../../../arm-none-eabi/lib/thumb/v7-m/nofp\libm.a(lib_a-w_fmod.o) (__aeabi_dcmpun)
d:/progra~2/gnuarm~1/102021~1.10/bin/../lib/gcc/arm-none-eabi/10.3.1/thumb/v7-m/nofp\libgcc.a(_arm_truncdfsf2.o)
                              CMakeFiles/FOC.elf.dir/Drivers/FOC/DTek_TLE5012B.c.obj (__aeabi_d2f)
d:/progra~2/gnuarm~1/102021~1.10/bin/../lib/gcc/arm-none-eabi/10.3.1/thumb/v7-m/nofp\libgcc.a(_arm_addsubsf3.o)
                              CMakeFiles/FOC.elf.dir/Drivers/FOC/FOC.cpp.obj (__aeabi_fsub)
d:/progra~2/gnuarm~1/102021~1.10/bin/../lib/gcc/arm-none-eabi/10.3.1/thumb/v7-m/nofp\libgcc.a(_arm_muldivsf3.o)
                              CMakeFiles/FOC.elf.dir/Core/Src/utilities.c.obj (__aeabi_fdiv)
d:/progra~2/gnuarm~1/102021~1.10/bin/../lib/gcc/arm-none-eabi/10.3.1/thumb/v7-m/nofp\libgcc.a(_arm_cmpsf2.o)
                              CMakeFiles/FOC.elf.dir/Drivers/FOC/FOC.cpp.obj (__aeabi_fcmplt)
d:/progra~2/gnuarm~1/102021~1.10/bin/../lib/gcc/arm-none-eabi/10.3.1/thumb/v7-m/nofp\libgcc.a(_arm_fixsfsi.o)
                              CMakeFiles/FOC.elf.dir/Drivers/FOC/Function.c.obj (__aeabi_f2iz)
d:/progra~2/gnuarm~1/102021~1.10/bin/../lib/gcc/arm-none-eabi/10.3.1/thumb/v7-m/nofp\libgcc.a(_arm_fixunssfsi.o)
                              CMakeFiles/FOC.elf.dir/Drivers/FOC/FOC.cpp.obj (__aeabi_f2uiz)
d:/progra~2/gnuarm~1/102021~1.10/bin/../lib/gcc/arm-none-eabi/10.3.1/thumb/v7-m/nofp\libgcc.a(unwind-arm.o)
                              CMakeFiles/FOC.elf.dir/Drivers/FOC/FOC.cpp.obj (__aeabi_unwind_cpp_pr0)
d:/progra~2/gnuarm~1/102021~1.10/bin/../lib/gcc/arm-none-eabi/10.3.1/thumb/v7-m/nofp\libgcc.a(libunwind.o)
                              d:/progra~2/gnuarm~1/102021~1.10/bin/../lib/gcc/arm-none-eabi/10.3.1/thumb/v7-m/nofp\libgcc.a(unwind-arm.o) (restore_core_regs)
d:/progra~2/gnuarm~1/102021~1.10/bin/../lib/gcc/arm-none-eabi/10.3.1/thumb/v7-m/nofp\libgcc.a(pr-support.o)
                              d:/progra~2/gnuarm~1/102021~1.10/bin/../lib/gcc/arm-none-eabi/10.3.1/thumb/v7-m/nofp\libgcc.a(unwind-arm.o) (__gnu_unwind_execute)
d:/progra~2/gnuarm~1/102021~1.10/bin/../lib/gcc/arm-none-eabi/10.3.1/../../../../arm-none-eabi/lib/thumb/v7-m/nofp\libg.a(lib_a-abort.o)
                              d:/progra~2/gnuarm~1/102021~1.10/bin/../lib/gcc/arm-none-eabi/10.3.1/thumb/v7-m/nofp\libgcc.a(unwind-arm.o) (abort)
d:/progra~2/gnuarm~1/102021~1.10/bin/../lib/gcc/arm-none-eabi/10.3.1/../../../../arm-none-eabi/lib/thumb/v7-m/nofp\libg.a(lib_a-errno.o)
                              CMakeFiles/FOC.elf.dir/Core/Src/syscalls.c.obj (__errno)
d:/progra~2/gnuarm~1/102021~1.10/bin/../lib/gcc/arm-none-eabi/10.3.1/../../../../arm-none-eabi/lib/thumb/v7-m/nofp\libg.a(lib_a-exit.o)
                              d:/progra~2/gnuarm~1/102021~1.10/bin/../lib/gcc/arm-none-eabi/10.3.1/../../../../arm-none-eabi/lib/thumb/v7-m/nofp/crt0.o (exit)
d:/progra~2/gnuarm~1/102021~1.10/bin/../lib/gcc/arm-none-eabi/10.3.1/../../../../arm-none-eabi/lib/thumb/v7-m/nofp\libg.a(lib_a-impure.o)
[...]
Memory Configuration

Name             Origin             Length             Attributes
RAM              0x20000000         0x00005000         xrw
FLASH            0x08000000         0x00010000         xr
*default*        0x00000000         0xffffffff

Linker script and memory map

LOAD d:/progra~2/gnuarm~1/102021~1.10/bin/../lib/gcc/arm-none-eabi/10.3.1/thumb/v7-m/nofp/crti.o
LOAD d:/progra~2/gnuarm~1/102021~1.10/bin/../lib/gcc/arm-none-eabi/10.3.1/thumb/v7-m/nofp/crtbegin.o
LOAD d:/progra~2/gnuarm~1/102021~1.10/bin/../lib/gcc/arm-none-eabi/10.3.1/../../../../arm-none-eabi/lib/thumb/v7-m/nofp/crt0.o
LOAD CMakeFiles/FOC.elf.dir/Core/Src/adc.c.obj
LOAD CMakeFiles/FOC.elf.dir/Core/Src/can.c.obj
LOAD CMakeFiles/FOC.elf.dir/Core/Src/dma.c.obj
LOAD CMakeFiles/FOC.elf.dir/Core/Src/gpio.c.obj
LOAD CMakeFiles/FOC.elf.dir/Core/Src/main.c.obj
LOAD CMakeFiles/FOC.elf.dir/Core/Src/spi.c.obj
LOAD CMakeFiles/FOC.elf.dir/Core/Src/stm32f1xx_hal_msp.c.obj
LOAD CMakeFiles/FOC.elf.dir/Core/Src/stm32f1xx_it.c.obj
LOAD CMakeFiles/FOC.elf.dir/Core/Src/syscalls.c.obj
LOAD CMakeFiles/FOC.elf.dir/Core/Src/sysmem.c.obj
LOAD CMakeFiles/FOC.elf.dir/Core/Src/system_stm32f1xx.c.obj
LOAD CMakeFiles/FOC.elf.dir/Core/Src/tim.c.obj
LOAD CMakeFiles/FOC.elf.dir/Core/Src/usart.c.obj
LOAD CMakeFiles/FOC.elf.dir/Core/Src/utilities.c.obj
LOAD CMakeFiles/FOC.elf.dir/Core/Startup/startup_stm32f103c8tx.s.obj
LOAD CMakeFiles/FOC.elf.dir/Drivers/FOC/DTek_TLE5012B.c.obj
LOAD CMakeFiles/FOC.elf.dir/Drivers/FOC/FOC.cpp.obj
LOAD CMakeFiles/FOC.elf.dir/Drivers/FOC/Function.c.obj
LOAD CMakeFiles/FOC.elf.dir/Drivers/FOC/MainThread.cpp.obj
LOAD CMakeFiles/FOC.elf.dir/Drivers/FOC/Time_utils.c.obj
LOAD CMakeFiles/FOC.elf.dir/Drivers/STM32F1xx_HAL_Driver/Src/stm32f1xx_hal.c.obj
LOAD CMakeFiles/FOC.elf.dir/Drivers/STM32F1xx_HAL_Driver/Src/stm32f1xx_hal_adc.c.obj
LOAD CMakeFiles/FOC.elf.dir/Drivers/STM32F1xx_HAL_Driver/Src/stm32f1xx_hal_adc_ex.c.obj
LOAD CMakeFiles/FOC.elf.dir/Drivers/STM32F1xx_HAL_Driver/Src/stm32f1xx_hal_can.c.obj
LOAD CMakeFiles/FOC.elf.dir/Drivers/STM32F1xx_HAL_Driver/Src/stm32f1xx_hal_cortex.c.obj
LOAD CMakeFiles/FOC.elf.dir/Drivers/STM32F1xx_HAL_Driver/Src/stm32f1xx_hal_dma.c.obj
LOAD CMakeFiles/FOC.elf.dir/Drivers/STM32F1xx_HAL_Driver/Src/stm32f1xx_hal_exti.c.obj
LOAD CMakeFiles/FOC.elf.dir/Drivers/STM32F1xx_HAL_Driver/Src/stm32f1xx_hal_flash.c.obj
LOAD CMakeFiles/FOC.elf.dir/Drivers/STM32F1xx_HAL_Driver/Src/stm32f1xx_hal_flash_ex.c.obj
LOAD CMakeFiles/FOC.elf.dir/Drivers/STM32F1xx_HAL_Driver/Src/stm32f1xx_hal_gpio.c.obj
LOAD CMakeFiles/FOC.elf.dir/Drivers/STM32F1xx_HAL_Driver/Src/stm32f1xx_hal_gpio_ex.c.obj
LOAD CMakeFiles/FOC.elf.dir/Drivers/STM32F1xx_HAL_Driver/Src/stm32f1xx_hal_pwr.c.obj
LOAD CMakeFiles/FOC.elf.dir/Drivers/STM32F1xx_HAL_Driver/Src/stm32f1xx_hal_rcc.c.obj
LOAD CMakeFiles/FOC.elf.dir/Drivers/STM32F1xx_HAL_Driver/Src/stm32f1xx_hal_rcc_ex.c.obj
LOAD CMakeFiles/FOC.elf.dir/Drivers/STM32F1xx_HAL_Driver/Src/stm32f1xx_hal_spi.c.obj
LOAD CMakeFiles/FOC.elf.dir/Drivers/STM32F1xx_HAL_Driver/Src/stm32f1xx_hal_tim.c.obj
LOAD CMakeFiles/FOC.elf.dir/Drivers/STM32F1xx_HAL_Driver/Src/stm32f1xx_hal_tim_ex.c.obj
LOAD CMakeFiles/FOC.elf.dir/Drivers/STM32F1xx_HAL_Driver/Src/stm32f1xx_hal_uart.c.obj
LOAD d:/progra~2/gnuarm~1/102021~1.10/bin/../lib/gcc/arm-none-eabi/10.3.1/../../../../arm-none-eabi/lib/thumb/v7-m/nofp\libstdc++.a
LOAD d:/progra~2/gnuarm~1/102021~1.10/bin/../lib/gcc/arm-none-eabi/10.3.1/../../../../arm-none-eabi/lib/thumb/v7-m/nofp\libm.a
START GROUP
LOAD d:/progra~2/gnuarm~1/102021~1.10/bin/../lib/gcc/arm-none-eabi/10.3.1/thumb/v7-m/nofp\libgcc.a
LOAD d:/progra~2/gnuarm~1/102021~1.10/bin/../lib/gcc/arm-none-eabi/10.3.1/../../../../arm-none-eabi/lib/thumb/v7-m/nofp\libg.a
LOAD d:/progra~2/gnuarm~1/102021~1.10/bin/../lib/gcc/arm-none-eabi/10.3.1/../../../../arm-none-eabi/lib/thumb/v7-m/nofp\libc.a
END GROUP
LOAD d:/progra~2/gnuarm~1/102021~1.10/bin/../lib/gcc/arm-none-eabi/10.3.1/thumb/v7-m/nofp/crtend.o
LOAD d:/progra~2/gnuarm~1/102021~1.10/bin/../lib/gcc/arm-none-eabi/10.3.1/thumb/v7-m/nofp/crtn.o
                0x20005000                _estack = (ORIGIN (RAM) + LENGTH (RAM))
                0x00000200                _Min_Heap_Size = 0x200
                0x00000400                _Min_Stack_Size = 0x400

.isr_vector     0x08000000      0x10c
                0x08000000                . = ALIGN (0x4)
 *(.isr_vector)
 .isr_vector    0x08000000      0x10c CMakeFiles/FOC.elf.dir/Core/Startup/startup_stm32f103c8tx.s.obj
                0x08000000                g_pfnVectors
                0x0800010c                . = ALIGN (0x4)

.text           0x08000110     0xbd64
                0x08000110                . = ALIGN (0x4)
 *(.text)
 .text          0x08000110       0x40 d:/progra~2/gnuarm~1/102021~1.10/bin/../lib/gcc/arm-none-eabi/10.3.1/thumb/v7-m/nofp/crtbegin.o
 .text          0x08000150      0x378 d:/progra~2/gnuarm~1/102021~1.10/bin/../lib/gcc/arm-none-eabi/10.3.1/thumb/v7-m/nofp\libgcc.a(_arm_addsubdf3.o)
                0x08000150                __aeabi_drsub
                0x08000158                __aeabi_dsub
                0x08000158                __subdf3
                0x0800015c                __aeabi_dadd
                0x0800015c                __adddf3
                0x080003d4                __floatunsidf
                0x080003d4                __aeabi_ui2d
                0x080003f4                __floatsidf
                0x080003f4                __aeabi_i2d
                0x08000418                __aeabi_f2d
                0x08000418                __extendsfdf2
                0x0800045c                __floatundidf
                0x0800045c                __aeabi_ul2d
                0x0800046c                __floatdidf
                0x0800046c                __aeabi_l2d
 .text          0x080004c8      0x424 d:/progra~2/gnuarm~1/102021~1.10/bin/../lib/gcc/arm-none-eabi/10.3.1/thumb/v7-m/nofp\libgcc.a(_arm_muldivdf3.o)
                0x080004c8                __aeabi_dmul
                0x080004c8                __muldf3
                0x0800071c                __divdf3
                0x0800071c                __aeabi_ddiv
 .text          0x080008ec      0x110 d:/progra~2/gnuarm~1/102021~1.10/bin/../lib/gcc/arm-none-eabi/10.3.1/thumb/v7-m/nofp\libgcc.a(_arm_cmpdf2.o)
                0x080008ec                __gtdf2
                0x080008ec                __gedf2
                0x080008f4                __ltdf2
                0x080008f4                __ledf2
                0x080008fc                __nedf2
                0x080008fc                __eqdf2
                0x080008fc                __cmpdf2
                0x08000978                __aeabi_cdrcmple
                0x08000988                __aeabi_cdcmpeq
                0x08000988                __aeabi_cdcmple
                0x08000998                __aeabi_dcmpeq
                0x080009ac                __aeabi_dcmplt
                0x080009c0                __aeabi_dcmple
                0x080009d4                __aeabi_dcmpge
                0x080009e8                __aeabi_dcmpgt
 .text          0x080009fc       0x2c d:/progra~2/gnuarm~1/102021~1.10/bin/../lib/gcc/arm-none-eabi/10.3.1/thumb/v7-m/nofp\libgcc.a(_arm_unorddf2.o)
                0x080009fc                __unorddf2
                0x080009fc                __aeabi_dcmpun
 .text          0x08000a28       0xa0 d:/progra~2/gnuarm~1/102021~1.10/bin/../lib/gcc/arm-none-eabi/10.3.1/thumb/v7-m/nofp\libgcc.a(_arm_truncdfsf2.o)
                0x08000a28                __truncdfsf2
                0x08000a28                __aeabi_d2f
 .text          0x08000ac8      0x21c d:/progra~2/gnuarm~1/102021~1.10/bin/../lib/gcc/arm-none-eabi/10.3.1/thumb/v7-m/nofp\libgcc.a(_arm_addsubsf3.o)
                0x08000ac8                __aeabi_frsub
                0x08000ad0                __subsf3
                0x08000ad0                __aeabi_fsub
                0x08000ad4                __aeabi_fadd
                0x08000ad4                __addsf3
                0x08000c34                __aeabi_ui2f
                0x08000c34                __floatunsisf
                0x08000c3c                __aeabi_i2f
                0x08000c3c                __floatsisf
                0x08000c58                __aeabi_ul2f
                0x08000c58                __floatundisf
                0x08000c68                __aeabi_l2f
                0x08000c68                __floatdisf
 .text          0x08000ce4      0x2a0 d:/progra~2/gnuarm~1/102021~1.10/bin/../lib/gcc/arm-none-eabi/10.3.1/thumb/v7-m/nofp\libgcc.a(_arm_muldivsf3.o)
                0x08000ce4                __mulsf3
                0x08000ce4                __aeabi_fmul
                0x08000e4c                __aeabi_fdiv
                0x08000e4c                __divsf3
 .text          0x08000f84       0xec d:/progra~2/gnuarm~1/102021~1.10/bin/../lib/gcc/arm-none-eabi/10.3.1/thumb/v7-m/nofp\libgcc.a(_arm_cmpsf2.o)
                0x08000f84                __gesf2
                0x08000f84                __gtsf2
                0x08000f8c                __lesf2
                0x08000f8c                __ltsf2
                0x08000f94                __nesf2
                0x08000f94                __eqsf2
                0x08000f94                __cmpsf2
                0x08000ff4                __aeabi_cfrcmple
                0x08000ffc                __aeabi_cfcmpeq
                0x08000ffc                __aeabi_cfcmple
                0x0800100c                __aeabi_fcmpeq
                0x08001020                __aeabi_fcmplt
                0x08001034                __aeabi_fcmple
                0x08001048                __aeabi_fcmpge
                0x0800105c                __aeabi_fcmpgt
 .text          0x08001070       0x4c d:/progra~2/gnuarm~1/102021~1.10/bin/../lib/gcc/arm-none-eabi/10.3.1/thumb/v7-m/nofp\libgcc.a(_arm_fixsfsi.o)
                0x08001070                __aeabi_f2iz
                0x08001070                __fixsfsi
 .text          0x080010bc       0x40 d:/progra~2/gnuarm~1/102021~1.10/bin/../lib/gcc/arm-none-eabi/10.3.1/thumb/v7-m/nofp\libgcc.a(_arm_fixunssfsi.o)
                0x080010bc                __fixunssfsi
                0x080010bc                __aeabi_f2uiz
 .text          0x080010fc      0x9e4 d:/progra~2/gnuarm~1/102021~1.10/bin/../lib/gcc/arm-none-eabi/10.3.1/thumb/v7-m/nofp\libgcc.a(unwind-arm.o)
                0x080013bc                _Unwind_GetCFA
                0x080013c0                __gnu_Unwind_RaiseException
                0x08001428                __gnu_Unwind_ForcedUnwind
                0x0800143c                __gnu_Unwind_Resume
                0x08001480                __gnu_Unwind_Resume_or_Rethrow
                0x08001494                _Unwind_Complete
                0x08001498                _Unwind_DeleteException
                0x080014a4                _Unwind_VRS_Get
                0x080014f0                _Unwind_VRS_Set
                0x08001538                __gnu_Unwind_Backtrace
                0x08001860                __aeabi_unwind_cpp_pr0
                0x08001864                __aeabi_unwind_cpp_pr1
                0x08001868                __aeabi_unwind_cpp_pr2
                0x0800186c                _Unwind_VRS_Pop
 .text          0x08001ae0      0x1ac d:/progra~2/gnuarm~1/102021~1.10/bin/../lib/gcc/arm-none-eabi/10.3.1/thumb/v7-m/nofp\libgcc.a(libunwind.o)
                0x08001ae0                __restore_core_regs
                0x08001ae0                restore_core_regs
                0x08001af8                __gnu_Unwind_Restore_VFP
                0x08001b00                __gnu_Unwind_Save_VFP
                0x08001b08                __gnu_Unwind_Restore_VFP_D
                0x08001b10                __gnu_Unwind_Save_VFP_D
                0x08001b18                __gnu_Unwind_Restore_VFP_D_16_to_31
                0x08001b20                __gnu_Unwind_Save_VFP_D_16_to_31
                0x08001b28                __gnu_Unwind_Restore_WMMXD
                0x08001b6c                __gnu_Unwind_Save_WMMXD
                0x08001bb0                __gnu_Unwind_Restore_WMMXC
                0x08001bc4                __gnu_Unwind_Save_WMMXC
                0x08001bd8                ___Unwind_RaiseException
                0x08001bd8                _Unwind_RaiseException
                0x08001bfc                _Unwind_Resume
                0x08001bfc                ___Unwind_Resume
                0x08001c20                _Unwind_Resume_or_Rethrow
                0x08001c20                ___Unwind_Resume_or_Rethrow
                0x08001c44                _Unwind_ForcedUnwind
                0x08001c44                ___Unwind_ForcedUnwind
                0x08001c68                ___Unwind_Backtrace
                0x08001c68                _Unwind_Backtrace
 .text          0x08001c8c      0x38c d:/progra~2/gnuarm~1/102021~1.10/bin/../lib/gcc/arm-none-eabi/10.3.1/thumb/v7-m/nofp\libgcc.a(pr-support.o)
                0x08001ce4                __gnu_unwind_execute
                0x08001fc8                __gnu_unwind_frame
                0x08001ff8                _Unwind_GetRegionStart
                0x08002004                _Unwind_GetLanguageSpecificData
 .text          0x08002018       0xec d:/progra~2/gnuarm~1/102021~1.10/bin/../lib/gcc/arm-none-eabi/10.3.1/../../../../arm-none-eabi/lib/thumb/v7-m/nofp\libg.a(lib_a-memcpy.o)
                0x08002018                memcpy
 .text          0x08002104       0x50 d:/progra~2/gnuarm~1/102021~1.10/bin/../lib/gcc/arm-none-eabi/10.3.1/thumb/v7-m/nofp\libgcc.a(_arm_fixdfsi.o)
                0x08002104                __aeabi_d2iz
                0x08002104                __fixdfsi
 .text          0x08002154       0x30 d:/progra~2/gnuarm~1/102021~1.10/bin/../lib/gcc/arm-none-eabi/10.3.1/thumb/v7-m/nofp\libgcc.a(_aeabi_uldivmod.o)
                0x08002154                __aeabi_uldivmod
 .text          0x08002184      0x2d4 d:/progra~2/gnuarm~1/102021~1.10/bin/../lib/gcc/arm-none-eabi/10.3.1/thumb/v7-m/nofp\libgcc.a(_udivmoddi4.o)
                0x08002184                __udivmoddi4
 .text          0x08002458        0x4 d:/progra~2/gnuarm~1/102021~1.10/bin/../lib/gcc/arm-none-eabi/10.3.1/thumb/v7-m/nofp\libgcc.a(_dvmd_tls.o)
                0x08002458                __aeabi_idiv0
                0x08002458                __aeabi_ldiv0
 *(.text*)
 .text.MX_ADC1_Init
                0x0800245c       0xa8 CMakeFiles/FOC.elf.dir/Core/Src/adc.c.obj
                0x0800245c                MX_ADC1_Init
 .text.HAL_ADC_MspInit
                0x08002504       0x9c CMakeFiles/FOC.elf.dir/Core/Src/adc.c.obj
                0x08002504                HAL_ADC_MspInit
 .text.MX_CAN_Init
                0x080025a0       0x38 CMakeFiles/FOC.elf.dir/Core/Src/can.c.obj
                0x080025a0                MX_CAN_Init
 .text.HAL_CAN_MspInit
                0x080025d8       0x74 CMakeFiles/FOC.elf.dir/Core/Src/can.c.obj
                0x080025d8                HAL_CAN_MspInit
 .text.MX_DMA_Init
                0x0800264c       0x54 CMakeFiles/FOC.elf.dir/Core/Src/dma.c.obj
                0x0800264c                MX_DMA_Init
 .text.MX_GPIO_Init
                0x080026a0      0x114 CMakeFiles/FOC.elf.dir/Core/Src/gpio.c.obj
                0x080026a0                MX_GPIO_Init
 .text.Error_Handler
                0x080027b4        0x4 CMakeFiles/FOC.elf.dir/Core/Src/main.c.obj
                0x080027b4                Error_Handler
 .text.SystemClock_Config
                0x080027b8       0x84 CMakeFiles/FOC.elf.dir/Core/Src/main.c.obj
                0x080027b8                SystemClock_Config
 .text.main     0x0800283c       0x2c CMakeFiles/FOC.elf.dir/Core/Src/main.c.obj
                0x0800283c                main
 .text.MX_SPI1_Init
                0x08002868       0x48 CMakeFiles/FOC.elf.dir/Core/Src/spi.c.obj
                0x08002868                MX_SPI1_Init
 .text.HAL_SPI_MspInit
                0x080028b0       0x74 CMakeFiles/FOC.elf.dir/Core/Src/spi.c.obj
                0x080028b0                HAL_SPI_MspInit
 .text.HAL_MspInit
                0x08002924       0x44 CMakeFiles/FOC.elf.dir/Core/Src/stm32f1xx_hal_msp.c.obj
                0x08002924                HAL_MspInit
 .text.NMI_Handler
                0x08002968        0x2 CMakeFiles/FOC.elf.dir/Core/Src/stm32f1xx_it.c.obj
                0x08002968                NMI_Handler
 .text.HardFault_Handler
                0x0800296a        0x2 CMakeFiles/FOC.elf.dir/Core/Src/stm32f1xx_it.c.obj
                0x0800296a                HardFault_Handler
 .text.MemManage_Handler
                0x0800296c        0x2 CMakeFiles/FOC.elf.dir/Core/Src/stm32f1xx_it.c.obj
                0x0800296c                MemManage_Handler
 .text.BusFault_Handler
                0x0800296e        0x2 CMakeFiles/FOC.elf.dir/Core/Src/stm32f1xx_it.c.obj
                0x0800296e                BusFault_Handler
 .text.UsageFault_Handler
                0x08002970        0x2 CMakeFiles/FOC.elf.dir/Core/Src/stm32f1xx_it.c.obj
                0x08002970                UsageFault_Handler
 .text.SVC_Handler
                0x08002972        0x2 CMakeFiles/FOC.elf.dir/Core/Src/stm32f1xx_it.c.obj
                0x08002972                SVC_Handler
 .text.DebugMon_Handler
                0x08002974        0x2 CMakeFiles/FOC.elf.dir/Core/Src/stm32f1xx_it.c.obj
                0x08002974                DebugMon_Handler
 .text.PendSV_Handler
                0x08002976        0x2 CMakeFiles/FOC.elf.dir/Core/Src/stm32f1xx_it.c.obj
                0x08002976                PendSV_Handler
 .text.SysTick_Handler
                0x08002978        0x8 CMakeFiles/FOC.elf.dir/Core/Src/stm32f1xx_it.c.obj
                0x08002978                SysTick_Handler
 .text.DMA1_Channel1_IRQHandler
                0x08002980       0x10 CMakeFiles/FOC.elf.dir/Core/Src/stm32f1xx_it.c.obj
                0x08002980                DMA1_Channel1_IRQHandler
 .text.DMA1_Channel4_IRQHandler
                0x08002990       0x10 CMakeFiles/FOC.elf.dir/Core/Src/stm32f1xx_it.c.obj
                0x08002990                DMA1_Channel4_IRQHandler
 .text.DMA1_Channel5_IRQHandler
                0x080029a0       0x10 CMakeFiles/FOC.elf.dir/Core/Src/stm32f1xx_it.c.obj
                0x080029a0                DMA1_Channel5_IRQHandler
 .text.TIM1_UP_IRQHandler
                0x080029b0       0x10 CMakeFiles/FOC.elf.dir/Core/Src/stm32f1xx_it.c.obj
                0x080029b0                TIM1_UP_IRQHandler
 .text._getpid  0x080029c0        0x4 CMakeFiles/FOC.elf.dir/Core/Src/syscalls.c.obj
                0x080029c0                _getpid
 .text._kill    0x080029c4       0x10 CMakeFiles/FOC.elf.dir/Core/Src/syscalls.c.obj
                0x080029c4                _kill
 .text._exit    0x080029d4        0xc CMakeFiles/FOC.elf.dir/Core/Src/syscalls.c.obj
                0x080029d4                _exit
 .text._read    0x080029e0       0x20 CMakeFiles/FOC.elf.dir/Core/Src/syscalls.c.obj
                0x080029e0                _read
 .text._write   0x08002a00       0x1c CMakeFiles/FOC.elf.dir/Core/Src/syscalls.c.obj
                0x08002a00                _write
 .text._close   0x08002a1c        0x6 CMakeFiles/FOC.elf.dir/Core/Src/syscalls.c.obj
                0x08002a1c                _close
 .text._fstat   0x08002a22        0xa CMakeFiles/FOC.elf.dir/Core/Src/syscalls.c.obj
                0x08002a22                _fstat
 .text._isatty  0x08002a2c        0x4 CMakeFiles/FOC.elf.dir/Core/Src/syscalls.c.obj
                0x08002a2c                _isatty
 .text._lseek   0x08002a30        0x4 CMakeFiles/FOC.elf.dir/Core/Src/syscalls.c.obj
                0x08002a30                _lseek
 .text._sbrk    0x08002a34       0x48 CMakeFiles/FOC.elf.dir/Core/Src/sysmem.c.obj
                0x08002a34                _sbrk
 .text.SystemInit
                0x08002a7c        0x2 CMakeFiles/FOC.elf.dir/Core/Src/system_stm32f1xx.c.obj
                0x08002a7c                SystemInit
 *fill*         0x08002a7e        0x2 
 .text.HAL_TIM_Base_MspInit
                0x08002a80       0x40 CMakeFiles/FOC.elf.dir/Core/Src/tim.c.obj
                0x08002a80                HAL_TIM_Base_MspInit
 .text.HAL_TIM_MspPostInit
                0x08002ac0       0x50 CMakeFiles/FOC.elf.dir/Core/Src/tim.c.obj
                0x08002ac0                HAL_TIM_MspPostInit
 .text.MX_TIM1_Init
                0x08002b10      0x110 CMakeFiles/FOC.elf.dir/Core/Src/tim.c.obj
                0x08002b10                MX_TIM1_Init
 .text.MX_USART1_UART_Init
                0x08002c20       0x34 CMakeFiles/FOC.elf.dir/Core/Src/usart.c.obj
                0x08002c20                MX_USART1_UART_Init
 .text.HAL_UART_MspInit
                0x08002c54       0xec CMakeFiles/FOC.elf.dir/Core/Src/usart.c.obj
                0x08002c54                HAL_UART_MspInit
 .text.__io_putchar
                0x08002d40       0x20 CMakeFiles/FOC.elf.dir/Core/Src/utilities.c.obj
                0x08002d40                __io_putchar
 .text.first_order_filter_init
                0x08002d60        0xc CMakeFiles/FOC.elf.dir/Core/Src/utilities.c.obj
                0x08002d60                first_order_filter_init
 .text.first_order_filter_calc
                0x08002d6c       0x46 CMakeFiles/FOC.elf.dir/Core/Src/utilities.c.obj
                0x08002d6c                first_order_filter_calc
 *fill*         0x08002db2        0x2 
 .text.Reset_Handler
                0x08002db4       0x48 CMakeFiles/FOC.elf.dir/Core/Startup/startup_stm32f103c8tx.s.obj
                0x08002db4                Reset_Handler
 .text.Default_Handler
                0x08002dfc        0x2 CMakeFiles/FOC.elf.dir/Core/Startup/startup_stm32f103c8tx.s.obj
                0x08002dfc                RTC_Alarm_IRQHandler
                0x08002dfc                EXTI2_IRQHandler
                0x08002dfc                TIM1_CC_IRQHandler
                0x08002dfc                PVD_IRQHandler
                0x08002dfc                EXTI3_IRQHandler
                0x08002dfc                EXTI0_IRQHandler
                0x08002dfc                I2C2_EV_IRQHandler
                0x08002dfc                ADC1_2_IRQHandler
                0x08002dfc                SPI1_IRQHandler
                0x08002dfc                TAMPER_IRQHandler
                0x08002dfc                USART3_IRQHandler
                0x08002dfc                RTC_IRQHandler
                0x08002dfc                DMA1_Channel7_IRQHandler
                0x08002dfc                CAN1_RX1_IRQHandler
                0x08002dfc                TIM4_IRQHandler
                0x08002dfc                I2C1_EV_IRQHandler
                0x08002dfc                DMA1_Channel6_IRQHandler
                0x08002dfc                TIM3_IRQHandler
                0x08002dfc                RCC_IRQHandler
                0x08002dfc                TIM1_TRG_COM_IRQHandler
                0x08002dfc                Default_Handler
                0x08002dfc                EXTI15_10_IRQHandler
                0x08002dfc                EXTI9_5_IRQHandler
                0x08002dfc                SPI2_IRQHandler
                0x08002dfc                EXTI4_IRQHandler
                0x08002dfc                USB_LP_CAN1_RX0_IRQHandler
                0x08002dfc                USB_HP_CAN1_TX_IRQHandler
                0x08002dfc                DMA1_Channel3_IRQHandler
                0x08002dfc                WWDG_IRQHandler
                0x08002dfc                TIM2_IRQHandler
                0x08002dfc                TIM1_BRK_IRQHandler
                0x08002dfc                EXTI1_IRQHandler
                0x08002dfc                USART2_IRQHandler
                0x08002dfc                I2C2_ER_IRQHandler
                0x08002dfc                DMA1_Channel2_IRQHandler
                0x08002dfc                CAN1_SCE_IRQHandler
                0x08002dfc                FLASH_IRQHandler
                0x08002dfc                USART1_IRQHandler
                0x08002dfc                I2C1_ER_IRQHandler
                0x08002dfc                USBWakeUp_IRQHandler
 .text._getFirstByte
                0x08002dfe        0x4 CMakeFiles/FOC.elf.dir/Drivers/FOC/DTek_TLE5012B.c.obj
                0x08002dfe                _getFirstByte
 .text._getSecondByte
                0x08002e02        0x4 CMakeFiles/FOC.elf.dir/Drivers/FOC/DTek_TLE5012B.c.obj
                0x08002e02                _getSecondByte
 .text._crc8    0x08002e06       0x3c CMakeFiles/FOC.elf.dir/Drivers/FOC/DTek_TLE5012B.c.obj
                0x08002e06                _crc8
 .text._crcCalc
                0x08002e42        0x8 CMakeFiles/FOC.elf.dir/Drivers/FOC/DTek_TLE5012B.c.obj
                0x08002e42                _crcCalc
 *fill*         0x08002e4a        0x2 
 .text.triggerUpdate
                0x08002e4c       0x38 CMakeFiles/FOC.elf.dir/Drivers/FOC/DTek_TLE5012B.c.obj
                0x08002e4c                triggerUpdate
 .text.resetSafety
                0x08002e84       0x6c CMakeFiles/FOC.elf.dir/Drivers/FOC/DTek_TLE5012B.c.obj
                0x08002e84                resetSafety
 .text.checkSafety
                0x08002ef0       0xb2 CMakeFiles/FOC.elf.dir/Drivers/FOC/DTek_TLE5012B.c.obj
                0x08002ef0                checkSafety
 *fill*         0x08002fa2        0x2 
 .text.readFromSensor
                0x08002fa4       0x7c CMakeFiles/FOC.elf.dir/Drivers/FOC/DTek_TLE5012B.c.obj
                0x08002fa4                readFromSensor
 .text.readBlockCRC
                0x08003020       0x74 CMakeFiles/FOC.elf.dir/Drivers/FOC/DTek_TLE5012B.c.obj
                0x08003020                readBlockCRC
 .text.readTemp
                0x08003094       0x44 CMakeFiles/FOC.elf.dir/Drivers/FOC/DTek_TLE5012B.c.obj
                0x08003094                readTemp
 .text.getTemperature
                0x080030d8       0x40 CMakeFiles/FOC.elf.dir/Drivers/FOC/DTek_TLE5012B.c.obj
                0x080030d8                getTemperature
 .text.ReadFromSensor
                0x08003118      0x114 CMakeFiles/FOC.elf.dir/Drivers/FOC/DTek_TLE5012B.c.obj
                0x08003118                ReadFromSensor
 .text._ZN3FOC4InitEv
                0x0800322c       0x78 CMakeFiles/FOC.elf.dir/Drivers/FOC/FOC.cpp.obj
                0x0800322c                FOC::Init()
 .text._ZN3FOC17ParkTransformaionEP7Vector2fS1_
                0x080032a4       0x68 CMakeFiles/FOC.elf.dir/Drivers/FOC/FOC.cpp.obj
                0x080032a4                FOC::ParkTransformaion(Vector2*, float, Vector2*)
 .text._ZN3FOC24InverseParkTransformaionEP7Vector2fS1_
                0x0800330c       0x1e CMakeFiles/FOC.elf.dir/Drivers/FOC/FOC.cpp.obj
                0x0800330c                FOC::InverseParkTransformaion(Vector2*, float, Vector2*)
 *fill*         0x0800332a        0x2 
 .text._ZN3FOC5SVPWMEP7Vector2fP7Vector3
                0x0800332c      0x2f4 CMakeFiles/FOC.elf.dir/Drivers/FOC/FOC.cpp.obj
                0x0800332c                FOC::SVPWM(Vector2*, float, Vector3*)
 .text._ZN3FOC14Encoder_UpdateEv
                0x08003620       0x2c CMakeFiles/FOC.elf.dir/Drivers/FOC/FOC.cpp.obj
                0x08003620                FOC::Encoder_Update()
 .text._ZN3FOC6SetPWME7Vector3
                0x0800364c       0x44 CMakeFiles/FOC.elf.dir/Drivers/FOC/FOC.cpp.obj
                0x0800364c                FOC::SetPWM(Vector3)
 .text._ZN3FOC6UpdateEv
                0x08003690       0xa4 CMakeFiles/FOC.elf.dir/Drivers/FOC/FOC.cpp.obj
                0x08003690                FOC::Update()
 .text.SinByLut
                0x08003734       0x68 CMakeFiles/FOC.elf.dir/Drivers/FOC/Function.c.obj
                0x08003734                SinByLut
 .text.CosByLut
                0x0800379c       0x14 CMakeFiles/FOC.elf.dir/Drivers/FOC/Function.c.obj
                0x0800379c                CosByLut
 .text._normalizeAngle
                0x080037b0       0x3c CMakeFiles/FOC.elf.dir/Drivers/FOC/Function.c.obj
                0x080037b0                _normalizeAngle
 .text._electricalAngle
                0x080037ec       0x28 CMakeFiles/FOC.elf.dir/Drivers/FOC/Function.c.obj
                0x080037ec                _electricalAngle
 .text.Main_Thread
                0x08003814       0x14 CMakeFiles/FOC.elf.dir/Drivers/FOC/MainThread.cpp.obj
                0x08003814                Main_Thread
 .text.micros   0x08003828       0x42 CMakeFiles/FOC.elf.dir/Drivers/FOC/Time_utils.c.obj
                0x08003828                micros
 *fill*         0x0800386a        0x2 
 .text.HAL_InitTick
                0x0800386c       0x4c CMakeFiles/FOC.elf.dir/Drivers/STM32F1xx_HAL_Driver/Src/stm32f1xx_hal.c.obj
                0x0800386c                HAL_InitTick
 .text.HAL_Init
                0x080038b8       0x24 CMakeFiles/FOC.elf.dir/Drivers/STM32F1xx_HAL_Driver/Src/stm32f1xx_hal.c.obj
                0x080038b8                HAL_Init
 .text.HAL_IncTick
                0x080038dc       0x18 CMakeFiles/FOC.elf.dir/Drivers/STM32F1xx_HAL_Driver/Src/stm32f1xx_hal.c.obj
                0x080038dc                HAL_IncTick
 .text.HAL_GetTick
                0x080038f4        0xc CMakeFiles/FOC.elf.dir/Drivers/STM32F1xx_HAL_Driver/Src/stm32f1xx_hal.c.obj
                0x080038f4                HAL_GetTick
 .text.HAL_Delay
                0x08003900       0x28 CMakeFiles/FOC.elf.dir/Drivers/STM32F1xx_HAL_Driver/Src/stm32f1xx_hal.c.obj
                0x08003900                HAL_Delay
 .text.HAL_ADC_ConfigChannel
                0x08003928      0x144 CMakeFiles/FOC.elf.dir/Drivers/STM32F1xx_HAL_Driver/Src/stm32f1xx_hal_adc.c.obj
                0x08003928                HAL_ADC_ConfigChannel
 .text.ADC_ConversionStop_Disable
                0x08003a6c       0x56 CMakeFiles/FOC.elf.dir/Drivers/STM32F1xx_HAL_Driver/Src/stm32f1xx_hal_adc.c.obj
                0x08003a6c                ADC_ConversionStop_Disable
 *fill*         0x08003ac2        0x2 
 .text.HAL_ADC_Init
                0x08003ac4      0x108 CMakeFiles/FOC.elf.dir/Drivers/STM32F1xx_HAL_Driver/Src/stm32f1xx_hal_adc.c.obj
                0x08003ac4                HAL_ADC_Init
 .text.HAL_CAN_Init
                0x08003bcc      0x14c CMakeFiles/FOC.elf.dir/Drivers/STM32F1xx_HAL_Driver/Src/stm32f1xx_hal_can.c.obj
                0x08003bcc                HAL_CAN_Init
 .text.HAL_NVIC_SetPriorityGrouping
                0x08003d18       0x24 CMakeFiles/FOC.elf.dir/Drivers/STM32F1xx_HAL_Driver/Src/stm32f1xx_hal_cortex.c.obj
                0x08003d18                HAL_NVIC_SetPriorityGrouping
 .text.HAL_NVIC_SetPriority
                0x08003d3c       0x70 CMakeFiles/FOC.elf.dir/Drivers/STM32F1xx_HAL_Driver/Src/stm32f1xx_hal_cortex.c.obj
                0x08003d3c                HAL_NVIC_SetPriority
 .text.HAL_NVIC_EnableIRQ
                0x08003dac       0x1c CMakeFiles/FOC.elf.dir/Drivers/STM32F1xx_HAL_Driver/Src/stm32f1xx_hal_cortex.c.obj
                0x08003dac                HAL_NVIC_EnableIRQ
 .text.HAL_SYSTICK_Config
                0x08003dc8       0x28 CMakeFiles/FOC.elf.dir/Drivers/STM32F1xx_HAL_Driver/Src/stm32f1xx_hal_cortex.c.obj
                0x08003dc8                HAL_SYSTICK_Config
 .text.HAL_DMA_Init
                0x08003df0       0x6c CMakeFiles/FOC.elf.dir/Drivers/STM32F1xx_HAL_Driver/Src/stm32f1xx_hal_dma.c.obj
                0x08003df0                HAL_DMA_Init
 .text.HAL_DMA_IRQHandler
                0x08003e5c      0x144 CMakeFiles/FOC.elf.dir/Drivers/STM32F1xx_HAL_Driver/Src/stm32f1xx_hal_dma.c.obj
                0x08003e5c                HAL_DMA_IRQHandler
 .text.HAL_GPIO_Init
                0x08003fa0      0x224 CMakeFiles/FOC.elf.dir/Drivers/STM32F1xx_HAL_Driver/Src/stm32f1xx_hal_gpio.c.obj
                0x08003fa0                HAL_GPIO_Init
 .text.HAL_GPIO_WritePin
                0x080041c4        0xc CMakeFiles/FOC.elf.dir/Drivers/STM32F1xx_HAL_Driver/Src/stm32f1xx_hal_gpio.c.obj
                0x080041c4                HAL_GPIO_WritePin
 .text.RCC_Delay
                0x080041d0       0x2c CMakeFiles/FOC.elf.dir/Drivers/STM32F1xx_HAL_Driver/Src/stm32f1xx_hal_rcc.c.obj
 .text.HAL_RCC_OscConfig
                0x080041fc      0x410 CMakeFiles/FOC.elf.dir/Drivers/STM32F1xx_HAL_Driver/Src/stm32f1xx_hal_rcc.c.obj
                0x080041fc                HAL_RCC_OscConfig
 .text.HAL_RCC_GetSysClockFreq
                0x0800460c       0x54 CMakeFiles/FOC.elf.dir/Drivers/STM32F1xx_HAL_Driver/Src/stm32f1xx_hal_rcc.c.obj
                0x0800460c                HAL_RCC_GetSysClockFreq
 .text.HAL_RCC_ClockConfig
                0x08004660      0x16c CMakeFiles/FOC.elf.dir/Drivers/STM32F1xx_HAL_Driver/Src/stm32f1xx_hal_rcc.c.obj
                0x08004660                HAL_RCC_ClockConfig
 .text.HAL_RCC_GetHCLKFreq
                0x080047cc        0xc CMakeFiles/FOC.elf.dir/Drivers/STM32F1xx_HAL_Driver/Src/stm32f1xx_hal_rcc.c.obj
                0x080047cc                HAL_RCC_GetHCLKFreq
 .text.HAL_RCC_GetPCLK1Freq
                0x080047d8       0x20 CMakeFiles/FOC.elf.dir/Drivers/STM32F1xx_HAL_Driver/Src/stm32f1xx_hal_rcc.c.obj
                0x080047d8                HAL_RCC_GetPCLK1Freq
 .text.HAL_RCC_GetPCLK2Freq
                0x080047f8       0x20 CMakeFiles/FOC.elf.dir/Drivers/STM32F1xx_HAL_Driver/Src/stm32f1xx_hal_rcc.c.obj
                0x080047f8                HAL_RCC_GetPCLK2Freq
 .text.HAL_RCCEx_PeriphCLKConfig
                0x08004818      0x118 CMakeFiles/FOC.elf.dir/Drivers/STM32F1xx_HAL_Driver/Src/stm32f1xx_hal_rcc_ex.c.obj
                0x08004818                HAL_RCCEx_PeriphCLKConfig
 .text.SPI_WaitFlagStateUntilTimeout
                0x08004930       0xd4 CMakeFiles/FOC.elf.dir/Drivers/STM32F1xx_HAL_Driver/Src/stm32f1xx_hal_spi.c.obj
 .text.SPI_EndRxTxTransaction
                0x08004a04       0x24 CMakeFiles/FOC.elf.dir/Drivers/STM32F1xx_HAL_Driver/Src/stm32f1xx_hal_spi.c.obj
 .text.SPI_EndRxTransaction
                0x08004a28       0x74 CMakeFiles/FOC.elf.dir/Drivers/STM32F1xx_HAL_Driver/Src/stm32f1xx_hal_spi.c.obj
 .text.HAL_SPI_Init
                0x08004a9c       0xb6 CMakeFiles/FOC.elf.dir/Drivers/STM32F1xx_HAL_Driver/Src/stm32f1xx_hal_spi.c.obj
                0x08004a9c                HAL_SPI_Init
 .text.HAL_SPI_Transmit
                0x08004b52      0x1b8 CMakeFiles/FOC.elf.dir/Drivers/STM32F1xx_HAL_Driver/Src/stm32f1xx_hal_spi.c.obj
                0x08004b52                HAL_SPI_Transmit
 .text.HAL_SPI_TransmitReceive
                0x08004d0a      0x244 CMakeFiles/FOC.elf.dir/Drivers/STM32F1xx_HAL_Driver/Src/stm32f1xx_hal_spi.c.obj
                0x08004d0a                HAL_SPI_TransmitReceive
 .text.HAL_SPI_Receive
                0x08004f4e      0x17e CMakeFiles/FOC.elf.dir/Drivers/STM32F1xx_HAL_Driver/Src/stm32f1xx_hal_spi.c.obj
                0x08004f4e                HAL_SPI_Receive
 .text.TIM_OC1_SetConfig
                0x080050cc       0x5c CMakeFiles/FOC.elf.dir/Drivers/STM32F1xx_HAL_Driver/Src/stm32f1xx_hal_tim.c.obj
 .text.TIM_OC3_SetConfig
                0x08005128       0x64 CMakeFiles/FOC.elf.dir/Drivers/STM32F1xx_HAL_Driver/Src/stm32f1xx_hal_tim.c.obj
 .text.TIM_OC4_SetConfig
                0x0800518c       0x48 CMakeFiles/FOC.elf.dir/Drivers/STM32F1xx_HAL_Driver/Src/stm32f1xx_hal_tim.c.obj
 .text.TIM_TI1_ConfigInputStage
                0x080051d4       0x24 CMakeFiles/FOC.elf.dir/Drivers/STM32F1xx_HAL_Driver/Src/stm32f1xx_hal_tim.c.obj
 .text.TIM_TI2_ConfigInputStage
                0x080051f8       0x26 CMakeFiles/FOC.elf.dir/Drivers/STM32F1xx_HAL_Driver/Src/stm32f1xx_hal_tim.c.obj
 .text.TIM_ITRx_SetConfig
                0x0800521e       0x10 CMakeFiles/FOC.elf.dir/Drivers/STM32F1xx_HAL_Driver/Src/stm32f1xx_hal_tim.c.obj
 .text.HAL_TIM_PWM_MspInit
                0x0800522e        0x2 CMakeFiles/FOC.elf.dir/Drivers/STM32F1xx_HAL_Driver/Src/stm32f1xx_hal_tim.c.obj
                0x0800522e                HAL_TIM_PWM_MspInit
 .text.HAL_TIM_PeriodElapsedCallback
                0x08005230        0x2 CMakeFiles/FOC.elf.dir/Drivers/STM32F1xx_HAL_Driver/Src/stm32f1xx_hal_tim.c.obj
                0x08005230                HAL_TIM_PeriodElapsedCallback
 .text.HAL_TIM_OC_DelayElapsedCallback
                0x08005232        0x2 CMakeFiles/FOC.elf.dir/Drivers/STM32F1xx_HAL_Driver/Src/stm32f1xx_hal_tim.c.obj
                0x08005232                HAL_TIM_OC_DelayElapsedCallback
 .text.HAL_TIM_IC_CaptureCallback
                0x08005234        0x2 CMakeFiles/FOC.elf.dir/Drivers/STM32F1xx_HAL_Driver/Src/stm32f1xx_hal_tim.c.obj
                0x08005234                HAL_TIM_IC_CaptureCallback
 .text.HAL_TIM_PWM_PulseFinishedCallback
                0x08005236        0x2 CMakeFiles/FOC.elf.dir/Drivers/STM32F1xx_HAL_Driver/Src/stm32f1xx_hal_tim.c.obj
                0x08005236                HAL_TIM_PWM_PulseFinishedCallback
 .text.HAL_TIM_TriggerCallback
                0x08005238        0x2 CMakeFiles/FOC.elf.dir/Drivers/STM32F1xx_HAL_Driver/Src/stm32f1xx_hal_tim.c.obj
                0x08005238                HAL_TIM_TriggerCallback
 .text.HAL_TIM_IRQHandler
                0x0800523a      0x17a CMakeFiles/FOC.elf.dir/Drivers/STM32F1xx_HAL_Driver/Src/stm32f1xx_hal_tim.c.obj
                0x0800523a                HAL_TIM_IRQHandler
 .text.TIM_Base_SetConfig
                0x080053b4       0x74 CMakeFiles/FOC.elf.dir/Drivers/STM32F1xx_HAL_Driver/Src/stm32f1xx_hal_tim.c.obj
                0x080053b4                TIM_Base_SetConfig
 .text.HAL_TIM_Base_Init
                0x08005428       0x58 CMakeFiles/FOC.elf.dir/Drivers/STM32F1xx_HAL_Driver/Src/stm32f1xx_hal_tim.c.obj
                0x08005428                HAL_TIM_Base_Init
 .text.HAL_TIM_PWM_Init
                0x08005480       0x58 CMakeFiles/FOC.elf.dir/Drivers/STM32F1xx_HAL_Driver/Src/stm32f1xx_hal_tim.c.obj
                0x08005480                HAL_TIM_PWM_Init
 .text.TIM_OC2_SetConfig
                0x080054d8       0x64 CMakeFiles/FOC.elf.dir/Drivers/STM32F1xx_HAL_Driver/Src/stm32f1xx_hal_tim.c.obj
                0x080054d8                TIM_OC2_SetConfig
 .text.HAL_TIM_PWM_ConfigChannel
                0x0800553c       0xdc CMakeFiles/FOC.elf.dir/Drivers/STM32F1xx_HAL_Driver/Src/stm32f1xx_hal_tim.c.obj
                0x0800553c                HAL_TIM_PWM_ConfigChannel
 .text.TIM_ETR_SetConfig
                0x08005618       0x18 CMakeFiles/FOC.elf.dir/Drivers/STM32F1xx_HAL_Driver/Src/stm32f1xx_hal_tim.c.obj
                0x08005618                TIM_ETR_SetConfig
 .text.HAL_TIM_ConfigClockSource
                0x08005630       0xfe CMakeFiles/FOC.elf.dir/Drivers/STM32F1xx_HAL_Driver/Src/stm32f1xx_hal_tim.c.obj
                0x08005630                HAL_TIM_ConfigClockSource
 .text.TIM_CCxChannelCmd
                0x0800572e       0x1e CMakeFiles/FOC.elf.dir/Drivers/STM32F1xx_HAL_Driver/Src/stm32f1xx_hal_tim.c.obj
                0x0800572e                TIM_CCxChannelCmd
 .text.HAL_TIM_PWM_Start
                0x0800574c       0xdc CMakeFiles/FOC.elf.dir/Drivers/STM32F1xx_HAL_Driver/Src/stm32f1xx_hal_tim.c.obj
                0x0800574c                HAL_TIM_PWM_Start
 .text.HAL_TIMEx_MasterConfigSynchronization
                0x08005828       0x6c CMakeFiles/FOC.elf.dir/Drivers/STM32F1xx_HAL_Driver/Src/stm32f1xx_hal_tim_ex.c.obj
                0x08005828                HAL_TIMEx_MasterConfigSynchronization
 .text.HAL_TIMEx_ConfigBreakDeadTime
                0x08005894       0x52 CMakeFiles/FOC.elf.dir/Drivers/STM32F1xx_HAL_Driver/Src/stm32f1xx_hal_tim_ex.c.obj
                0x08005894                HAL_TIMEx_ConfigBreakDeadTime
 .text.HAL_TIMEx_CommutCallback
                0x080058e6        0x2 CMakeFiles/FOC.elf.dir/Drivers/STM32F1xx_HAL_Driver/Src/stm32f1xx_hal_tim_ex.c.obj
                0x080058e6                HAL_TIMEx_CommutCallback
 .text.HAL_TIMEx_BreakCallback
                0x080058e8        0x2 CMakeFiles/FOC.elf.dir/Drivers/STM32F1xx_HAL_Driver/Src/stm32f1xx_hal_tim_ex.c.obj
                0x080058e8                HAL_TIMEx_BreakCallback
 *fill*         0x080058ea        0x2 
 .text.UART_SetConfig
                0x080058ec       0x94 CMakeFiles/FOC.elf.dir/Drivers/STM32F1xx_HAL_Driver/Src/stm32f1xx_hal_uart.c.obj
 .text.UART_WaitOnFlagUntilTimeout
                0x08005980       0x88 CMakeFiles/FOC.elf.dir/Drivers/STM32F1xx_HAL_Driver/Src/stm32f1xx_hal_uart.c.obj
 .text.HAL_UART_Init
                0x08005a08       0x60 CMakeFiles/FOC.elf.dir/Drivers/STM32F1xx_HAL_Driver/Src/stm32f1xx_hal_uart.c.obj
                0x08005a08                HAL_UART_Init
 .text.HAL_UART_Transmit
                0x08005a68       0xbe CMakeFiles/FOC.elf.dir/Drivers/STM32F1xx_HAL_Driver/Src/stm32f1xx_hal_uart.c.obj
                0x08005a68                HAL_UART_Transmit
 *fill*         0x08005b26        0x2 
 .text.fmod     0x08005b28       0x58 d:/progra~2/gnuarm~1/102021~1.10/bin/../lib/gcc/arm-none-eabi/10.3.1/../../../../arm-none-eabi/lib/thumb/v7-m/nofp\libm.a(lib_a-w_fmod.o)
                0x08005b28                fmod
 .text.__ieee754_fmod
                0x08005b80      0x294 d:/progra~2/gnuarm~1/102021~1.10/bin/../lib/gcc/arm-none-eabi/10.3.1/../../../../arm-none-eabi/lib/thumb/v7-m/nofp\libm.a(lib_a-e_fmod.o)
                0x08005b80                __ieee754_fmod
 .text.abort    0x08005e14       0x10 d:/progra~2/gnuarm~1/102021~1.10/bin/../lib/gcc/arm-none-eabi/10.3.1/../../../../arm-none-eabi/lib/thumb/v7-m/nofp\libg.a(lib_a-abort.o)
                0x08005e14                abort
 .text.__errno  0x08005e24        0xc d:/progra~2/gnuarm~1/102021~1.10/bin/../lib/gcc/arm-none-eabi/10.3.1/../../../../arm-none-eabi/lib/thumb/v7-m/nofp\libg.a(lib_a-errno.o)
                0x08005e24                __errno
 .text.__libc_init_array
                0x08005e30       0x48 d:/progra~2/gnuarm~1/102021~1.10/bin/../lib/gcc/arm-none-eabi/10.3.1/../../../../arm-none-eabi/lib/thumb/v7-m/nofp\libg.a(lib_a-init.o)
                0x08005e30                __libc_init_array
 .text.memset   0x08005e78       0xa4 d:/progra~2/gnuarm~1/102021~1.10/bin/../lib/gcc/arm-none-eabi/10.3.1/../../../../arm-none-eabi/lib/thumb/v7-m/nofp\libg.a(lib_a-memset.o)
                0x08005e78                memset
 .text.printf   0x08005f1c       0x28 d:/progra~2/gnuarm~1/102021~1.10/bin/../lib/gcc/arm-none-eabi/10.3.1/../../../../arm-none-eabi/lib/thumb/v7-m/nofp\libg.a(lib_a-printf.o)
                0x08005f1c                printf
 .text.raise    0x08005f44       0x5c d:/progra~2/gnuarm~1/102021~1.10/bin/../lib/gcc/arm-none-eabi/10.3.1/../../../../arm-none-eabi/lib/thumb/v7-m/nofp\libg.a(lib_a-signal.o)
                0x08005f44                raise
 .text._kill_r  0x08005fa0       0x28 d:/progra~2/gnuarm~1/102021~1.10/bin/../lib/gcc/arm-none-eabi/10.3.1/../../../../arm-none-eabi/lib/thumb/v7-m/nofp\libg.a(lib_a-signalr.o)
                0x08005fa0                _kill_r
 .text._getpid_r
                0x08005fc8        0x4 d:/progra~2/gnuarm~1/102021~1.10/bin/../lib/gcc/arm-none-eabi/10.3.1/../../../../arm-none-eabi/lib/thumb/v7-m/nofp\libg.a(lib_a-signalr.o)
                0x08005fc8                _getpid_r
 .text._vfprintf_r
                0x08005fcc     0x1b58 d:/progra~2/gnuarm~1/102021~1.10/bin/../lib/gcc/arm-none-eabi/10.3.1/../../../../arm-none-eabi/lib/thumb/v7-m/nofp\libg.a(lib_a-vfprintf.o)
                0x08005fcc                _vfprintf_r
 .text.__sbprintf
                0x08007b24       0x84 d:/progra~2/gnuarm~1/102021~1.10/bin/../lib/gcc/arm-none-eabi/10.3.1/../../../../arm-none-eabi/lib/thumb/v7-m/nofp\libg.a(lib_a-vfprintf.o)
 .text.__swsetup_r
                0x08007ba8       0xd4 d:/progra~2/gnuarm~1/102021~1.10/bin/../lib/gcc/arm-none-eabi/10.3.1/../../../../arm-none-eabi/lib/thumb/v7-m/nofp\libg.a(lib_a-wsetup.o)
                0x08007ba8                __swsetup_r
 .text.startup.register_fini
                0x08007c7c       0x14 d:/progra~2/gnuarm~1/102021~1.10/bin/../lib/gcc/arm-none-eabi/10.3.1/../../../../arm-none-eabi/lib/thumb/v7-m/nofp\libg.a(lib_a-__call_atexit.o)
 .text.atexit   0x08007c90        0xc d:/progra~2/gnuarm~1/102021~1.10/bin/../lib/gcc/arm-none-eabi/10.3.1/../../../../arm-none-eabi/lib/thumb/v7-m/nofp\libg.a(lib_a-atexit.o)
                0x08007c90                atexit
 .text.quorem   0x08007c9c      0x12c d:/progra~2/gnuarm~1/102021~1.10/bin/../lib/gcc/arm-none-eabi/10.3.1/../../../../arm-none-eabi/lib/thumb/v7-m/nofp\libg.a(lib_a-dtoa.o)
 .text._dtoa_r  0x08007dc8      0xecc d:/progra~2/gnuarm~1/102021~1.10/bin/../lib/gcc/arm-none-eabi/10.3.1/../../../../arm-none-eabi/lib/thumb/v7-m/nofp\libg.a(lib_a-dtoa.o)
                0x08007dc8                _dtoa_r
 .text.__sflush_r
                0x08008c94      0x124 d:/progra~2/gnuarm~1/102021~1.10/bin/../lib/gcc/arm-none-eabi/10.3.1/../../../../arm-none-eabi/lib/thumb/v7-m/nofp\libg.a(lib_a-fflush.o)
                0x08008c94                __sflush_r
 .text._fflush_r
                0x08008db8       0x5c d:/progra~2/gnuarm~1/102021~1.10/bin/../lib/gcc/arm-none-eabi/10.3.1/../../../../arm-none-eabi/lib/thumb/v7-m/nofp\libg.a(lib_a-fflush.o)
                0x08008db8                _fflush_r
 .text._cleanup_r
                0x08008e14        0xc d:/progra~2/gnuarm~1/102021~1.10/bin/../lib/gcc/arm-none-eabi/10.3.1/../../../../arm-none-eabi/lib/thumb/v7-m/nofp\libg.a(lib_a-findfp.o)
                0x08008e14                _cleanup_r
 .text.__sinit  0x08008e20      0x10c d:/progra~2/gnuarm~1/102021~1.10/bin/../lib/gcc/arm-none-eabi/10.3.1/../../../../arm-none-eabi/lib/thumb/v7-m/nofp\libg.a(lib_a-findfp.o)
                0x08008e20                __sinit
 .text.__sfp_lock_acquire
                0x08008f2c        0xc d:/progra~2/gnuarm~1/102021~1.10/bin/../lib/gcc/arm-none-eabi/10.3.1/../../../../arm-none-eabi/lib/thumb/v7-m/nofp\libg.a(lib_a-findfp.o)
                0x08008f2c                __sfp_lock_acquire
 .text.__sfp_lock_release
                0x08008f38        0xc d:/progra~2/gnuarm~1/102021~1.10/bin/../lib/gcc/arm-none-eabi/10.3.1/../../../../arm-none-eabi/lib/thumb/v7-m/nofp\libg.a(lib_a-findfp.o)
                0x08008f38                __sfp_lock_release
 .text.__libc_fini_array
                0x08008f44       0x2c d:/progra~2/gnuarm~1/102021~1.10/bin/../lib/gcc/arm-none-eabi/10.3.1/../../../../arm-none-eabi/lib/thumb/v7-m/nofp\libg.a(lib_a-fini.o)
                0x08008f44                __libc_fini_array
 .text._malloc_trim_r
                0x08008f70       0xa0 d:/progra~2/gnuarm~1/102021~1.10/bin/../lib/gcc/arm-none-eabi/10.3.1/../../../../arm-none-eabi/lib/thumb/v7-m/nofp\libg.a(lib_a-freer.o)
                0x08008f70                _malloc_trim_r
 .text._free_r  0x08009010      0x200 d:/progra~2/gnuarm~1/102021~1.10/bin/../lib/gcc/arm-none-eabi/10.3.1/../../../../arm-none-eabi/lib/thumb/v7-m/nofp\libg.a(lib_a-freer.o)
                0x08009010                _free_r
 .text._fwalk_reent
                0x08009210       0x48 d:/progra~2/gnuarm~1/102021~1.10/bin/../lib/gcc/arm-none-eabi/10.3.1/../../../../arm-none-eabi/lib/thumb/v7-m/nofp\libg.a(lib_a-fwalk.o)
                0x08009210                _fwalk_reent
 .text._localeconv_r
                0x08009258        0x8 d:/progra~2/gnuarm~1/102021~1.10/bin/../lib/gcc/arm-none-eabi/10.3.1/../../../../arm-none-eabi/lib/thumb/v7-m/nofp\libg.a(lib_a-localeconv.o)
                0x08009258                _localeconv_r
 .text.__retarget_lock_init_recursive
                0x08009260        0x4 d:/progra~2/gnuarm~1/102021~1.10/bin/../lib/gcc/arm-none-eabi/10.3.1/../../../../arm-none-eabi/lib/thumb/v7-m/nofp\libg.a(lib_a-lock.o)
                0x08009260                __retarget_lock_init_recursive
 .text.__retarget_lock_close_recursive
                0x08009264        0x4 d:/progra~2/gnuarm~1/102021~1.10/bin/../lib/gcc/arm-none-eabi/10.3.1/../../../../arm-none-eabi/lib/thumb/v7-m/nofp\libg.a(lib_a-lock.o)
                0x08009264                __retarget_lock_close_recursive
 .text.__retarget_lock_acquire_recursive
                0x08009268        0x4 d:/progra~2/gnuarm~1/102021~1.10/bin/../lib/gcc/arm-none-eabi/10.3.1/../../../../arm-none-eabi/lib/thumb/v7-m/nofp\libg.a(lib_a-lock.o)
                0x08009268                __retarget_lock_acquire_recursive
 .text.__retarget_lock_release_recursive
                0x0800926c        0x4 d:/progra~2/gnuarm~1/102021~1.10/bin/../lib/gcc/arm-none-eabi/10.3.1/../../../../arm-none-eabi/lib/thumb/v7-m/nofp\libg.a(lib_a-lock.o)
                0x0800926c                __retarget_lock_release_recursive
 .text.__smakebuf_r
                0x08009270       0xe0 d:/progra~2/gnuarm~1/102021~1.10/bin/../lib/gcc/arm-none-eabi/10.3.1/../../../../arm-none-eabi/lib/thumb/v7-m/nofp\libg.a(lib_a-makebuf.o)
                0x08009270                __smakebuf_r
 .text._malloc_r
                0x08009350      0x558 d:/progra~2/gnuarm~1/102021~1.10/bin/../lib/gcc/arm-none-eabi/10.3.1/../../../../arm-none-eabi/lib/thumb/v7-m/nofp\libg.a(lib_a-mallocr.o)
                0x08009350                _malloc_r
 .text.memchr   0x080098a8       0x90 d:/progra~2/gnuarm~1/102021~1.10/bin/../lib/gcc/arm-none-eabi/10.3.1/../../../../arm-none-eabi/lib/thumb/v7-m/nofp\libg.a(lib_a-memchr-stub.o)
                0x080098a8                memchr
 .text.__malloc_lock
                0x08009938        0xc d:/progra~2/gnuarm~1/102021~1.10/bin/../lib/gcc/arm-none-eabi/10.3.1/../../../../arm-none-eabi/lib/thumb/v7-m/nofp\libg.a(lib_a-mlock.o)
                0x08009938                __malloc_lock
 .text.__malloc_unlock
                0x08009944        0xc d:/progra~2/gnuarm~1/102021~1.10/bin/../lib/gcc/arm-none-eabi/10.3.1/../../../../arm-none-eabi/lib/thumb/v7-m/nofp\libg.a(lib_a-mlock.o)
                0x08009944                __malloc_unlock
 .text._Balloc  0x08009950       0x4c d:/progra~2/gnuarm~1/102021~1.10/bin/../lib/gcc/arm-none-eabi/10.3.1/../../../../arm-none-eabi/lib/thumb/v7-m/nofp\libg.a(lib_a-mprec.o)
                0x08009950                _Balloc
 .text._Bfree   0x0800999c       0x14 d:/progra~2/gnuarm~1/102021~1.10/bin/../lib/gcc/arm-none-eabi/10.3.1/../../../../arm-none-eabi/lib/thumb/v7-m/nofp\libg.a(lib_a-mprec.o)
                0x0800999c                _Bfree
 .text.__multadd
                0x080099b0       0xa4 d:/progra~2/gnuarm~1/102021~1.10/bin/../lib/gcc/arm-none-eabi/10.3.1/../../../../arm-none-eabi/lib/thumb/v7-m/nofp\libg.a(lib_a-mprec.o)
                0x080099b0                __multadd
 .text.__hi0bits
                0x08009a54       0x40 d:/progra~2/gnuarm~1/102021~1.10/bin/../lib/gcc/arm-none-eabi/10.3.1/../../../../arm-none-eabi/lib/thumb/v7-m/nofp\libg.a(lib_a-mprec.o)
                0x08009a54                __hi0bits
 .text.__lo0bits
                0x08009a94       0x58 d:/progra~2/gnuarm~1/102021~1.10/bin/../lib/gcc/arm-none-eabi/10.3.1/../../../../arm-none-eabi/lib/thumb/v7-m/nofp\libg.a(lib_a-mprec.o)
                0x08009a94                __lo0bits
 .text.__i2b    0x08009aec       0x5c d:/progra~2/gnuarm~1/102021~1.10/bin/../lib/gcc/arm-none-eabi/10.3.1/../../../../arm-none-eabi/lib/thumb/v7-m/nofp\libg.a(lib_a-mprec.o)
                0x08009aec                __i2b
 .text.__multiply
                0x08009b48      0x15c d:/progra~2/gnuarm~1/102021~1.10/bin/../lib/gcc/arm-none-eabi/10.3.1/../../../../arm-none-eabi/lib/thumb/v7-m/nofp\libg.a(lib_a-mprec.o)
                0x08009b48                __multiply
 .text.__pow5mult
                0x08009ca4       0xb8 d:/progra~2/gnuarm~1/102021~1.10/bin/../lib/gcc/arm-none-eabi/10.3.1/../../../../arm-none-eabi/lib/thumb/v7-m/nofp\libg.a(lib_a-mprec.o)
                0x08009ca4                __pow5mult
 .text.__lshift
                0x08009d5c       0xec d:/progra~2/gnuarm~1/102021~1.10/bin/../lib/gcc/arm-none-eabi/10.3.1/../../../../arm-none-eabi/lib/thumb/v7-m/nofp\libg.a(lib_a-mprec.o)
                0x08009d5c                __lshift
 .text.__mcmp   0x08009e48       0x40 d:/progra~2/gnuarm~1/102021~1.10/bin/../lib/gcc/arm-none-eabi/10.3.1/../../../../arm-none-eabi/lib/thumb/v7-m/nofp\libg.a(lib_a-mprec.o)
                0x08009e48                __mcmp
 .text.__mdiff  0x08009e88      0x14c d:/progra~2/gnuarm~1/102021~1.10/bin/../lib/gcc/arm-none-eabi/10.3.1/../../../../arm-none-eabi/lib/thumb/v7-m/nofp\libg.a(lib_a-mprec.o)
                0x08009e88                __mdiff
 .text.__d2b    0x08009fd4       0xc4 d:/progra~2/gnuarm~1/102021~1.10/bin/../lib/gcc/arm-none-eabi/10.3.1/../../../../arm-none-eabi/lib/thumb/v7-m/nofp\libg.a(lib_a-mprec.o)
                0x08009fd4                __d2b
 .text.frexp    0x0800a098       0x70 d:/progra~2/gnuarm~1/102021~1.10/bin/../lib/gcc/arm-none-eabi/10.3.1/../../../../arm-none-eabi/lib/thumb/v7-m/nofp\libg.a(lib_a-s_frexp.o)
                0x0800a098                frexp
 .text._sbrk_r  0x0800a108       0x24 d:/progra~2/gnuarm~1/102021~1.10/bin/../lib/gcc/arm-none-eabi/10.3.1/../../../../arm-none-eabi/lib/thumb/v7-m/nofp\libg.a(lib_a-sbrkr.o)
                0x0800a108                _sbrk_r
 .text.__sread  0x0800a12c       0x24 d:/progra~2/gnuarm~1/102021~1.10/bin/../lib/gcc/arm-none-eabi/10.3.1/../../../../arm-none-eabi/lib/thumb/v7-m/nofp\libg.a(lib_a-stdio.o)
                0x0800a12c                __sread
 .text.__swrite
                0x0800a150       0x40 d:/progra~2/gnuarm~1/102021~1.10/bin/../lib/gcc/arm-none-eabi/10.3.1/../../../../arm-none-eabi/lib/thumb/v7-m/nofp\libg.a(lib_a-stdio.o)
                0x0800a150                __swrite
 .text.__sseek  0x0800a190       0x20 d:/progra~2/gnuarm~1/102021~1.10/bin/../lib/gcc/arm-none-eabi/10.3.1/../../../../arm-none-eabi/lib/thumb/v7-m/nofp\libg.a(lib_a-stdio.o)
                0x0800a190                __sseek
 .text.__sclose
                0x0800a1b0        0x8 d:/progra~2/gnuarm~1/102021~1.10/bin/../lib/gcc/arm-none-eabi/10.3.1/../../../../arm-none-eabi/lib/thumb/v7-m/nofp\libg.a(lib_a-stdio.o)
                0x0800a1b0                __sclose
 .text.strlen   0x0800a1b8       0x5c d:/progra~2/gnuarm~1/102021~1.10/bin/../lib/gcc/arm-none-eabi/10.3.1/../../../../arm-none-eabi/lib/thumb/v7-m/nofp\libg.a(lib_a-strlen-stub.o)
                0x0800a1b8                strlen
 .text.strncpy  0x0800a214       0x68 d:/progra~2/gnuarm~1/102021~1.10/bin/../lib/gcc/arm-none-eabi/10.3.1/../../../../arm-none-eabi/lib/thumb/v7-m/nofp\libg.a(lib_a-strncpy.o)
                0x0800a214                strncpy
 .text.__sprint_r.part.0
                0x0800a27c       0x78 d:/progra~2/gnuarm~1/102021~1.10/bin/../lib/gcc/arm-none-eabi/10.3.1/../../../../arm-none-eabi/lib/thumb/v7-m/nofp\libg.a(lib_a-vfiprintf.o)
 .text.__sprint_r
                0x0800a2f4       0x14 d:/progra~2/gnuarm~1/102021~1.10/bin/../lib/gcc/arm-none-eabi/10.3.1/../../../../arm-none-eabi/lib/thumb/v7-m/nofp\libg.a(lib_a-vfiprintf.o)
                0x0800a2f4                __sprint_r
 .text._vfiprintf_r
                0x0800a308      0xd98 d:/progra~2/gnuarm~1/102021~1.10/bin/../lib/gcc/arm-none-eabi/10.3.1/../../../../arm-none-eabi/lib/thumb/v7-m/nofp\libg.a(lib_a-vfiprintf.o)
                0x0800a308                _vfiprintf_r
 .text.__sbprintf
                0x0800b0a0       0x84 d:/progra~2/gnuarm~1/102021~1.10/bin/../lib/gcc/arm-none-eabi/10.3.1/../../../../arm-none-eabi/lib/thumb/v7-m/nofp\libg.a(lib_a-vfiprintf.o)
 .text._write_r
                0x0800b124       0x2c d:/progra~2/gnuarm~1/102021~1.10/bin/../lib/gcc/arm-none-eabi/10.3.1/../../../../arm-none-eabi/lib/thumb/v7-m/nofp\libg.a(lib_a-writer.o)
                0x0800b124                _write_r
 .text.__register_exitproc
                0x0800b150       0x8c d:/progra~2/gnuarm~1/102021~1.10/bin/../lib/gcc/arm-none-eabi/10.3.1/../../../../arm-none-eabi/lib/thumb/v7-m/nofp\libg.a(lib_a-__atexit.o)
                0x0800b150                __register_exitproc
 .text.__assert_func
                0x0800b1dc       0x40 d:/progra~2/gnuarm~1/102021~1.10/bin/../lib/gcc/arm-none-eabi/10.3.1/../../../../arm-none-eabi/lib/thumb/v7-m/nofp\libg.a(lib_a-assert.o)
                0x0800b1dc                __assert_func
 .text._calloc_r
                0x0800b21c       0x78 d:/progra~2/gnuarm~1/102021~1.10/bin/../lib/gcc/arm-none-eabi/10.3.1/../../../../arm-none-eabi/lib/thumb/v7-m/nofp\libg.a(lib_a-callocr.o)
                0x0800b21c                _calloc_r
 .text._close_r
                0x0800b294       0x24 d:/progra~2/gnuarm~1/102021~1.10/bin/../lib/gcc/arm-none-eabi/10.3.1/../../../../arm-none-eabi/lib/thumb/v7-m/nofp\libg.a(lib_a-closer.o)
                0x0800b294                _close_r
 .text._fclose_r
                0x0800b2b8       0xcc d:/progra~2/gnuarm~1/102021~1.10/bin/../lib/gcc/arm-none-eabi/10.3.1/../../../../arm-none-eabi/lib/thumb/v7-m/nofp\libg.a(lib_a-fclose.o)
                0x0800b2b8                _fclose_r
 .text.fiprintf
                0x0800b384       0x28 d:/progra~2/gnuarm~1/102021~1.10/bin/../lib/gcc/arm-none-eabi/10.3.1/../../../../arm-none-eabi/lib/thumb/v7-m/nofp\libg.a(lib_a-fiprintf.o)
                0x0800b384                fiprintf
 .text.__fputwc
                0x0800b3ac       0xa0 d:/progra~2/gnuarm~1/102021~1.10/bin/../lib/gcc/arm-none-eabi/10.3.1/../../../../arm-none-eabi/lib/thumb/v7-m/nofp\libg.a(lib_a-fputwc.o)
                0x0800b3ac                __fputwc
 .text._fputwc_r
                0x0800b44c       0x68 d:/progra~2/gnuarm~1/102021~1.10/bin/../lib/gcc/arm-none-eabi/10.3.1/../../../../arm-none-eabi/lib/thumb/v7-m/nofp\libg.a(lib_a-fputwc.o)
                0x0800b44c                _fputwc_r
 .text._fstat_r
                0x0800b4b4       0x28 d:/progra~2/gnuarm~1/102021~1.10/bin/../lib/gcc/arm-none-eabi/10.3.1/../../../../arm-none-eabi/lib/thumb/v7-m/nofp\libg.a(lib_a-fstatr.o)
                0x0800b4b4                _fstat_r
 .text.__sfvwrite_r
                0x0800b4dc      0x2f0 d:/progra~2/gnuarm~1/102021~1.10/bin/../lib/gcc/arm-none-eabi/10.3.1/../../../../arm-none-eabi/lib/thumb/v7-m/nofp\libg.a(lib_a-fvwrite.o)
                0x0800b4dc                __sfvwrite_r
 .text._isatty_r
                0x0800b7cc       0x24 d:/progra~2/gnuarm~1/102021~1.10/bin/../lib/gcc/arm-none-eabi/10.3.1/../../../../arm-none-eabi/lib/thumb/v7-m/nofp\libg.a(lib_a-isattyr.o)
                0x0800b7cc                _isatty_r
 .text.__locale_mb_cur_max
                0x0800b7f0        0xc d:/progra~2/gnuarm~1/102021~1.10/bin/../lib/gcc/arm-none-eabi/10.3.1/../../../../arm-none-eabi/lib/thumb/v7-m/nofp\libg.a(lib_a-locale.o)
                0x0800b7f0                __locale_mb_cur_max
 .text._lseek_r
                0x0800b7fc       0x2c d:/progra~2/gnuarm~1/102021~1.10/bin/../lib/gcc/arm-none-eabi/10.3.1/../../../../arm-none-eabi/lib/thumb/v7-m/nofp\libg.a(lib_a-lseekr.o)
                0x0800b7fc                _lseek_r
 .text.__ascii_mbtowc
                0x0800b828       0x2c d:/progra~2/gnuarm~1/102021~1.10/bin/../lib/gcc/arm-none-eabi/10.3.1/../../../../arm-none-eabi/lib/thumb/v7-m/nofp\libg.a(lib_a-mbtowc_r.o)
                0x0800b828                __ascii_mbtowc
 .text.memmove  0x0800b854       0xf8 d:/progra~2/gnuarm~1/102021~1.10/bin/../lib/gcc/arm-none-eabi/10.3.1/../../../../arm-none-eabi/lib/thumb/v7-m/nofp\libg.a(lib_a-memmove.o)
                0x0800b854                memmove
 .text._read_r  0x0800b94c       0x2c d:/progra~2/gnuarm~1/102021~1.10/bin/../lib/gcc/arm-none-eabi/10.3.1/../../../../arm-none-eabi/lib/thumb/v7-m/nofp\libg.a(lib_a-readr.o)
                0x0800b94c                _read_r
 .text._realloc_r
                0x0800b978      0x3dc d:/progra~2/gnuarm~1/102021~1.10/bin/../lib/gcc/arm-none-eabi/10.3.1/../../../../arm-none-eabi/lib/thumb/v7-m/nofp\libg.a(lib_a-reallocr.o)
                0x0800b978                _realloc_r
 .text.__swbuf_r
                0x0800bd54       0xb0 d:/progra~2/gnuarm~1/102021~1.10/bin/../lib/gcc/arm-none-eabi/10.3.1/../../../../arm-none-eabi/lib/thumb/v7-m/nofp\libg.a(lib_a-wbuf.o)
                0x0800bd54                __swbuf_r
 .text._wcrtomb_r
                0x0800be04       0x3c d:/progra~2/gnuarm~1/102021~1.10/bin/../lib/gcc/arm-none-eabi/10.3.1/../../../../arm-none-eabi/lib/thumb/v7-m/nofp\libg.a(lib_a-wcrtomb.o)
                0x0800be04                _wcrtomb_r
 .text.__ascii_wctomb
                0x0800be40       0x1c d:/progra~2/gnuarm~1/102021~1.10/bin/../lib/gcc/arm-none-eabi/10.3.1/../../../../arm-none-eabi/lib/thumb/v7-m/nofp\libg.a(lib_a-wctomb_r.o)
                0x0800be40                __ascii_wctomb
 *(.glue_7)
 .glue_7        0x0800be5c        0x0 linker stubs
 *(.glue_7t)
 .glue_7t       0x0800be5c        0x0 linker stubs
 *(.eh_frame)
 .eh_frame      0x0800be5c        0x0 d:/progra~2/gnuarm~1/102021~1.10/bin/../lib/gcc/arm-none-eabi/10.3.1/thumb/v7-m/nofp/crtbegin.o
 *(.init)
 .init          0x0800be5c        0x4 d:/progra~2/gnuarm~1/102021~1.10/bin/../lib/gcc/arm-none-eabi/10.3.1/thumb/v7-m/nofp/crti.o
                0x0800be5c                _init
 .init          0x0800be60        0x8 d:/progra~2/gnuarm~1/102021~1.10/bin/../lib/gcc/arm-none-eabi/10.3.1/thumb/v7-m/nofp/crtn.o
 *(.fini)
 .fini          0x0800be68        0x4 d:/progra~2/gnuarm~1/102021~1.10/bin/../lib/gcc/arm-none-eabi/10.3.1/thumb/v7-m/nofp/crti.o
                0x0800be68                _fini
 .fini          0x0800be6c        0x8 d:/progra~2/gnuarm~1/102021~1.10/bin/../lib/gcc/arm-none-eabi/10.3.1/thumb/v7-m/nofp/crtn.o
                0x0800be74                . = ALIGN (0x4)
                0x0800be74                _etext = .

.vfp11_veneer   0x0800be74        0x0
 .vfp11_veneer  0x0800be74        0x0 linker stubs

.v4_bx          0x0800be74        0x0
 .v4_bx         0x0800be74        0x0 linker stubs

.iplt           0x0800be74        0x0
 .iplt          0x0800be74        0x0 d:/progra~2/gnuarm~1/102021~1.10/bin/../lib/gcc/arm-none-eabi/10.3.1/thumb/v7-m/nofp/crtbegin.o

.rodata         0x0800be78      0x448
                0x0800be78                . = ALIGN (0x4)
 *(.rodata)
 *(.rodata*)
 .rodata.AHBPrescTable
                0x0800be78       0x10 CMakeFiles/FOC.elf.dir/Core/Src/system_stm32f1xx.c.obj
                0x0800be78                AHBPrescTable
 .rodata.APBPrescTable
                0x0800be88        0x8 CMakeFiles/FOC.elf.dir/Core/Src/system_stm32f1xx.c.obj
                0x0800be88                APBPrescTable
 .rodata._ZN3FOC6SetPWME7Vector3.str1.4
                0x0800be90        0xa CMakeFiles/FOC.elf.dir/Drivers/FOC/FOC.cpp.obj
 *fill*         0x0800be9a        0x2 
 .rodata.aPLLMULFactorTable.1
                0x0800be9c       0x10 CMakeFiles/FOC.elf.dir/Drivers/STM32F1xx_HAL_Driver/Src/stm32f1xx_hal_rcc.c.obj
 .rodata.aPredivFactorTable.0
                0x0800beac        0x2 CMakeFiles/FOC.elf.dir/Drivers/STM32F1xx_HAL_Driver/Src/stm32f1xx_hal_rcc.c.obj
 *fill*         0x0800beae        0x2 
 .rodata.Zero   0x0800beb0       0x10 d:/progra~2/gnuarm~1/102021~1.10/bin/../lib/gcc/arm-none-eabi/10.3.1/../../../../arm-none-eabi/lib/thumb/v7-m/nofp\libm.a(lib_a-e_fmod.o)
 .rodata._global_impure_ptr
                0x0800bec0        0x4 d:/progra~2/gnuarm~1/102021~1.10/bin/../lib/gcc/arm-none-eabi/10.3.1/../../../../arm-none-eabi/lib/thumb/v7-m/nofp\libg.a(lib_a-impure.o)
                0x0800bec0                _global_impure_ptr
 .rodata._vfprintf_r.str1.4
                0x0800bec4       0x42 d:/progra~2/gnuarm~1/102021~1.10/bin/../lib/gcc/arm-none-eabi/10.3.1/../../../../arm-none-eabi/lib/thumb/v7-m/nofp\libg.a(lib_a-vfprintf.o)
 *fill*         0x0800bf06        0x2 
 .rodata.blanks.1
                0x0800bf08       0x10 d:/progra~2/gnuarm~1/102021~1.10/bin/../lib/gcc/arm-none-eabi/10.3.1/../../../../arm-none-eabi/lib/thumb/v7-m/nofp\libg.a(lib_a-vfprintf.o)
 .rodata.zeroes.0
                0x0800bf18       0x10 d:/progra~2/gnuarm~1/102021~1.10/bin/../lib/gcc/arm-none-eabi/10.3.1/../../../../arm-none-eabi/lib/thumb/v7-m/nofp\libg.a(lib_a-vfprintf.o)
 .rodata._dtoa_r.str1.4
                0x0800bf28       0xa2 d:/progra~2/gnuarm~1/102021~1.10/bin/../lib/gcc/arm-none-eabi/10.3.1/../../../../arm-none-eabi/lib/thumb/v7-m/nofp\libg.a(lib_a-dtoa.o)
                                 0xa6 (size before relaxing)
 *fill*         0x0800bfca        0x2 
 .rodata.__multadd.str1.4
                0x0800bfcc       0x7f d:/progra~2/gnuarm~1/102021~1.10/bin/../lib/gcc/arm-none-eabi/10.3.1/../../../../arm-none-eabi/lib/thumb/v7-m/nofp\libg.a(lib_a-mprec.o)
                                 0x93 (size before relaxing)
 *fill*         0x0800c04b        0x5 
 .rodata.__mprec_bigtens
                0x0800c050       0x28 d:/progra~2/gnuarm~1/102021~1.10/bin/../lib/gcc/arm-none-eabi/10.3.1/../../../../arm-none-eabi/lib/thumb/v7-m/nofp\libg.a(lib_a-mprec.o)
                0x0800c050                __mprec_bigtens
 .rodata.__mprec_tens
                0x0800c078       0xc8 d:/progra~2/gnuarm~1/102021~1.10/bin/../lib/gcc/arm-none-eabi/10.3.1/../../../../arm-none-eabi/lib/thumb/v7-m/nofp\libg.a(lib_a-mprec.o)
                0x0800c078                __mprec_tens
 .rodata.p05.0  0x0800c140        0xc d:/progra~2/gnuarm~1/102021~1.10/bin/../lib/gcc/arm-none-eabi/10.3.1/../../../../arm-none-eabi/lib/thumb/v7-m/nofp\libg.a(lib_a-mprec.o)
 .rodata._vfiprintf_r.str1.4
                0x0800c14c       0x2f d:/progra~2/gnuarm~1/102021~1.10/bin/../lib/gcc/arm-none-eabi/10.3.1/../../../../arm-none-eabi/lib/thumb/v7-m/nofp\libg.a(lib_a-vfiprintf.o)
 .rodata.blanks.1
                0x0800c14c       0x10 d:/progra~2/gnuarm~1/102021~1.10/bin/../lib/gcc/arm-none-eabi/10.3.1/../../../../arm-none-eabi/lib/thumb/v7-m/nofp\libg.a(lib_a-vfiprintf.o)
 .rodata.zeroes.0
                0x0800c15c       0x10 d:/progra~2/gnuarm~1/102021~1.10/bin/../lib/gcc/arm-none-eabi/10.3.1/../../../../arm-none-eabi/lib/thumb/v7-m/nofp\libg.a(lib_a-vfiprintf.o)
 .rodata.__assert_func.str1.4
                0x0800c16c       0x3f d:/progra~2/gnuarm~1/102021~1.10/bin/../lib/gcc/arm-none-eabi/10.3.1/../../../../arm-none-eabi/lib/thumb/v7-m/nofp\libg.a(lib_a-assert.o)
                                 0x43 (size before relaxing)
 *fill*         0x0800c1ab        0x1 
 .rodata._setlocale_r.str1.4
                0x0800c1ac        0xa d:/progra~2/gnuarm~1/102021~1.10/bin/../lib/gcc/arm-none-eabi/10.3.1/../../../../arm-none-eabi/lib/thumb/v7-m/nofp\libg.a(lib_a-locale.o)
                                  0xd (size before relaxing)
 *fill*         0x0800c1b6        0x2 
 .rodata.str1.4
                0x0800c1b8        0x2 d:/progra~2/gnuarm~1/102021~1.10/bin/../lib/gcc/arm-none-eabi/10.3.1/../../../../arm-none-eabi/lib/thumb/v7-m/nofp\libg.a(lib_a-locale.o)
 *fill*         0x0800c1ba        0x2 
 .rodata._ctype_
                0x0800c1bc      0x101 d:/progra~2/gnuarm~1/102021~1.10/bin/../lib/gcc/arm-none-eabi/10.3.1/../../../../arm-none-eabi/lib/thumb/v7-m/nofp\libg.a(lib_a-ctype_.o)
                0x0800c1bc                _ctype_
                0x0800c2c0                . = ALIGN (0x4)
 *fill*         0x0800c2bd        0x3 

.ARM.extab      0x0800c2c0       0x24
                0x0800c2c0                . = ALIGN (0x4)
 *(.ARM.extab* .gnu.linkonce.armextab.*)
 .ARM.extab.text.Main_Thread
                0x0800c2c0        0xc CMakeFiles/FOC.elf.dir/Drivers/FOC/MainThread.cpp.obj
 .ARM.extab     0x0800c2cc       0x18 d:/progra~2/gnuarm~1/102021~1.10/bin/../lib/gcc/arm-none-eabi/10.3.1/thumb/v7-m/nofp\libgcc.a(pr-support.o)
                0x0800c2e4                . = ALIGN (0x4)

.ARM            0x0800c2e4      0x108
                0x0800c2e4                . = ALIGN (0x4)
                0x0800c2e4                __exidx_start = .
 *(.ARM.exidx*)
 .ARM.exidx.text._ZN3FOC4InitEv
                0x0800c39c        0x8 CMakeFiles/FOC.elf.dir/Drivers/FOC/FOC.cpp.obj
 .ARM.exidx.text._ZN3FOC17ParkTransformaionEP7Vector2fS1_
                0x0800c3a4        0x8 CMakeFiles/FOC.elf.dir/Drivers/FOC/FOC.cpp.obj
 .ARM.exidx.text._ZN3FOC24InverseParkTransformaionEP7Vector2fS1_
                0x0800c3ac        0x8 CMakeFiles/FOC.elf.dir/Drivers/FOC/FOC.cpp.obj
 .ARM.exidx.text._ZN3FOC5SVPWMEP7Vector2fP7Vector3
                0x0800c3b4        0x8 CMakeFiles/FOC.elf.dir/Drivers/FOC/FOC.cpp.obj
 .ARM.exidx.text._ZN3FOC14Encoder_UpdateEv
                0x0800c3bc        0x8 CMakeFiles/FOC.elf.dir/Drivers/FOC/FOC.cpp.obj
 .ARM.exidx.text._ZN3FOC6SetPWME7Vector3
                0x0800c3c4        0x8 CMakeFiles/FOC.elf.dir/Drivers/FOC/FOC.cpp.obj
 .ARM.exidx.text._ZN3FOC6UpdateEv
                0x0800c3cc       0x10 CMakeFiles/FOC.elf.dir/Drivers/FOC/FOC.cpp.obj
                                  0x8 (size before relaxing)
 .ARM.exidx.text.Main_Thread
                0x0800c3dc       0x10 CMakeFiles/FOC.elf.dir/Drivers/FOC/MainThread.cpp.obj
                                  0x8 (size before relaxing)
 .ARM.exidx     0x0800c2e4       0x80 d:/progra~2/gnuarm~1/102021~1.10/bin/../lib/gcc/arm-none-eabi/10.3.1/thumb/v7-m/nofp\libgcc.a(unwind-arm.o)
                                 0xd8 (size before relaxing)
 .ARM.exidx     0x0800c364       0x38 d:/progra~2/gnuarm~1/102021~1.10/bin/../lib/gcc/arm-none-eabi/10.3.1/thumb/v7-m/nofp\libgcc.a(pr-support.o)
 .ARM.exidx     0x0800c39c        0x0 d:/progra~2/gnuarm~1/102021~1.10/bin/../lib/gcc/arm-none-eabi/10.3.1/thumb/v7-m/nofp\libgcc.a(_udivmoddi4.o)
                                  0x8 (size before relaxing)
                0x0800c3ec                __exidx_end = .
                0x0800c3ec                . = ALIGN (0x4)

.rel.dyn        0x0800c3ec        0x0
 .rel.iplt      0x0800c3ec        0x0 d:/progra~2/gnuarm~1/102021~1.10/bin/../lib/gcc/arm-none-eabi/10.3.1/thumb/v7-m/nofp/crtbegin.o

.preinit_array  0x0800c3ec        0x0
                0x0800c3ec                . = ALIGN (0x4)
                0x0800c3ec                PROVIDE (__preinit_array_start = .)
 *(.preinit_array*)
                0x0800c3ec                PROVIDE (__preinit_array_end = .)
                0x0800c3ec                . = ALIGN (0x4)

.init_array     0x0800c3ec        0x8
                0x0800c3ec                . = ALIGN (0x4)
                0x0800c3ec                PROVIDE (__init_array_start = .)
 *(SORT_BY_NAME(.init_array.*))
 .init_array.00000
                0x0800c3ec        0x4 d:/progra~2/gnuarm~1/102021~1.10/bin/../lib/gcc/arm-none-eabi/10.3.1/../../../../arm-none-eabi/lib/thumb/v7-m/nofp\libg.a(lib_a-__call_atexit.o)
 *(.init_array*)
 .init_array    0x0800c3f0        0x4 d:/progra~2/gnuarm~1/102021~1.10/bin/../lib/gcc/arm-none-eabi/10.3.1/thumb/v7-m/nofp/crtbegin.o
                0x0800c3f4                PROVIDE (__init_array_end = .)
                0x0800c3f4                . = ALIGN (0x4)

.fini_array     0x0800c3f4        0x4
                0x0800c3f4                . = ALIGN (0x4)
                0x0800c3f4                PROVIDE (__fini_array_start = .)
 *(SORT_BY_NAME(.fini_array.*))
 *(.fini_array*)
 .fini_array    0x0800c3f4        0x4 d:/progra~2/gnuarm~1/102021~1.10/bin/../lib/gcc/arm-none-eabi/10.3.1/thumb/v7-m/nofp/crtbegin.o
                0x0800c3f8                PROVIDE (__fini_array_end = .)
                0x0800c3f8                . = ALIGN (0x4)
                0x0800c3f8                _sidata = LOADADDR (.data)

.data           0x20000000      0xdc0 load address 0x0800c3f8
                0x20000000                . = ALIGN (0x4)
                0x20000000                _sdata = .
 *(.data)
 *(.data*)
 .data.SystemCoreClock
                0x20000000        0x4 CMakeFiles/FOC.elf.dir/Core/Src/system_stm32f1xx.c.obj
                0x20000000                SystemCoreClock
 .data.Target   0x20000004        0x4 CMakeFiles/FOC.elf.dir/Drivers/FOC/FOC.cpp.obj
                0x20000004                Target
 .data.SIN_TABLE
                0x20000008      0x404 CMakeFiles/FOC.elf.dir/Drivers/FOC/Function.c.obj
                0x20000008                SIN_TABLE
 .data.uwTickFreq
                0x2000040c        0x1 CMakeFiles/FOC.elf.dir/Drivers/STM32F1xx_HAL_Driver/Src/stm32f1xx_hal.c.obj
                0x2000040c                uwTickFreq
 *fill*         0x2000040d        0x3 
 .data.uwTickPrio
                0x20000410        0x4 CMakeFiles/FOC.elf.dir/Drivers/STM32F1xx_HAL_Driver/Src/stm32f1xx_hal.c.obj
                0x20000410                uwTickPrio
 .data._impure_ptr
                0x20000414        0x4 d:/progra~2/gnuarm~1/102021~1.10/bin/../lib/gcc/arm-none-eabi/10.3.1/../../../../arm-none-eabi/lib/thumb/v7-m/nofp\libg.a(lib_a-impure.o)
                0x20000414                _impure_ptr
 .data.impure_data
                0x20000418      0x428 d:/progra~2/gnuarm~1/102021~1.10/bin/../lib/gcc/arm-none-eabi/10.3.1/../../../../arm-none-eabi/lib/thumb/v7-m/nofp\libg.a(lib_a-impure.o)
 .data.__atexit_recursive_mutex
                0x20000840        0x4 d:/progra~2/gnuarm~1/102021~1.10/bin/../lib/gcc/arm-none-eabi/10.3.1/../../../../arm-none-eabi/lib/thumb/v7-m/nofp\libg.a(lib_a-__call_atexit.o)
                0x20000840                __atexit_recursive_mutex
 .data.__malloc_av_
                0x20000844      0x408 d:/progra~2/gnuarm~1/102021~1.10/bin/../lib/gcc/arm-none-eabi/10.3.1/../../../../arm-none-eabi/lib/thumb/v7-m/nofp\libg.a(lib_a-mallocr.o)
                0x20000844                __malloc_av_
 .data.__malloc_sbrk_base
                0x20000c4c        0x4 d:/progra~2/gnuarm~1/102021~1.10/bin/../lib/gcc/arm-none-eabi/10.3.1/../../../../arm-none-eabi/lib/thumb/v7-m/nofp\libg.a(lib_a-mallocr.o)
                0x20000c4c                __malloc_sbrk_base
 .data.__malloc_trim_threshold
                0x20000c50        0x4 d:/progra~2/gnuarm~1/102021~1.10/bin/../lib/gcc/arm-none-eabi/10.3.1/../../../../arm-none-eabi/lib/thumb/v7-m/nofp\libg.a(lib_a-mallocr.o)
                0x20000c50                __malloc_trim_threshold
 .data.__global_locale
                0x20000c54      0x16c d:/progra~2/gnuarm~1/102021~1.10/bin/../lib/gcc/arm-none-eabi/10.3.1/../../../../arm-none-eabi/lib/thumb/v7-m/nofp\libg.a(lib_a-locale.o)
                0x20000c54                __global_locale
 *(.RamFunc)
 *(.RamFunc*)
                0x20000dc0                . = ALIGN (0x4)
                0x20000dc0                _edata = .

.igot.plt       0x20000dc0        0x0 load address 0x0800d1b8
 .igot.plt      0x20000dc0        0x0 d:/progra~2/gnuarm~1/102021~1.10/bin/../lib/gcc/arm-none-eabi/10.3.1/thumb/v7-m/nofp/crtbegin.o
                0x20000dc0                . = ALIGN (0x4)

.bss            0x20000dc0      0x2dc load address 0x0800d1b8
                0x20000dc0                _sbss = .
                0x20000dc0                __bss_start__ = _sbss
 *(.bss)
 .bss           0x20000dc0       0x1c d:/progra~2/gnuarm~1/102021~1.10/bin/../lib/gcc/arm-none-eabi/10.3.1/thumb/v7-m/nofp/crtbegin.o
 *(.bss*)
 .bss.hadc1     0x20000ddc       0x30 CMakeFiles/FOC.elf.dir/Core/Src/adc.c.obj
                0x20000ddc                hadc1
 .bss.hdma_adc1
                0x20000e0c       0x44 CMakeFiles/FOC.elf.dir/Core/Src/adc.c.obj
                0x20000e0c                hdma_adc1
 .bss.hcan      0x20000e50       0x28 CMakeFiles/FOC.elf.dir/Core/Src/can.c.obj
                0x20000e50                hcan
 .bss.hspi1     0x20000e78       0x58 CMakeFiles/FOC.elf.dir/Core/Src/spi.c.obj
                0x20000e78                hspi1
 .bss.__sbrk_heap_end
                0x20000ed0        0x4 CMakeFiles/FOC.elf.dir/Core/Src/sysmem.c.obj
 .bss.htim1     0x20000ed4       0x48 CMakeFiles/FOC.elf.dir/Core/Src/tim.c.obj
                0x20000ed4                htim1
 .bss.hdma_usart1_rx
                0x20000f1c       0x44 CMakeFiles/FOC.elf.dir/Core/Src/usart.c.obj
                0x20000f1c                hdma_usart1_rx
 .bss.hdma_usart1_tx
                0x20000f60       0x44 CMakeFiles/FOC.elf.dir/Core/Src/usart.c.obj
                0x20000f60                hdma_usart1_tx
 .bss.huart1    0x20000fa4       0x48 CMakeFiles/FOC.elf.dir/Core/Src/usart.c.obj
                0x20000fa4                huart1
 .bss._registers
                0x20000fec       0x10 CMakeFiles/FOC.elf.dir/Drivers/FOC/DTek_TLE5012B.c.obj
                0x20000fec                _registers
 .bss.shaft_angle
                0x20000ffc        0x4 CMakeFiles/FOC.elf.dir/Drivers/FOC/FOC.cpp.obj
                0x20000ffc                shaft_angle
 .bss.timestamp
                0x20001000        0x4 CMakeFiles/FOC.elf.dir/Drivers/FOC/FOC.cpp.obj
                0x20001000                timestamp
 .bss.foc       0x20001004       0x4c CMakeFiles/FOC.elf.dir/Drivers/FOC/MainThread.cpp.obj
                0x20001004                foc
 .bss.uwTick    0x20001050        0x4 CMakeFiles/FOC.elf.dir/Drivers/STM32F1xx_HAL_Driver/Src/stm32f1xx_hal.c.obj
                0x20001050                uwTick
 .bss.__lock___atexit_recursive_mutex
                0x20001054        0x1 d:/progra~2/gnuarm~1/102021~1.10/bin/../lib/gcc/arm-none-eabi/10.3.1/../../../../arm-none-eabi/lib/thumb/v7-m/nofp\libg.a(lib_a-lock.o)
                0x20001054                __lock___atexit_recursive_mutex
 *fill*         0x20001055        0x3 
 .bss.__lock___malloc_recursive_mutex
                0x20001058        0x1 d:/progra~2/gnuarm~1/102021~1.10/bin/../lib/gcc/arm-none-eabi/10.3.1/../../../../arm-none-eabi/lib/thumb/v7-m/nofp\libg.a(lib_a-lock.o)
                0x20001058                __lock___malloc_recursive_mutex
 *fill*         0x20001059        0x3 
 .bss.__lock___sfp_recursive_mutex
                0x2000105c        0x1 d:/progra~2/gnuarm~1/102021~1.10/bin/../lib/gcc/arm-none-eabi/10.3.1/../../../../arm-none-eabi/lib/thumb/v7-m/nofp\libg.a(lib_a-lock.o)
                0x2000105c                __lock___sfp_recursive_mutex
 *fill*         0x2000105d        0x3 
 .bss.__lock___sinit_recursive_mutex
                0x20001060        0x1 d:/progra~2/gnuarm~1/102021~1.10/bin/../lib/gcc/arm-none-eabi/10.3.1/../../../../arm-none-eabi/lib/thumb/v7-m/nofp\libg.a(lib_a-lock.o)
                0x20001060                __lock___sinit_recursive_mutex
 *fill*         0x20001061        0x3 
 .bss.__malloc_current_mallinfo
                0x20001064       0x28 d:/progra~2/gnuarm~1/102021~1.10/bin/../lib/gcc/arm-none-eabi/10.3.1/../../../../arm-none-eabi/lib/thumb/v7-m/nofp\libg.a(lib_a-mallocr.o)
                0x20001064                __malloc_current_mallinfo
 .bss.__malloc_max_sbrked_mem
                0x2000108c        0x4 d:/progra~2/gnuarm~1/102021~1.10/bin/../lib/gcc/arm-none-eabi/10.3.1/../../../../arm-none-eabi/lib/thumb/v7-m/nofp\libg.a(lib_a-mallocr.o)
                0x2000108c                __malloc_max_sbrked_mem
 .bss.__malloc_max_total_mem
                0x20001090        0x4 d:/progra~2/gnuarm~1/102021~1.10/bin/../lib/gcc/arm-none-eabi/10.3.1/../../../../arm-none-eabi/lib/thumb/v7-m/nofp\libg.a(lib_a-mallocr.o)
                0x20001090                __malloc_max_total_mem
 .bss.__malloc_top_pad
                0x20001094        0x4 d:/progra~2/gnuarm~1/102021~1.10/bin/../lib/gcc/arm-none-eabi/10.3.1/../../../../arm-none-eabi/lib/thumb/v7-m/nofp\libg.a(lib_a-mallocr.o)
                0x20001094                __malloc_top_pad
 .bss.errno     0x20001098        0x4 d:/progra~2/gnuarm~1/102021~1.10/bin/../lib/gcc/arm-none-eabi/10.3.1/../../../../arm-none-eabi/lib/thumb/v7-m/nofp\libg.a(lib_a-reent.o)
                0x20001098                errno
 *(COMMON)
                0x2000109c                . = ALIGN (0x4)
                0x2000109c                _ebss = .
                0x2000109c                __bss_end__ = _ebss

._user_heap_stack
                0x2000109c      0x604 load address 0x0800d1b8
                0x200010a0                . = ALIGN (0x8)
 *fill*         0x2000109c        0x4 
                [!provide]                PROVIDE (end = .)
                0x200010a0                PROVIDE (_end = .)
                0x200012a0                . = (. + _Min_Heap_Size)
 *fill*         0x200010a0      0x200 
                0x200016a0                . = (. + _Min_Stack_Size)
 *fill*         0x200012a0      0x400 
                0x200016a0                . = ALIGN (0x8)

/DISCARD/
 libc.a(*)
 libm.a(*)
 libgcc.a(*)

.ARM.attributes
                0x00000000       0x29
 *(.ARM.attributes)
 .ARM.attributes
                0x00000000       0x1d d:/progra~2/gnuarm~1/102021~1.10/bin/../lib/gcc/arm-none-eabi/10.3.1/thumb/v7-m/nofp/crti.o
 .ARM.attributes
                0x0000001d       0x2d d:/progra~2/gnuarm~1/102021~1.10/bin/../lib/gcc/arm-none-eabi/10.3.1/thumb/v7-m/nofp/crtbegin.o
 .ARM.attributes
                0x0000004a       0x2d CMakeFiles/FOC.elf.dir/Core/Src/adc.c.obj
 .ARM.attributes
                0x00000077       0x2d CMakeFiles/FOC.elf.dir/Core/Src/can.c.obj
 .ARM.attributes
                0x000000a4       0x2d CMakeFiles/FOC.elf.dir/Core/Src/dma.c.obj
 .ARM.attributes
                0x000000d1       0x2d CMakeFiles/FOC.elf.dir/Core/Src/gpio.c.obj
 .ARM.attributes
                0x000000fe       0x2d CMakeFiles/FOC.elf.dir/Core/Src/main.c.obj
 .ARM.attributes
                0x0000012b       0x2d CMakeFiles/FOC.elf.dir/Core/Src/spi.c.obj
 .ARM.attributes
                0x00000158       0x2d CMakeFiles/FOC.elf.dir/Core/Src/stm32f1xx_hal_msp.c.obj
 .ARM.attributes
                0x00000185       0x2d CMakeFiles/FOC.elf.dir/Core/Src/stm32f1xx_it.c.obj
 .ARM.attributes
                0x000001b2       0x2d CMakeFiles/FOC.elf.dir/Core/Src/syscalls.c.obj
 .ARM.attributes
                0x000001df       0x2d CMakeFiles/FOC.elf.dir/Core/Src/sysmem.c.obj
 .ARM.attributes
                0x0000020c       0x2d CMakeFiles/FOC.elf.dir/Core/Src/system_stm32f1xx.c.obj
 .ARM.attributes
                0x00000239       0x2d CMakeFiles/FOC.elf.dir/Core/Src/tim.c.obj
 .ARM.attributes
                0x00000266       0x2d CMakeFiles/FOC.elf.dir/Core/Src/usart.c.obj
 .ARM.attributes
                0x00000293       0x2d CMakeFiles/FOC.elf.dir/Core/Src/utilities.c.obj
 .ARM.attributes
                0x000002c0       0x21 CMakeFiles/FOC.elf.dir/Core/Startup/startup_stm32f103c8tx.s.obj
 .ARM.attributes
                0x000002e1       0x2d CMakeFiles/FOC.elf.dir/Drivers/FOC/DTek_TLE5012B.c.obj
 .ARM.attributes
                0x0000030e       0x2d CMakeFiles/FOC.elf.dir/Drivers/FOC/FOC.cpp.obj
 .ARM.attributes
                0x0000033b       0x2d CMakeFiles/FOC.elf.dir/Drivers/FOC/Function.c.obj
 .ARM.attributes
                0x00000368       0x2d CMakeFiles/FOC.elf.dir/Drivers/FOC/MainThread.cpp.obj
 .ARM.attributes
                0x00000395       0x2d CMakeFiles/FOC.elf.dir/Drivers/FOC/Time_utils.c.obj
 .ARM.attributes
                0x000003c2       0x2d CMakeFiles/FOC.elf.dir/Drivers/STM32F1xx_HAL_Driver/Src/stm32f1xx_hal.c.obj
 .ARM.attributes
                0x000003ef       0x2d CMakeFiles/FOC.elf.dir/Drivers/STM32F1xx_HAL_Driver/Src/stm32f1xx_hal_adc.c.obj
 .ARM.attributes
                0x0000041c       0x2d CMakeFiles/FOC.elf.dir/Drivers/STM32F1xx_HAL_Driver/Src/stm32f1xx_hal_can.c.obj
 .ARM.attributes
                0x00000449       0x2d CMakeFiles/FOC.elf.dir/Drivers/STM32F1xx_HAL_Driver/Src/stm32f1xx_hal_cortex.c.obj
 .ARM.attributes
                0x00000476       0x2d CMakeFiles/FOC.elf.dir/Drivers/STM32F1xx_HAL_Driver/Src/stm32f1xx_hal_dma.c.obj
 .ARM.attributes
                0x000004a3       0x2d CMakeFiles/FOC.elf.dir/Drivers/STM32F1xx_HAL_Driver/Src/stm32f1xx_hal_gpio.c.obj
 .ARM.attributes
                0x000004d0       0x2d CMakeFiles/FOC.elf.dir/Drivers/STM32F1xx_HAL_Driver/Src/stm32f1xx_hal_rcc.c.obj
 .ARM.attributes
                0x000004fd       0x2d CMakeFiles/FOC.elf.dir/Drivers/STM32F1xx_HAL_Driver/Src/stm32f1xx_hal_rcc_ex.c.obj
 .ARM.attributes
                0x0000052a       0x2d CMakeFiles/FOC.elf.dir/Drivers/STM32F1xx_HAL_Driver/Src/stm32f1xx_hal_spi.c.obj
 .ARM.attributes
                0x00000557       0x2d CMakeFiles/FOC.elf.dir/Drivers/STM32F1xx_HAL_Driver/Src/stm32f1xx_hal_tim.c.obj
 .ARM.attributes
                0x00000584       0x2d CMakeFiles/FOC.elf.dir/Drivers/STM32F1xx_HAL_Driver/Src/stm32f1xx_hal_tim_ex.c.obj
 .ARM.attributes
                0x000005b1       0x2d CMakeFiles/FOC.elf.dir/Drivers/STM32F1xx_HAL_Driver/Src/stm32f1xx_hal_uart.c.obj
 .ARM.attributes
                0x000005de       0x2d d:/progra~2/gnuarm~1/102021~1.10/bin/../lib/gcc/arm-none-eabi/10.3.1/../../../../arm-none-eabi/lib/thumb/v7-m/nofp\libm.a(lib_a-w_fmod.o)
 .ARM.attributes
                0x0000060b       0x2d d:/progra~2/gnuarm~1/102021~1.10/bin/../lib/gcc/arm-none-eabi/10.3.1/../../../../arm-none-eabi/lib/thumb/v7-m/nofp\libm.a(lib_a-e_fmod.o)
 .ARM.attributes
                0x00000638       0x1d d:/progra~2/gnuarm~1/102021~1.10/bin/../lib/gcc/arm-none-eabi/10.3.1/thumb/v7-m/nofp\libgcc.a(_arm_addsubdf3.o)
 .ARM.attributes
                0x00000655       0x1d d:/progra~2/gnuarm~1/102021~1.10/bin/../lib/gcc/arm-none-eabi/10.3.1/thumb/v7-m/nofp\libgcc.a(_arm_muldivdf3.o)
 .ARM.attributes
                0x00000672       0x1d d:/progra~2/gnuarm~1/102021~1.10/bin/../lib/gcc/arm-none-eabi/10.3.1/thumb/v7-m/nofp\libgcc.a(_arm_cmpdf2.o)
 .ARM.attributes
                0x0000068f       0x1d d:/progra~2/gnuarm~1/102021~1.10/bin/../lib/gcc/arm-none-eabi/10.3.1/thumb/v7-m/nofp\libgcc.a(_arm_unorddf2.o)
 .ARM.attributes
                0x000006ac       0x1d d:/progra~2/gnuarm~1/102021~1.10/bin/../lib/gcc/arm-none-eabi/10.3.1/thumb/v7-m/nofp\libgcc.a(_arm_truncdfsf2.o)
 .ARM.attributes
                0x000006c9       0x1d d:/progra~2/gnuarm~1/102021~1.10/bin/../lib/gcc/arm-none-eabi/10.3.1/thumb/v7-m/nofp\libgcc.a(_arm_addsubsf3.o)
 .ARM.attributes
                0x000006e6       0x1d d:/progra~2/gnuarm~1/102021~1.10/bin/../lib/gcc/arm-none-eabi/10.3.1/thumb/v7-m/nofp\libgcc.a(_arm_muldivsf3.o)
 .ARM.attributes
                0x00000703       0x1d d:/progra~2/gnuarm~1/102021~1.10/bin/../lib/gcc/arm-none-eabi/10.3.1/thumb/v7-m/nofp\libgcc.a(_arm_cmpsf2.o)
 .ARM.attributes
                0x00000720       0x1d d:/progra~2/gnuarm~1/102021~1.10/bin/../lib/gcc/arm-none-eabi/10.3.1/thumb/v7-m/nofp\libgcc.a(_arm_fixsfsi.o)
 .ARM.attributes
                0x0000073d       0x1d d:/progra~2/gnuarm~1/102021~1.10/bin/../lib/gcc/arm-none-eabi/10.3.1/thumb/v7-m/nofp\libgcc.a(_arm_fixunssfsi.o)
 .ARM.attributes
                0x0000075a       0x2d d:/progra~2/gnuarm~1/102021~1.10/bin/../lib/gcc/arm-none-eabi/10.3.1/thumb/v7-m/nofp\libgcc.a(unwind-arm.o)
 .ARM.attributes
                0x00000787       0x1d d:/progra~2/gnuarm~1/102021~1.10/bin/../lib/gcc/arm-none-eabi/10.3.1/thumb/v7-m/nofp\libgcc.a(libunwind.o)
 .ARM.attributes
                0x000007a4       0x2d d:/progra~2/gnuarm~1/102021~1.10/bin/../lib/gcc/arm-none-eabi/10.3.1/thumb/v7-m/nofp\libgcc.a(pr-support.o)
 .ARM.attributes
                0x000007d1       0x2d d:/progra~2/gnuarm~1/102021~1.10/bin/../lib/gcc/arm-none-eabi/10.3.1/../../../../arm-none-eabi/lib/thumb/v7-m/nofp\libg.a(lib_a-abort.o)
 .ARM.attributes
                0x000007fe       0x2d d:/progra~2/gnuarm~1/102021~1.10/bin/../lib/gcc/arm-none-eabi/10.3.1/../../../../arm-none-eabi/lib/thumb/v7-m/nofp\libg.a(lib_a-errno.o)
 .ARM.attributes
                0x0000082b       0x2d d:/progra~2/gnuarm~1/102021~1.10/bin/../lib/gcc/arm-none-eabi/10.3.1/../../../../arm-none-eabi/lib/thumb/v7-m/nofp\libg.a(lib_a-impure.o)
 .ARM.attributes
                0x00000858       0x2d d:/progra~2/gnuarm~1/102021~1.10/bin/../lib/gcc/arm-none-eabi/10.3.1/../../../../arm-none-eabi/lib/thumb/v7-m/nofp\libg.a(lib_a-init.o)
 .ARM.attributes
                0x00000885       0x1b d:/progra~2/gnuarm~1/102021~1.10/bin/../lib/gcc/arm-none-eabi/10.3.1/../../../../arm-none-eabi/lib/thumb/v7-m/nofp\libg.a(lib_a-memcpy.o)
 .ARM.attributes
                0x000008a0       0x2d d:/progra~2/gnuarm~1/102021~1.10/bin/../lib/gcc/arm-none-eabi/10.3.1/../../../../arm-none-eabi/lib/thumb/v7-m/nofp\libg.a(lib_a-memset.o)
 .ARM.attributes
                0x000008cd       0x2d d:/progra~2/gnuarm~1/102021~1.10/bin/../lib/gcc/arm-none-eabi/10.3.1/../../../../arm-none-eabi/lib/thumb/v7-m/nofp\libg.a(lib_a-printf.o)
 .ARM.attributes
                0x000008fa       0x2d d:/progra~2/gnuarm~1/102021~1.10/bin/../lib/gcc/arm-none-eabi/10.3.1/../../../../arm-none-eabi/lib/thumb/v7-m/nofp\libg.a(lib_a-signal.o)
 .ARM.attributes
                0x00000927       0x2d d:/progra~2/gnuarm~1/102021~1.10/bin/../lib/gcc/arm-none-eabi/10.3.1/../../../../arm-none-eabi/lib/thumb/v7-m/nofp\libg.a(lib_a-signalr.o)
 .ARM.attributes
                0x00000954       0x2d d:/progra~2/gnuarm~1/102021~1.10/bin/../lib/gcc/arm-none-eabi/10.3.1/../../../../arm-none-eabi/lib/thumb/v7-m/nofp\libg.a(lib_a-vfprintf.o)
 .ARM.attributes
                0x00000981       0x2d d:/progra~2/gnuarm~1/102021~1.10/bin/../lib/gcc/arm-none-eabi/10.3.1/../../../../arm-none-eabi/lib/thumb/v7-m/nofp\libg.a(lib_a-wsetup.o)
 .ARM.attributes
                0x000009ae       0x2d d:/progra~2/gnuarm~1/102021~1.10/bin/../lib/gcc/arm-none-eabi/10.3.1/../../../../arm-none-eabi/lib/thumb/v7-m/nofp\libg.a(lib_a-__call_atexit.o)
 .ARM.attributes
                0x000009db       0x2d d:/progra~2/gnuarm~1/102021~1.10/bin/../lib/gcc/arm-none-eabi/10.3.1/../../../../arm-none-eabi/lib/thumb/v7-m/nofp\libg.a(lib_a-atexit.o)
 .ARM.attributes
                0x00000a08       0x2d d:/progra~2/gnuarm~1/102021~1.10/bin/../lib/gcc/arm-none-eabi/10.3.1/../../../../arm-none-eabi/lib/thumb/v7-m/nofp\libg.a(lib_a-dtoa.o)
 .ARM.attributes
                0x00000a35       0x2d d:/progra~2/gnuarm~1/102021~1.10/bin/../lib/gcc/arm-none-eabi/10.3.1/../../../../arm-none-eabi/lib/thumb/v7-m/nofp\libg.a(lib_a-fflush.o)
 .ARM.attributes
                0x00000a62       0x2d d:/progra~2/gnuarm~1/102021~1.10/bin/../lib/gcc/arm-none-eabi/10.3.1/../../../../arm-none-eabi/lib/thumb/v7-m/nofp\libg.a(lib_a-findfp.o)
 .ARM.attributes
                0x00000a8f       0x2d d:/progra~2/gnuarm~1/102021~1.10/bin/../lib/gcc/arm-none-eabi/10.3.1/../../../../arm-none-eabi/lib/thumb/v7-m/nofp\libg.a(lib_a-fini.o)
 .ARM.attributes
                0x00000abc       0x2d d:/progra~2/gnuarm~1/102021~1.10/bin/../lib/gcc/arm-none-eabi/10.3.1/../../../../arm-none-eabi/lib/thumb/v7-m/nofp\libg.a(lib_a-freer.o)
 .ARM.attributes
                0x00000ae9       0x2d d:/progra~2/gnuarm~1/102021~1.10/bin/../lib/gcc/arm-none-eabi/10.3.1/../../../../arm-none-eabi/lib/thumb/v7-m/nofp\libg.a(lib_a-fwalk.o)
 .ARM.attributes
                0x00000b16       0x2d d:/progra~2/gnuarm~1/102021~1.10/bin/../lib/gcc/arm-none-eabi/10.3.1/../../../../arm-none-eabi/lib/thumb/v7-m/nofp\libg.a(lib_a-localeconv.o)
 .ARM.attributes
                0x00000b43       0x2d d:/progra~2/gnuarm~1/102021~1.10/bin/../lib/gcc/arm-none-eabi/10.3.1/../../../../arm-none-eabi/lib/thumb/v7-m/nofp\libg.a(lib_a-lock.o)
 .ARM.attributes
                0x00000b70       0x2d d:/progra~2/gnuarm~1/102021~1.10/bin/../lib/gcc/arm-none-eabi/10.3.1/../../../../arm-none-eabi/lib/thumb/v7-m/nofp\libg.a(lib_a-makebuf.o)
 .ARM.attributes
                0x00000b9d       0x2d d:/progra~2/gnuarm~1/102021~1.10/bin/../lib/gcc/arm-none-eabi/10.3.1/../../../../arm-none-eabi/lib/thumb/v7-m/nofp\libg.a(lib_a-mallocr.o)
 .ARM.attributes
                0x00000bca       0x2d d:/progra~2/gnuarm~1/102021~1.10/bin/../lib/gcc/arm-none-eabi/10.3.1/../../../../arm-none-eabi/lib/thumb/v7-m/nofp\libg.a(lib_a-memchr-stub.o)
 .ARM.attributes
                0x00000bf7       0x2d d:/progra~2/gnuarm~1/102021~1.10/bin/../lib/gcc/arm-none-eabi/10.3.1/../../../../arm-none-eabi/lib/thumb/v7-m/nofp\libg.a(lib_a-mlock.o)
 .ARM.attributes
                0x00000c24       0x2d d:/progra~2/gnuarm~1/102021~1.10/bin/../lib/gcc/arm-none-eabi/10.3.1/../../../../arm-none-eabi/lib/thumb/v7-m/nofp\libg.a(lib_a-mprec.o)
 .ARM.attributes
                0x00000c51       0x2d d:/progra~2/gnuarm~1/102021~1.10/bin/../lib/gcc/arm-none-eabi/10.3.1/../../../../arm-none-eabi/lib/thumb/v7-m/nofp\libg.a(lib_a-reent.o)
 .ARM.attributes
                0x00000c7e       0x2d d:/progra~2/gnuarm~1/102021~1.10/bin/../lib/gcc/arm-none-eabi/10.3.1/../../../../arm-none-eabi/lib/thumb/v7-m/nofp\libg.a(lib_a-s_frexp.o)
 .ARM.attributes
                0x00000cab       0x2d d:/progra~2/gnuarm~1/102021~1.10/bin/../lib/gcc/arm-none-eabi/10.3.1/../../../../arm-none-eabi/lib/thumb/v7-m/nofp\libg.a(lib_a-sbrkr.o)
 .ARM.attributes
                0x00000cd8       0x2d d:/progra~2/gnuarm~1/102021~1.10/bin/../lib/gcc/arm-none-eabi/10.3.1/../../../../arm-none-eabi/lib/thumb/v7-m/nofp\libg.a(lib_a-stdio.o)
 .ARM.attributes
                0x00000d05       0x2d d:/progra~2/gnuarm~1/102021~1.10/bin/../lib/gcc/arm-none-eabi/10.3.1/../../../../arm-none-eabi/lib/thumb/v7-m/nofp\libg.a(lib_a-strlen-stub.o)
 .ARM.attributes
                0x00000d32       0x2d d:/progra~2/gnuarm~1/102021~1.10/bin/../lib/gcc/arm-none-eabi/10.3.1/../../../../arm-none-eabi/lib/thumb/v7-m/nofp\libg.a(lib_a-strncpy.o)
 .ARM.attributes
                0x00000d5f       0x2d d:/progra~2/gnuarm~1/102021~1.10/bin/../lib/gcc/arm-none-eabi/10.3.1/../../../../arm-none-eabi/lib/thumb/v7-m/nofp\libg.a(lib_a-vfiprintf.o)
 .ARM.attributes
                0x00000d8c       0x2d d:/progra~2/gnuarm~1/102021~1.10/bin/../lib/gcc/arm-none-eabi/10.3.1/../../../../arm-none-eabi/lib/thumb/v7-m/nofp\libg.a(lib_a-writer.o)
 .ARM.attributes
                0x00000db9       0x2d d:/progra~2/gnuarm~1/102021~1.10/bin/../lib/gcc/arm-none-eabi/10.3.1/../../../../arm-none-eabi/lib/thumb/v7-m/nofp\libg.a(lib_a-__atexit.o)
 .ARM.attributes
                0x00000de6       0x2d d:/progra~2/gnuarm~1/102021~1.10/bin/../lib/gcc/arm-none-eabi/10.3.1/../../../../arm-none-eabi/lib/thumb/v7-m/nofp\libg.a(lib_a-assert.o)
 .ARM.attributes
                0x00000e13       0x2d d:/progra~2/gnuarm~1/102021~1.10/bin/../lib/gcc/arm-none-eabi/10.3.1/../../../../arm-none-eabi/lib/thumb/v7-m/nofp\libg.a(lib_a-callocr.o)
 .ARM.attributes
                0x00000e40       0x2d d:/progra~2/gnuarm~1/102021~1.10/bin/../lib/gcc/arm-none-eabi/10.3.1/../../../../arm-none-eabi/lib/thumb/v7-m/nofp\libg.a(lib_a-closer.o)
 .ARM.attributes
                0x00000e6d       0x2d d:/progra~2/gnuarm~1/102021~1.10/bin/../lib/gcc/arm-none-eabi/10.3.1/../../../../arm-none-eabi/lib/thumb/v7-m/nofp\libg.a(lib_a-fclose.o)
 .ARM.attributes
                0x00000e9a       0x2d d:/progra~2/gnuarm~1/102021~1.10/bin/../lib/gcc/arm-none-eabi/10.3.1/../../../../arm-none-eabi/lib/thumb/v7-m/nofp\libg.a(lib_a-fiprintf.o)
 .ARM.attributes
                0x00000ec7       0x2d d:/progra~2/gnuarm~1/102021~1.10/bin/../lib/gcc/arm-none-eabi/10.3.1/../../../../arm-none-eabi/lib/thumb/v7-m/nofp\libg.a(lib_a-fputwc.o)